******************************************************************************
                  MSP430 Linker PC v20.2.5                     
******************************************************************************
>> Linked Wed Dec 15 23:45:36 2021

OUTPUT FILE NAME:   <TopLevel_Embedded.out>
ENTRY POINT SYMBOL: "_c_int00_noargs"  address: 0000e0d8


MEMORY CONFIGURATION

         name            origin    length      used     unused   attr    fill
----------------------  --------  ---------  --------  --------  ----  --------
  SFR                   00000000   00000010  00000000  00000010  RWIX
  PERIPHERALS_8BIT      00000010   000000f0  00000000  000000f0  RWIX
  PERIPHERALS_16BIT     00000100   00000100  00000000  00000100  RWIX
  RAM                   00000200   00000200  0000015f  000000a1  RWIX
  INFOD                 00001000   00000040  00000000  00000040  RWIX
  INFOC                 00001040   00000040  00000000  00000040  RWIX
  INFOB                 00001080   00000040  00000000  00000040  RWIX
  INFOA                 000010c0   00000040  00000000  00000040  RWIX
  FLASH                 0000c000   00003fde  0000253e  00001aa0  RWIX
  BSLSIGNATURE          0000ffde   00000002  00000002  00000000  RWIX  ffff 
  INT00                 0000ffe0   00000002  00000002  00000000  RWIX
  INT01                 0000ffe2   00000002  00000000  00000002  RWIX
  INT02                 0000ffe4   00000002  00000002  00000000  RWIX
  INT03                 0000ffe6   00000002  00000002  00000000  RWIX
  INT04                 0000ffe8   00000002  00000000  00000002  RWIX
  INT05                 0000ffea   00000002  00000002  00000000  RWIX
  INT06                 0000ffec   00000002  00000002  00000000  RWIX
  INT07                 0000ffee   00000002  00000002  00000000  RWIX
  INT08                 0000fff0   00000002  00000002  00000000  RWIX
  INT09                 0000fff2   00000002  00000002  00000000  RWIX
  INT10                 0000fff4   00000002  00000002  00000000  RWIX
  INT11                 0000fff6   00000002  00000002  00000000  RWIX
  INT12                 0000fff8   00000002  00000002  00000000  RWIX
  INT13                 0000fffa   00000002  00000002  00000000  RWIX
  INT14                 0000fffc   00000002  00000002  00000000  RWIX
  RESET                 0000fffe   00000002  00000002  00000000  RWIX


SECTION ALLOCATION MAP

 output                                  attributes/
section   page    origin      length       input sections
--------  ----  ----------  ----------   ----------------
.bss       0    00000200    000000e5     UNINITIALIZED
                  00000200    00000064     (.common:result)
                  00000264    00000024     BME280.obj (.bss:mCalibrationData)
                  00000288    00000012     (.common:buffer)
                  0000029a    0000000a     (.common:humidChar)
                  000002a4    0000000a     (.common:lightChar)
                  000002ae    0000000a     (.common:moistChar)
                  000002b8    0000000a     (.common:pressChar)
                  000002c2    0000000a     (.common:tempChar)
                  000002cc    00000004     (.common:lightLevel)
                  000002d0    00000004     (.common:light_Raw)
                  000002d4    00000004     (.common:t_fine)
                  000002d8    00000004     (.common:waterLevel)
                  000002dc    00000004     (.common:water_Raw)
                  000002e0    00000002     (.common:TI_receive_field)
                  000002e2    00000002     (.common:TI_transmit_field)
                  000002e4    00000001     (.common:byteCtr)

.data      0    000002e6    0000002a     UNINITIALIZED
                  000002e6    00000025     main.obj (.data:num$1)
                  0000030b    00000001     TI_USCI_I2C_master.obj (.data)
                  0000030c    00000004     main.obj (.data)

.stack     0    000003b0    00000050     UNINITIALIZED
                  000003b0    00000002     rts430_eabi.lib : boot.c.obj (.stack)
                  000003b2    0000004e     --HOLE--

.text      0    0000c000    000022aa     
                  0000c000    0000069a     main.obj (.text:main)
                  0000c69a    00000360     rts430_eabi.lib : div64u.c.obj (.text:__mspabi_divull)
                  0000c9fa    00000336     BME280.obj (.text:BME280_compensate_P_int64)
                  0000cd30    000001b4     BME280.obj (.text:BME280_read)
                  0000cee4    00000168     BME280.obj (.text:BME280_readCalibrationValues)
                  0000d04c    00000148     rts430_eabi.lib : div64s.c.obj (.text:__mspabi_divlli)
                  0000d194    0000012c     BME280.obj (.text:BME280_compensate_H_int32)
                  0000d2c0    00000116     rts430_eabi.lib : _printfi_min.c.obj (.text:_setfield)
                  0000d3d6    00000114                     : mult64.asm.obj (.text:__mpyll)
                  0000d4ea    000000ec                     : _printfi_min.c.obj (.text:__TI_printfi_minimal)
                  0000d5d6    000000ce     ssd1306.obj (.text:ssd1306_init)
                  0000d6a4    000000ca     rts430_eabi.lib : _printfi_min.c.obj (.text:_pproc_diouxp)
                  0000d76e    000000a4     BME280.obj (.text:BME280_compensate_T_int32)
                  0000d812    0000007c     rts430_eabi.lib : copy_decompress_lzss.c.obj (.text:decompress:lzss:__TI_decompress_lzss)
                  0000d88e    00000078     ssd1306.obj (.text:ssd1306_printText)
                  0000d906    00000068     main.obj (.text:itoa)
                  0000d96e    00000064     TI_USCI_I2C_master.obj (.text:USCIAB0TX_ISR)
                  0000d9d2    0000005c     i2c.obj (.text:i2c_readAddress)
                  0000da2e    0000005c     rts430_eabi.lib : lsr32.asm.obj (.text:l_lsr_const)
                  0000da8a    00000058                     : div32u.asm.obj (.text)
                  0000dae2    00000054     BME280.obj (.text:BME280_init)
                  0000db36    00000050     main.obj (.text:display_startup)
                  0000db86    0000004c     rts430_eabi.lib : lsr16.asm.obj (.text)
                  0000dbd2    0000004c     ssd1306.obj (.text:ssd1306_clearDisplay)
                  0000dc1e    0000004a     rts430_eabi.lib : asr64.c.obj (.text:__mspabi_srall)
                  0000dc68    00000048     ssd1306.obj (.text:ssd1306_setPosition)
                  0000dcb0    00000046     rts430_eabi.lib : lsr64.c.obj (.text:__mspabi_srlll)
                  0000dcf6    00000044                     : lsl64.c.obj (.text:__mspabi_sllll)
                  0000dd3a    00000042                     : autoinit.c.obj (.text:__TI_auto_init_nobinit_nopinit:__TI_auto_init_nobinit_nopinit)
                  0000dd7c    00000040                     : div32s.asm.obj (.text)
                  0000ddbc    0000003e                     : asr32.asm.obj (.text:l_asr_const)
                  0000ddfa    0000003e                     : lsl32.asm.obj (.text:l_lsl_const)
                  0000de38    00000038     TI_USCI_I2C_master.obj (.text:TI_USCI_I2C_receiveinit)
                  0000de70    00000038     TI_USCI_I2C_master.obj (.text:TI_USCI_I2C_transmitinit)
                  0000dea8    00000038     rts430_eabi.lib : sprintf.c.obj (.text:sprintf)
                  0000dee0    00000034     TI_USCI_I2C_master.obj (.text:TI_USCI_I2C_receive)
                  0000df14    0000002e     BME280.obj (.text:BME280_dummyDelay)
                  0000df42    0000002e     i2c.obj (.text:i2c_write)
                  0000df70    0000002c     rts430_eabi.lib : asr16.asm.obj (.text)
                  0000df9c    0000002c                     : div16s.asm.obj (.text)
                  0000dfc8    0000002c                     : lsl16.asm.obj (.text)
                  0000dff4    00000026                     : mult32.asm.obj (.text)
                  0000e01a    00000024     main.obj (.text:uart_init)
                  0000e03e    00000022     rts430_eabi.lib : mult1632.asm.obj (.text:__mpyul)
                  0000e060    00000022                     : memccpy.c.obj (.text:memccpy)
                  0000e082    0000001e     main.obj (.text:ConfigureAdc_light)
                  0000e0a0    0000001c     main.obj (.text:ConfigClocks)
                  0000e0bc    0000001c     main.obj (.text:ConfigureAdc_water)
                  0000e0d8    0000001c     rts430_eabi.lib : boot.c.obj (.text:_c_int00_noargs)
                  0000e0f4    0000001a     BME280.obj (.text:BME280_writeReg)
                  0000e10e    0000001a     rts430_eabi.lib : sprintf.c.obj (.text:_outs)
                  0000e128    0000001a     ssd1306.obj (.text:ssd1306_command)
                  0000e142    00000018     main.obj (.text:strreverse)
                  0000e15a    00000016     rts430_eabi.lib : llabs.c.obj (.text:llabs)
                  0000e170    00000016     main.obj (.text:port_init)
                  0000e186    00000016     rts430_eabi.lib : div16u.asm.obj (.text)
                  0000e19c    00000014     TI_USCI_I2C_master.obj (.text:TI_USCI_I2C_transmit)
                  0000e1b0    00000014     rts430_eabi.lib : copy_zero_init.c.obj (.text:decompress:ZI:__TI_zero_init_nomemset:__TI_zero_init_nomemset)
                  0000e1c4    00000014                     : memset.c.obj (.text:memset)
                  0000e1d8    00000014                     : mult16.asm.obj (.text)
                  0000e1ec    00000012                     : sprintf.c.obj (.text:_outc)
                  0000e1fe    00000012                     : copy_decompress_none.c.obj (.text:decompress:none:__TI_decompress_none)
                  0000e210    00000012                     : lsr32.asm.obj (.text:l_lsr)
                  0000e222    00000012                     : memcpy.c.obj (.text:memcpy)
                  0000e234    00000010     BME280.obj (.text:BME280_readRegArray)
                  0000e244    00000010     TI_USCI_I2C_master.obj (.text:USCIAB0RX_ISR)
                  0000e254    00000010     rts430_eabi.lib : epilog.asm.obj (.text)
                  0000e264    0000000e     BME280.obj (.text:BME280_reset)
                  0000e272    0000000e     rts430_eabi.lib : strlen.c.obj (.text:strlen)
                  0000e280    0000000c     i2c.obj (.text:i2c_init)
                  0000e28c    0000000a     TI_USCI_I2C_master.obj (.text:TI_USCI_I2C_notready)
                  0000e296    00000008     rts430_eabi.lib : isr_trap.asm.obj (.text:_isr:__TI_ISR_TRAP)
                  0000e29e    00000006                     : exit.c.obj (.text:abort)
                  0000e2a4    00000004                     : pre_init.c.obj (.text:_system_pre_init)
                  0000e2a8    00000002                     : startup.c.obj (.text:_system_post_cinit)

.const     0    0000e2aa    00000254     
                  0000e2aa    000001e0     ssd1306.obj (.const:font_5x7)
                  0000e48a    00000060     main.obj (.const:.string)
                  0000e4ea    00000014     rts430_eabi.lib : _printfi_min.c.obj (.const:.string)

.cinit     0    0000e4fe    00000040     
                  0000e4fe    0000002e     (.cinit..data.load) [load image]
                  0000e52c    00000006     (__TI_handler_table)
                  0000e532    00000004     (.cinit..bss.load) [load image, compression = zero_init]
                  0000e536    00000008     (__TI_cinit_table)

.binit     0    0000c000    00000000     

.init_array 
*          0    0000c000    00000000     UNINITIALIZED

TRAPINT    0    0000ffe0    00000002     
                  0000ffe0    00000002     rts430_eabi.lib : int00.asm.obj (.int00)

PORT1      0    0000ffe4    00000002     
                  0000ffe4    00000002     rts430_eabi.lib : int02.asm.obj (.int02)

PORT2      0    0000ffe6    00000002     
                  0000ffe6    00000002     rts430_eabi.lib : int03.asm.obj (.int03)

ADC10      0    0000ffea    00000002     
                  0000ffea    00000002     rts430_eabi.lib : int05.asm.obj (.int05)

USCIAB0TX 
*          0    0000ffec    00000002     
                  0000ffec    00000002     TI_USCI_I2C_master.obj (.int06)

USCIAB0RX 
*          0    0000ffee    00000002     
                  0000ffee    00000002     TI_USCI_I2C_master.obj (.int07)

TIMER0_A1 
*          0    0000fff0    00000002     
                  0000fff0    00000002     rts430_eabi.lib : int08.asm.obj (.int08)

TIMER0_A0 
*          0    0000fff2    00000002     
                  0000fff2    00000002     rts430_eabi.lib : int09.asm.obj (.int09)

WDT        0    0000fff4    00000002     
                  0000fff4    00000002     rts430_eabi.lib : int10.asm.obj (.int10)

COMPARATORA 
*          0    0000fff6    00000002     
                  0000fff6    00000002     rts430_eabi.lib : int11.asm.obj (.int11)

TIMER1_A1 
*          0    0000fff8    00000002     
                  0000fff8    00000002     rts430_eabi.lib : int12.asm.obj (.int12)

TIMER1_A0 
*          0    0000fffa    00000002     
                  0000fffa    00000002     rts430_eabi.lib : int13.asm.obj (.int13)

NMI        0    0000fffc    00000002     
                  0000fffc    00000002     rts430_eabi.lib : int14.asm.obj (.int14)

.reset     0    0000fffe    00000002     
                  0000fffe    00000002     rts430_eabi.lib : boot.c.obj (.reset)

$fill000   0    0000ffde    00000002     
                  0000ffde    00000002     --HOLE-- [fill = ffff]

MODULE SUMMARY

       Module                       code   ro data   rw data
       ------                       ----   -------   -------
    .\
       main.obj                     2042   96        225    
       BME280.obj                   2268   0         40     
       ssd1306.obj                  500    480       0      
       TI_USCI_I2C_master.obj       310    4         6      
       i2c.obj                      150    0         0      
    +--+----------------------------+------+---------+---------+
       Total:                       5270   580       271    
                                                            
    C:\ti\ccs1040\ccs\tools\compiler\ti-cgt-msp430_20.2.5.LTS\lib\rts430_eabi.lib
       div64u.c.obj                 864    0         0      
       _printfi_min.c.obj           716    20        0      
       div64s.c.obj                 328    0         0      
       mult64.asm.obj               276    0         0      
       copy_decompress_lzss.c.obj   124    0         0      
       lsr32.asm.obj                110    0         0      
       sprintf.c.obj                100    0         0      
       div32u.asm.obj               88     0         0      
       lsr16.asm.obj                76     0         0      
       asr64.c.obj                  74     0         0      
       lsr64.c.obj                  70     0         0      
       lsl64.c.obj                  68     0         0      
       autoinit.c.obj               66     0         0      
       div32s.asm.obj               64     0         0      
       asr32.asm.obj                62     0         0      
       lsl32.asm.obj                62     0         0      
       asr16.asm.obj                44     0         0      
       div16s.asm.obj               44     0         0      
       lsl16.asm.obj                44     0         0      
       mult32.asm.obj               38     0         0      
       memccpy.c.obj                34     0         0      
       mult1632.asm.obj             34     0         0      
       boot.c.obj                   28     2         0      
       div16u.asm.obj               22     0         0      
       llabs.c.obj                  22     0         0      
       copy_zero_init.c.obj         20     0         0      
       memset.c.obj                 20     0         0      
       mult16.asm.obj               20     0         0      
       copy_decompress_none.c.obj   18     0         0      
       memcpy.c.obj                 18     0         0      
       epilog.asm.obj               16     0         0      
       strlen.c.obj                 14     0         0      
       isr_trap.asm.obj             8      0         0      
       exit.c.obj                   6      0         0      
       pre_init.c.obj               4      0         0      
       int00.asm.obj                0      2         0      
       int02.asm.obj                0      2         0      
       int03.asm.obj                0      2         0      
       int05.asm.obj                0      2         0      
       int08.asm.obj                0      2         0      
       int09.asm.obj                0      2         0      
       int10.asm.obj                0      2         0      
       int11.asm.obj                0      2         0      
       int12.asm.obj                0      2         0      
       int13.asm.obj                0      2         0      
       int14.asm.obj                0      2         0      
       startup.c.obj                2      0         0      
    +--+----------------------------+------+---------+---------+
       Total:                       3604   44        0      
                                                            
       Stack:                       0      0         80     
       Linker Generated:            0      64        0      
    +--+----------------------------+------+---------+---------+
       Grand Total:                 8874   688       351    


LINKER GENERATED COPY TABLES

__TI_cinit_table @ 0000e536 records: 2, size/record: 4, table size: 8
	.data: load addr=0000e4fe, load size=0000002e bytes, run addr=000002e6, run size=0000002a bytes, compression=copy
	.bss: load addr=0000e532, load size=00000004 bytes, run addr=00000200, run size=000000e5 bytes, compression=zero_init


LINKER GENERATED HANDLER TABLE

__TI_handler_table @ 0000e52c records: 3, size/record: 2, table size: 6
	index: 0, handler: __TI_zero_init
	index: 1, handler: __TI_decompress_lzss
	index: 2, handler: __TI_decompress_none


GLOBAL SYMBOLS: SORTED ALPHABETICALLY BY Name 

address   name                          
-------   ----                          
0000004a  ADC10AE0                      
000001b0  ADC10CTL0                     
000001b2  ADC10CTL1                     
00000048  ADC10DTC0                     
00000049  ADC10DTC1                     
000001b4  ADC10MEM                      
000001bc  ADC10SA                       
00000057  BCSCTL1                       
00000058  BCSCTL2                       
00000053  BCSCTL3                       
0000d194  BME280_compensate_H_int32     
0000c9fa  BME280_compensate_P_int64     
0000d76e  BME280_compensate_T_int32     
0000dae2  BME280_init                   
0000cd30  BME280_read                   
0000e234  BME280_readRegArray           
0000e264  BME280_reset                  
0000e29e  C$$EXIT                       
00000059  CACTL1                        
0000005a  CACTL2                        
000010fb  CALBC1_12MHZ                  
000010f9  CALBC1_16MHZ                  
000010ff  CALBC1_1MHZ                   
000010fd  CALBC1_8MHZ                   
000010fa  CALDCO_12MHZ                  
000010f8  CALDCO_16MHZ                  
000010fe  CALDCO_1MHZ                   
000010fc  CALDCO_8MHZ                   
0000005b  CAPD                          
0000e0a0  ConfigClocks                  
0000e082  ConfigureAdc_light            
0000e0bc  ConfigureAdc_water            
00000056  DCOCTL                        
00000128  FCTL1                         
0000012a  FCTL2                         
0000012c  FCTL3                         
0000030b  I2C_NO_STOP_FLAG              
00000000  IE1                           
00000001  IE2                           
00000002  IFG1                          
00000003  IFG2                          
00000022  P1DIR                         
00000025  P1IE                          
00000024  P1IES                         
00000023  P1IFG                         
00000020  P1IN                          
00000021  P1OUT                         
00000027  P1REN                         
00000026  P1SEL                         
00000041  P1SEL2                        
0000002a  P2DIR                         
0000002d  P2IE                          
0000002c  P2IES                         
0000002b  P2IFG                         
00000028  P2IN                          
00000029  P2OUT                         
0000002f  P2REN                         
0000002e  P2SEL                         
00000042  P2SEL2                        
0000001a  P3DIR                         
00000018  P3IN                          
00000019  P3OUT                         
00000010  P3REN                         
0000001b  P3SEL                         
00000043  P3SEL2                        
00000172  TA0CCR0                       
00000174  TA0CCR1                       
00000176  TA0CCR2                       
00000162  TA0CCTL0                      
00000164  TA0CCTL1                      
00000166  TA0CCTL2                      
00000160  TA0CTL                        
0000012e  TA0IV                         
00000170  TA0R                          
00000192  TA1CCR0                       
00000194  TA1CCR1                       
00000196  TA1CCR2                       
00000182  TA1CCTL0                      
00000184  TA1CCTL1                      
00000186  TA1CCTL2                      
00000180  TA1CTL                        
0000011e  TA1IV                         
00000190  TA1R                          
0000e28c  TI_USCI_I2C_notready          
0000dee0  TI_USCI_I2C_receive           
0000de38  TI_USCI_I2C_receiveinit       
0000e19c  TI_USCI_I2C_transmit          
0000de70  TI_USCI_I2C_transmitinit      
000002e0  TI_receive_field              
000002e2  TI_transmit_field             
000010db  TLV_ADC10_1_LEN               
000010da  TLV_ADC10_1_TAG               
000010c0  TLV_CHECKSUM                  
000010f7  TLV_DCO_30_LEN                
000010f6  TLV_DCO_30_TAG                
0000005d  UCA0ABCTL                     
00000062  UCA0BR0                       
00000063  UCA0BR1                       
00000060  UCA0CTL0                      
00000061  UCA0CTL1                      
0000005f  UCA0IRRCTL                    
0000005e  UCA0IRTCTL                    
00000064  UCA0MCTL                      
00000066  UCA0RXBUF                     
00000065  UCA0STAT                      
00000067  UCA0TXBUF                     
0000006a  UCB0BR0                       
0000006b  UCB0BR1                       
00000068  UCB0CTL0                      
00000069  UCB0CTL1                      
0000006c  UCB0I2CIE                     
00000118  UCB0I2COA                     
0000011a  UCB0I2CSA                     
0000006e  UCB0RXBUF                     
0000006d  UCB0STAT                      
0000006f  UCB0TXBUF                     
0000e244  USCIAB0RX_ISR                 
0000d96e  USCIAB0TX_ISR                 
00000120  WDTCTL                        
00000400  __STACK_END                   
00000050  __STACK_SIZE                  
0000e536  __TI_CINIT_Base               
0000e53e  __TI_CINIT_Limit              
0000e52c  __TI_Handler_Table_Base       
0000e532  __TI_Handler_Table_Limit      
0000e296  __TI_ISR_TRAP                 
0000dd3a  __TI_auto_init_nobinit_nopinit
0000d812  __TI_decompress_lzss          
0000e1fe  __TI_decompress_none          
0000ffe0  __TI_int00                    
0000ffe4  __TI_int02                    
0000ffe6  __TI_int03                    
0000ffea  __TI_int05                    
0000ffec  __TI_int06                    
0000ffee  __TI_int07                    
0000fff0  __TI_int08                    
0000fff2  __TI_int09                    
0000fff4  __TI_int10                    
0000fff6  __TI_int11                    
0000fff8  __TI_int12                    
0000fffa  __TI_int13                    
0000fffc  __TI_int14                    
ffffffff  __TI_pprof_out_hndl           
0000d4ea  __TI_printfi_minimal          
ffffffff  __TI_prof_data_size           
ffffffff  __TI_prof_data_start          
0000e1b0  __TI_zero_init_nomemset       
ffffffff  __c_args__                    
0000df9c  __mspabi_divi                 
0000dd7c  __mspabi_divli                
0000d04c  __mspabi_divlli               
0000e186  __mspabi_divu                 
0000da8a  __mspabi_divul                
0000c69a  __mspabi_divull               
0000e260  __mspabi_func_epilog_1        
0000e25e  __mspabi_func_epilog_2        
0000e25c  __mspabi_func_epilog_3        
0000e25a  __mspabi_func_epilog_4        
0000e258  __mspabi_func_epilog_5        
0000e256  __mspabi_func_epilog_6        
0000e254  __mspabi_func_epilog_7        
0000e1d8  __mspabi_mpyi                 
0000e1d8  __mspabi_mpyi_sw              
0000dff4  __mspabi_mpyl                 
0000dff4  __mspabi_mpyl_sw              
0000d3d6  __mspabi_mpyll                
0000d3d6  __mspabi_mpyll_sw             
0000e03e  __mspabi_mpyul                
0000e03e  __mspabi_mpyul_sw             
0000df9c  __mspabi_remi                 
0000dd7c  __mspabi_remli                
0000e186  __mspabi_remu                 
0000da8a  __mspabi_remul                
0000dfc8  __mspabi_slli                 
0000dff0  __mspabi_slli_1               
0000dfde  __mspabi_slli_10              
0000dfdc  __mspabi_slli_11              
0000dfda  __mspabi_slli_12              
0000dfd8  __mspabi_slli_13              
0000dfd6  __mspabi_slli_14              
0000dfd4  __mspabi_slli_15              
0000dfee  __mspabi_slli_2               
0000dfec  __mspabi_slli_3               
0000dfea  __mspabi_slli_4               
0000dfe8  __mspabi_slli_5               
0000dfe6  __mspabi_slli_6               
0000dfe4  __mspabi_slli_7               
0000dfe2  __mspabi_slli_8               
0000dfe0  __mspabi_slli_9               
0000de32  __mspabi_slll_1               
0000de0e  __mspabi_slll_10              
0000de0a  __mspabi_slll_11              
0000de06  __mspabi_slll_12              
0000de02  __mspabi_slll_13              
0000ddfe  __mspabi_slll_14              
0000ddfa  __mspabi_slll_15              
0000de2e  __mspabi_slll_2               
0000de2a  __mspabi_slll_3               
0000de26  __mspabi_slll_4               
0000de22  __mspabi_slll_5               
0000de1e  __mspabi_slll_6               
0000de1a  __mspabi_slll_7               
0000de16  __mspabi_slll_8               
0000de12  __mspabi_slll_9               
0000dcf6  __mspabi_sllll                
0000df70  __mspabi_srai                 
0000df98  __mspabi_srai_1               
0000df86  __mspabi_srai_10              
0000df84  __mspabi_srai_11              
0000df82  __mspabi_srai_12              
0000df80  __mspabi_srai_13              
0000df7e  __mspabi_srai_14              
0000df7c  __mspabi_srai_15              
0000df96  __mspabi_srai_2               
0000df94  __mspabi_srai_3               
0000df92  __mspabi_srai_4               
0000df90  __mspabi_srai_5               
0000df8e  __mspabi_srai_6               
0000df8c  __mspabi_srai_7               
0000df8a  __mspabi_srai_8               
0000df88  __mspabi_srai_9               
0000ddf4  __mspabi_sral_1               
0000ddd0  __mspabi_sral_10              
0000ddcc  __mspabi_sral_11              
0000ddc8  __mspabi_sral_12              
0000ddc4  __mspabi_sral_13              
0000ddc0  __mspabi_sral_14              
0000ddbc  __mspabi_sral_15              
0000ddf0  __mspabi_sral_2               
0000ddec  __mspabi_sral_3               
0000dde8  __mspabi_sral_4               
0000dde4  __mspabi_sral_5               
0000dde0  __mspabi_sral_6               
0000dddc  __mspabi_sral_7               
0000ddd8  __mspabi_sral_8               
0000ddd4  __mspabi_sral_9               
0000dc1e  __mspabi_srall                
0000db86  __mspabi_srli                 
0000dbcc  __mspabi_srli_1               
0000dba8  __mspabi_srli_10              
0000dba4  __mspabi_srli_11              
0000dba0  __mspabi_srli_12              
0000db9c  __mspabi_srli_13              
0000db98  __mspabi_srli_14              
0000db94  __mspabi_srli_15              
0000dbc8  __mspabi_srli_2               
0000dbc4  __mspabi_srli_3               
0000dbc0  __mspabi_srli_4               
0000dbbc  __mspabi_srli_5               
0000dbb8  __mspabi_srli_6               
0000dbb4  __mspabi_srli_7               
0000dbb0  __mspabi_srli_8               
0000dbac  __mspabi_srli_9               
0000e210  __mspabi_srll                 
0000da82  __mspabi_srll_1               
0000da4c  __mspabi_srll_10              
0000da46  __mspabi_srll_11              
0000da40  __mspabi_srll_12              
0000da3a  __mspabi_srll_13              
0000da34  __mspabi_srll_14              
0000da2e  __mspabi_srll_15              
0000da7c  __mspabi_srll_2               
0000da76  __mspabi_srll_3               
0000da70  __mspabi_srll_4               
0000da6a  __mspabi_srll_5               
0000da64  __mspabi_srll_6               
0000da5e  __mspabi_srll_7               
0000da58  __mspabi_srll_8               
0000da52  __mspabi_srll_9               
0000dcb0  __mspabi_srlll                
0000e0d8  _c_int00_noargs               
0000fffe  _reset_vector                 
000003b0  _stack                        
0000e2a8  _system_post_cinit            
0000e2a4  _system_pre_init              
0000e29e  abort                         
00000288  buffer                        
000002e4  byteCtr                       
0000030c  control                       
0000db36  display_startup               
0000e2aa  font_5x7                      
0000029a  humidChar                     
0000e280  i2c_init                      
0000d9d2  i2c_readAddress               
0000df42  i2c_write                     
0000d906  itoa                          
000002a4  lightChar                     
000002cc  lightLevel                    
000002d0  light_Raw                     
0000e15a  llabs                         
0000c000  main                          
0000e060  memccpy                       
0000e222  memcpy                        
0000e1c4  memset                        
000002ae  moistChar                     
0000e170  port_init                     
000002b8  pressChar                     
00000200  result                        
0000dea8  sprintf                       
0000dbd2  ssd1306_clearDisplay          
0000e128  ssd1306_command               
0000d5d6  ssd1306_init                  
0000d88e  ssd1306_printText             
0000dc68  ssd1306_setPosition           
0000e272  strlen                        
0000e142  strreverse                    
000002d4  t_fine                        
000002c2  tempChar                      
0000e01a  uart_init                     
000002d8  waterLevel                    
000002dc  water_Raw                     


GLOBAL SYMBOLS: SORTED BY Symbol Address 

address   name                          
-------   ----                          
00000000  IE1                           
00000001  IE2                           
00000002  IFG1                          
00000003  IFG2                          
00000010  P3REN                         
00000018  P3IN                          
00000019  P3OUT                         
0000001a  P3DIR                         
0000001b  P3SEL                         
00000020  P1IN                          
00000021  P1OUT                         
00000022  P1DIR                         
00000023  P1IFG                         
00000024  P1IES                         
00000025  P1IE                          
00000026  P1SEL                         
00000027  P1REN                         
00000028  P2IN                          
00000029  P2OUT                         
0000002a  P2DIR                         
0000002b  P2IFG                         
0000002c  P2IES                         
0000002d  P2IE                          
0000002e  P2SEL                         
0000002f  P2REN                         
00000041  P1SEL2                        
00000042  P2SEL2                        
00000043  P3SEL2                        
00000048  ADC10DTC0                     
00000049  ADC10DTC1                     
0000004a  ADC10AE0                      
00000050  __STACK_SIZE                  
00000053  BCSCTL3                       
00000056  DCOCTL                        
00000057  BCSCTL1                       
00000058  BCSCTL2                       
00000059  CACTL1                        
0000005a  CACTL2                        
0000005b  CAPD                          
0000005d  UCA0ABCTL                     
0000005e  UCA0IRTCTL                    
0000005f  UCA0IRRCTL                    
00000060  UCA0CTL0                      
00000061  UCA0CTL1                      
00000062  UCA0BR0                       
00000063  UCA0BR1                       
00000064  UCA0MCTL                      
00000065  UCA0STAT                      
00000066  UCA0RXBUF                     
00000067  UCA0TXBUF                     
00000068  UCB0CTL0                      
00000069  UCB0CTL1                      
0000006a  UCB0BR0                       
0000006b  UCB0BR1                       
0000006c  UCB0I2CIE                     
0000006d  UCB0STAT                      
0000006e  UCB0RXBUF                     
0000006f  UCB0TXBUF                     
00000118  UCB0I2COA                     
0000011a  UCB0I2CSA                     
0000011e  TA1IV                         
00000120  WDTCTL                        
00000128  FCTL1                         
0000012a  FCTL2                         
0000012c  FCTL3                         
0000012e  TA0IV                         
00000160  TA0CTL                        
00000162  TA0CCTL0                      
00000164  TA0CCTL1                      
00000166  TA0CCTL2                      
00000170  TA0R                          
00000172  TA0CCR0                       
00000174  TA0CCR1                       
00000176  TA0CCR2                       
00000180  TA1CTL                        
00000182  TA1CCTL0                      
00000184  TA1CCTL1                      
00000186  TA1CCTL2                      
00000190  TA1R                          
00000192  TA1CCR0                       
00000194  TA1CCR1                       
00000196  TA1CCR2                       
000001b0  ADC10CTL0                     
000001b2  ADC10CTL1                     
000001b4  ADC10MEM                      
000001bc  ADC10SA                       
00000200  result                        
00000288  buffer                        
0000029a  humidChar                     
000002a4  lightChar                     
000002ae  moistChar                     
000002b8  pressChar                     
000002c2  tempChar                      
000002cc  lightLevel                    
000002d0  light_Raw                     
000002d4  t_fine                        
000002d8  waterLevel                    
000002dc  water_Raw                     
000002e0  TI_receive_field              
000002e2  TI_transmit_field             
000002e4  byteCtr                       
0000030b  I2C_NO_STOP_FLAG              
0000030c  control                       
000003b0  _stack                        
00000400  __STACK_END                   
000010c0  TLV_CHECKSUM                  
000010da  TLV_ADC10_1_TAG               
000010db  TLV_ADC10_1_LEN               
000010f6  TLV_DCO_30_TAG                
000010f7  TLV_DCO_30_LEN                
000010f8  CALDCO_16MHZ                  
000010f9  CALBC1_16MHZ                  
000010fa  CALDCO_12MHZ                  
000010fb  CALBC1_12MHZ                  
000010fc  CALDCO_8MHZ                   
000010fd  CALBC1_8MHZ                   
000010fe  CALDCO_1MHZ                   
000010ff  CALBC1_1MHZ                   
0000c000  main                          
0000c69a  __mspabi_divull               
0000c9fa  BME280_compensate_P_int64     
0000cd30  BME280_read                   
0000d04c  __mspabi_divlli               
0000d194  BME280_compensate_H_int32     
0000d3d6  __mspabi_mpyll                
0000d3d6  __mspabi_mpyll_sw             
0000d4ea  __TI_printfi_minimal          
0000d5d6  ssd1306_init                  
0000d76e  BME280_compensate_T_int32     
0000d812  __TI_decompress_lzss          
0000d88e  ssd1306_printText             
0000d906  itoa                          
0000d96e  USCIAB0TX_ISR                 
0000d9d2  i2c_readAddress               
0000da2e  __mspabi_srll_15              
0000da34  __mspabi_srll_14              
0000da3a  __mspabi_srll_13              
0000da40  __mspabi_srll_12              
0000da46  __mspabi_srll_11              
0000da4c  __mspabi_srll_10              
0000da52  __mspabi_srll_9               
0000da58  __mspabi_srll_8               
0000da5e  __mspabi_srll_7               
0000da64  __mspabi_srll_6               
0000da6a  __mspabi_srll_5               
0000da70  __mspabi_srll_4               
0000da76  __mspabi_srll_3               
0000da7c  __mspabi_srll_2               
0000da82  __mspabi_srll_1               
0000da8a  __mspabi_divul                
0000da8a  __mspabi_remul                
0000dae2  BME280_init                   
0000db36  display_startup               
0000db86  __mspabi_srli                 
0000db94  __mspabi_srli_15              
0000db98  __mspabi_srli_14              
0000db9c  __mspabi_srli_13              
0000dba0  __mspabi_srli_12              
0000dba4  __mspabi_srli_11              
0000dba8  __mspabi_srli_10              
0000dbac  __mspabi_srli_9               
0000dbb0  __mspabi_srli_8               
0000dbb4  __mspabi_srli_7               
0000dbb8  __mspabi_srli_6               
0000dbbc  __mspabi_srli_5               
0000dbc0  __mspabi_srli_4               
0000dbc4  __mspabi_srli_3               
0000dbc8  __mspabi_srli_2               
0000dbcc  __mspabi_srli_1               
0000dbd2  ssd1306_clearDisplay          
0000dc1e  __mspabi_srall                
0000dc68  ssd1306_setPosition           
0000dcb0  __mspabi_srlll                
0000dcf6  __mspabi_sllll                
0000dd3a  __TI_auto_init_nobinit_nopinit
0000dd7c  __mspabi_divli                
0000dd7c  __mspabi_remli                
0000ddbc  __mspabi_sral_15              
0000ddc0  __mspabi_sral_14              
0000ddc4  __mspabi_sral_13              
0000ddc8  __mspabi_sral_12              
0000ddcc  __mspabi_sral_11              
0000ddd0  __mspabi_sral_10              
0000ddd4  __mspabi_sral_9               
0000ddd8  __mspabi_sral_8               
0000dddc  __mspabi_sral_7               
0000dde0  __mspabi_sral_6               
0000dde4  __mspabi_sral_5               
0000dde8  __mspabi_sral_4               
0000ddec  __mspabi_sral_3               
0000ddf0  __mspabi_sral_2               
0000ddf4  __mspabi_sral_1               
0000ddfa  __mspabi_slll_15              
0000ddfe  __mspabi_slll_14              
0000de02  __mspabi_slll_13              
0000de06  __mspabi_slll_12              
0000de0a  __mspabi_slll_11              
0000de0e  __mspabi_slll_10              
0000de12  __mspabi_slll_9               
0000de16  __mspabi_slll_8               
0000de1a  __mspabi_slll_7               
0000de1e  __mspabi_slll_6               
0000de22  __mspabi_slll_5               
0000de26  __mspabi_slll_4               
0000de2a  __mspabi_slll_3               
0000de2e  __mspabi_slll_2               
0000de32  __mspabi_slll_1               
0000de38  TI_USCI_I2C_receiveinit       
0000de70  TI_USCI_I2C_transmitinit      
0000dea8  sprintf                       
0000dee0  TI_USCI_I2C_receive           
0000df42  i2c_write                     
0000df70  __mspabi_srai                 
0000df7c  __mspabi_srai_15              
0000df7e  __mspabi_srai_14              
0000df80  __mspabi_srai_13              
0000df82  __mspabi_srai_12              
0000df84  __mspabi_srai_11              
0000df86  __mspabi_srai_10              
0000df88  __mspabi_srai_9               
0000df8a  __mspabi_srai_8               
0000df8c  __mspabi_srai_7               
0000df8e  __mspabi_srai_6               
0000df90  __mspabi_srai_5               
0000df92  __mspabi_srai_4               
0000df94  __mspabi_srai_3               
0000df96  __mspabi_srai_2               
0000df98  __mspabi_srai_1               
0000df9c  __mspabi_divi                 
0000df9c  __mspabi_remi                 
0000dfc8  __mspabi_slli                 
0000dfd4  __mspabi_slli_15              
0000dfd6  __mspabi_slli_14              
0000dfd8  __mspabi_slli_13              
0000dfda  __mspabi_slli_12              
0000dfdc  __mspabi_slli_11              
0000dfde  __mspabi_slli_10              
0000dfe0  __mspabi_slli_9               
0000dfe2  __mspabi_slli_8               
0000dfe4  __mspabi_slli_7               
0000dfe6  __mspabi_slli_6               
0000dfe8  __mspabi_slli_5               
0000dfea  __mspabi_slli_4               
0000dfec  __mspabi_slli_3               
0000dfee  __mspabi_slli_2               
0000dff0  __mspabi_slli_1               
0000dff4  __mspabi_mpyl                 
0000dff4  __mspabi_mpyl_sw              
0000e01a  uart_init                     
0000e03e  __mspabi_mpyul                
0000e03e  __mspabi_mpyul_sw             
0000e060  memccpy                       
0000e082  ConfigureAdc_light            
0000e0a0  ConfigClocks                  
0000e0bc  ConfigureAdc_water            
0000e0d8  _c_int00_noargs               
0000e128  ssd1306_command               
0000e142  strreverse                    
0000e15a  llabs                         
0000e170  port_init                     
0000e186  __mspabi_divu                 
0000e186  __mspabi_remu                 
0000e19c  TI_USCI_I2C_transmit          
0000e1b0  __TI_zero_init_nomemset       
0000e1c4  memset                        
0000e1d8  __mspabi_mpyi                 
0000e1d8  __mspabi_mpyi_sw              
0000e1fe  __TI_decompress_none          
0000e210  __mspabi_srll                 
0000e222  memcpy                        
0000e234  BME280_readRegArray           
0000e244  USCIAB0RX_ISR                 
0000e254  __mspabi_func_epilog_7        
0000e256  __mspabi_func_epilog_6        
0000e258  __mspabi_func_epilog_5        
0000e25a  __mspabi_func_epilog_4        
0000e25c  __mspabi_func_epilog_3        
0000e25e  __mspabi_func_epilog_2        
0000e260  __mspabi_func_epilog_1        
0000e264  BME280_reset                  
0000e272  strlen                        
0000e280  i2c_init                      
0000e28c  TI_USCI_I2C_notready          
0000e296  __TI_ISR_TRAP                 
0000e29e  C$$EXIT                       
0000e29e  abort                         
0000e2a4  _system_pre_init              
0000e2a8  _system_post_cinit            
0000e2aa  font_5x7                      
0000e52c  __TI_Handler_Table_Base       
0000e532  __TI_Handler_Table_Limit      
0000e536  __TI_CINIT_Base               
0000e53e  __TI_CINIT_Limit              
0000ffe0  __TI_int00                    
0000ffe4  __TI_int02                    
0000ffe6  __TI_int03                    
0000ffea  __TI_int05                    
0000ffec  __TI_int06                    
0000ffee  __TI_int07                    
0000fff0  __TI_int08                    
0000fff2  __TI_int09                    
0000fff4  __TI_int10                    
0000fff6  __TI_int11                    
0000fff8  __TI_int12                    
0000fffa  __TI_int13                    
0000fffc  __TI_int14                    
0000fffe  _reset_vector                 
ffffffff  __TI_pprof_out_hndl           
ffffffff  __TI_prof_data_size           
ffffffff  __TI_prof_data_start          
ffffffff  __c_args__                    

[311 symbols]
