******************************************************************************
                  MSP430 Linker PC v20.2.5                     
******************************************************************************
>> Linked Wed Dec 15 23:44:16 2021

OUTPUT FILE NAME:   <TopLevel_Embedded.out>
ENTRY POINT SYMBOL: "_c_int00_noargs"  address: 0000debe


MEMORY CONFIGURATION

         name            origin    length      used     unused   attr    fill
----------------------  --------  ---------  --------  --------  ----  --------
  SFR                   00000000   00000010  00000000  00000010  RWIX
  PERIPHERALS_8BIT      00000010   000000f0  00000000  000000f0  RWIX
  PERIPHERALS_16BIT     00000100   00000100  00000000  00000100  RWIX
  RAM                   00000200   00000200  0000015f  000000a1  RWIX
  INFOD                 00001000   00000040  00000000  00000040  RWIX
  INFOC                 00001040   00000040  00000000  00000040  RWIX
  INFOB                 00001080   00000040  00000000  00000040  RWIX
  INFOA                 000010c0   00000040  00000000  00000040  RWIX
  FLASH                 0000c000   00003fde  0000231a  00001cc4  RWIX
  BSLSIGNATURE          0000ffde   00000002  00000002  00000000  RWIX  ffff 
  INT00                 0000ffe0   00000002  00000002  00000000  RWIX
  INT01                 0000ffe2   00000002  00000000  00000002  RWIX
  INT02                 0000ffe4   00000002  00000002  00000000  RWIX
  INT03                 0000ffe6   00000002  00000002  00000000  RWIX
  INT04                 0000ffe8   00000002  00000000  00000002  RWIX
  INT05                 0000ffea   00000002  00000002  00000000  RWIX
  INT06                 0000ffec   00000002  00000002  00000000  RWIX
  INT07                 0000ffee   00000002  00000002  00000000  RWIX
  INT08                 0000fff0   00000002  00000002  00000000  RWIX
  INT09                 0000fff2   00000002  00000002  00000000  RWIX
  INT10                 0000fff4   00000002  00000002  00000000  RWIX
  INT11                 0000fff6   00000002  00000002  00000000  RWIX
  INT12                 0000fff8   00000002  00000002  00000000  RWIX
  INT13                 0000fffa   00000002  00000002  00000000  RWIX
  INT14                 0000fffc   00000002  00000002  00000000  RWIX
  RESET                 0000fffe   00000002  00000002  00000000  RWIX


SECTION ALLOCATION MAP

 output                                  attributes/
section   page    origin      length       input sections
--------  ----  ----------  ----------   ----------------
.bss       0    00000200    000000e5     UNINITIALIZED
                  00000200    00000064     (.common:result)
                  00000264    00000024     BME280.obj (.bss:mCalibrationData)
                  00000288    00000012     (.common:buffer)
                  0000029a    0000000a     (.common:humidChar)
                  000002a4    0000000a     (.common:lightChar)
                  000002ae    0000000a     (.common:moistChar)
                  000002b8    0000000a     (.common:pressChar)
                  000002c2    0000000a     (.common:tempChar)
                  000002cc    00000004     (.common:lightLevel)
                  000002d0    00000004     (.common:light_Raw)
                  000002d4    00000004     (.common:t_fine)
                  000002d8    00000004     (.common:waterLevel)
                  000002dc    00000004     (.common:water_Raw)
                  000002e0    00000002     (.common:TI_receive_field)
                  000002e2    00000002     (.common:TI_transmit_field)
                  000002e4    00000001     (.common:byteCtr)

.data      0    000002e6    0000002a     UNINITIALIZED
                  000002e6    00000025     main.obj (.data:num$1)
                  0000030b    00000001     TI_USCI_I2C_master.obj (.data)
                  0000030c    00000004     main.obj (.data)

.stack     0    000003b0    00000050     UNINITIALIZED
                  000003b0    00000002     rts430_eabi.lib : boot.c.obj (.stack)
                  000003b2    0000004e     --HOLE--

.text      0    0000c000    00002086     
                  0000c000    0000057c     main.obj (.text:main)
                  0000c57c    00000360     rts430_eabi.lib : div64u.c.obj (.text:__mspabi_divull)
                  0000c8dc    00000296     BME280.obj (.text:BME280_compensate_P_int64)
                  0000cb72    00000194     BME280.obj (.text:BME280_read)
                  0000cd06    00000168     BME280.obj (.text:BME280_readCalibrationValues)
                  0000ce6e    00000148     rts430_eabi.lib : div64s.c.obj (.text:__mspabi_divlli)
                  0000cfb6    0000011c     BME280.obj (.text:BME280_compensate_H_int32)
                  0000d0d2    00000116     rts430_eabi.lib : _printfi_min.c.obj (.text:_setfield)
                  0000d1e8    00000114                     : mult64.asm.obj (.text:__mpyll)
                  0000d2fc    000000ec                     : _printfi_min.c.obj (.text:__TI_printfi_minimal)
                  0000d3e8    000000cc     ssd1306.obj (.text:ssd1306_init)
                  0000d4b4    000000ca     rts430_eabi.lib : _printfi_min.c.obj (.text:_pproc_diouxp)
                  0000d57e    0000008e     BME280.obj (.text:BME280_compensate_T_int32)
                  0000d60c    0000007c     rts430_eabi.lib : copy_decompress_lzss.c.obj (.text:decompress:lzss:__TI_decompress_lzss)
                  0000d688    00000078     ssd1306.obj (.text:ssd1306_printText)
                  0000d700    0000006a     main.obj (.text:itoa)
                  0000d76a    00000060     TI_USCI_I2C_master.obj (.text:USCIAB0TX_ISR)
                  0000d7ca    0000005c     i2c.obj (.text:i2c_readAddress)
                  0000d826    0000005c     rts430_eabi.lib : lsr32.asm.obj (.text:l_lsr_const)
                  0000d882    00000058                     : div32u.asm.obj (.text)
                  0000d8da    00000052     BME280.obj (.text:BME280_init)
                  0000d92c    0000004e     main.obj (.text:display_startup)
                  0000d97a    0000004c     rts430_eabi.lib : lsr16.asm.obj (.text)
                  0000d9c6    0000004a                     : asr64.c.obj (.text:__mspabi_srall)
                  0000da10    00000048     ssd1306.obj (.text:ssd1306_clearDisplay)
                  0000da58    00000048     ssd1306.obj (.text:ssd1306_setPosition)
                  0000daa0    00000046     rts430_eabi.lib : lsr64.c.obj (.text:__mspabi_srlll)
                  0000dae6    00000044                     : lsl64.c.obj (.text:__mspabi_sllll)
                  0000db2a    00000042                     : autoinit.c.obj (.text:__TI_auto_init_nobinit_nopinit:__TI_auto_init_nobinit_nopinit)
                  0000db6c    00000040                     : div32s.asm.obj (.text)
                  0000dbac    0000003e                     : asr32.asm.obj (.text:l_asr_const)
                  0000dbea    0000003e                     : lsl32.asm.obj (.text:l_lsl_const)
                  0000dc28    00000038     TI_USCI_I2C_master.obj (.text:TI_USCI_I2C_receiveinit)
                  0000dc60    00000038     TI_USCI_I2C_master.obj (.text:TI_USCI_I2C_transmitinit)
                  0000dc98    00000038     rts430_eabi.lib : sprintf.c.obj (.text:sprintf)
                  0000dcd0    00000034     TI_USCI_I2C_master.obj (.text:TI_USCI_I2C_receive)
                  0000dd04    0000002e     i2c.obj (.text:i2c_write)
                  0000dd32    0000002c     rts430_eabi.lib : asr16.asm.obj (.text)
                  0000dd5e    0000002c                     : div16s.asm.obj (.text)
                  0000dd8a    0000002c                     : lsl16.asm.obj (.text)
                  0000ddb6    00000026                     : mult32.asm.obj (.text)
                  0000dddc    00000024     BME280.obj (.text:BME280_dummyDelay)
                  0000de00    00000024     main.obj (.text:uart_init)
                  0000de24    00000022     rts430_eabi.lib : mult1632.asm.obj (.text:__mpyul)
                  0000de46    00000022                     : memccpy.c.obj (.text:memccpy)
                  0000de68    0000001e     main.obj (.text:ConfigureAdc_light)
                  0000de86    0000001c     main.obj (.text:ConfigClocks)
                  0000dea2    0000001c     main.obj (.text:ConfigureAdc_water)
                  0000debe    0000001c     rts430_eabi.lib : boot.c.obj (.text:_c_int00_noargs)
                  0000deda    0000001a     BME280.obj (.text:BME280_writeReg)
                  0000def4    0000001a     rts430_eabi.lib : sprintf.c.obj (.text:_outs)
                  0000df0e    00000018     ssd1306.obj (.text:ssd1306_command)
                  0000df26    00000016     rts430_eabi.lib : llabs.c.obj (.text:llabs)
                  0000df3c    00000016     main.obj (.text:port_init)
                  0000df52    00000016     rts430_eabi.lib : div16u.asm.obj (.text)
                  0000df68    00000016     main.obj (.text:strreverse)
                  0000df7e    00000014     TI_USCI_I2C_master.obj (.text:TI_USCI_I2C_transmit)
                  0000df92    00000014     rts430_eabi.lib : copy_zero_init.c.obj (.text:decompress:ZI:__TI_zero_init_nomemset:__TI_zero_init_nomemset)
                  0000dfa6    00000014                     : memset.c.obj (.text:memset)
                  0000dfba    00000014                     : mult16.asm.obj (.text)
                  0000dfce    00000012                     : sprintf.c.obj (.text:_outc)
                  0000dfe0    00000012                     : copy_decompress_none.c.obj (.text:decompress:none:__TI_decompress_none)
                  0000dff2    00000012                     : lsr32.asm.obj (.text:l_lsr)
                  0000e004    00000012                     : memcpy.c.obj (.text:memcpy)
                  0000e016    00000010     TI_USCI_I2C_master.obj (.text:USCIAB0RX_ISR)
                  0000e026    00000010     rts430_eabi.lib : epilog.asm.obj (.text)
                  0000e036    0000000e     BME280.obj (.text:BME280_readRegArray)
                  0000e044    0000000e     rts430_eabi.lib : strlen.c.obj (.text:strlen)
                  0000e052    0000000c     BME280.obj (.text:BME280_reset)
                  0000e05e    0000000a     TI_USCI_I2C_master.obj (.text:TI_USCI_I2C_notready)
                  0000e068    0000000a     i2c.obj (.text:i2c_init)
                  0000e072    00000008     rts430_eabi.lib : isr_trap.asm.obj (.text:_isr:__TI_ISR_TRAP)
                  0000e07a    00000006                     : exit.c.obj (.text:abort)
                  0000e080    00000004                     : pre_init.c.obj (.text:_system_pre_init)
                  0000e084    00000002                     : startup.c.obj (.text:_system_post_cinit)

.const     0    0000e086    00000254     
                  0000e086    000001e0     ssd1306.obj (.const:font_5x7)
                  0000e266    00000060     main.obj (.const:.string)
                  0000e2c6    00000014     rts430_eabi.lib : _printfi_min.c.obj (.const:.string)

.cinit     0    0000e2da    00000040     
                  0000e2da    0000002e     (.cinit..data.load) [load image]
                  0000e308    00000006     (__TI_handler_table)
                  0000e30e    00000004     (.cinit..bss.load) [load image, compression = zero_init]
                  0000e312    00000008     (__TI_cinit_table)

.binit     0    0000c000    00000000     

.init_array 
*          0    0000c000    00000000     UNINITIALIZED

TRAPINT    0    0000ffe0    00000002     
                  0000ffe0    00000002     rts430_eabi.lib : int00.asm.obj (.int00)

PORT1      0    0000ffe4    00000002     
                  0000ffe4    00000002     rts430_eabi.lib : int02.asm.obj (.int02)

PORT2      0    0000ffe6    00000002     
                  0000ffe6    00000002     rts430_eabi.lib : int03.asm.obj (.int03)

ADC10      0    0000ffea    00000002     
                  0000ffea    00000002     rts430_eabi.lib : int05.asm.obj (.int05)

USCIAB0TX 
*          0    0000ffec    00000002     
                  0000ffec    00000002     TI_USCI_I2C_master.obj (.int06)

USCIAB0RX 
*          0    0000ffee    00000002     
                  0000ffee    00000002     TI_USCI_I2C_master.obj (.int07)

TIMER0_A1 
*          0    0000fff0    00000002     
                  0000fff0    00000002     rts430_eabi.lib : int08.asm.obj (.int08)

TIMER0_A0 
*          0    0000fff2    00000002     
                  0000fff2    00000002     rts430_eabi.lib : int09.asm.obj (.int09)

WDT        0    0000fff4    00000002     
                  0000fff4    00000002     rts430_eabi.lib : int10.asm.obj (.int10)

COMPARATORA 
*          0    0000fff6    00000002     
                  0000fff6    00000002     rts430_eabi.lib : int11.asm.obj (.int11)

TIMER1_A1 
*          0    0000fff8    00000002     
                  0000fff8    00000002     rts430_eabi.lib : int12.asm.obj (.int12)

TIMER1_A0 
*          0    0000fffa    00000002     
                  0000fffa    00000002     rts430_eabi.lib : int13.asm.obj (.int13)

NMI        0    0000fffc    00000002     
                  0000fffc    00000002     rts430_eabi.lib : int14.asm.obj (.int14)

.reset     0    0000fffe    00000002     
                  0000fffe    00000002     rts430_eabi.lib : boot.c.obj (.reset)

$fill000   0    0000ffde    00000002     
                  0000ffde    00000002     --HOLE-- [fill = ffff]

MODULE SUMMARY

       Module                       code   ro data   rw data
       ------                       ----   -------   -------
    .\
       main.obj                     1754   96        225    
       BME280.obj                   2022   0         40     
       ssd1306.obj                  492    480       0      
       TI_USCI_I2C_master.obj       306    4         6      
       i2c.obj                      148    0         0      
    +--+----------------------------+------+---------+---------+
       Total:                       4722   580       271    
                                                            
    C:\ti\ccs1040\ccs\tools\compiler\ti-cgt-msp430_20.2.5.LTS\lib\rts430_eabi.lib
       div64u.c.obj                 864    0         0      
       _printfi_min.c.obj           716    20        0      
       div64s.c.obj                 328    0         0      
       mult64.asm.obj               276    0         0      
       copy_decompress_lzss.c.obj   124    0         0      
       lsr32.asm.obj                110    0         0      
       sprintf.c.obj                100    0         0      
       div32u.asm.obj               88     0         0      
       lsr16.asm.obj                76     0         0      
       asr64.c.obj                  74     0         0      
       lsr64.c.obj                  70     0         0      
       lsl64.c.obj                  68     0         0      
       autoinit.c.obj               66     0         0      
       div32s.asm.obj               64     0         0      
       asr32.asm.obj                62     0         0      
       lsl32.asm.obj                62     0         0      
       asr16.asm.obj                44     0         0      
       div16s.asm.obj               44     0         0      
       lsl16.asm.obj                44     0         0      
       mult32.asm.obj               38     0         0      
       memccpy.c.obj                34     0         0      
       mult1632.asm.obj             34     0         0      
       boot.c.obj                   28     2         0      
       div16u.asm.obj               22     0         0      
       llabs.c.obj                  22     0         0      
       copy_zero_init.c.obj         20     0         0      
       memset.c.obj                 20     0         0      
       mult16.asm.obj               20     0         0      
       copy_decompress_none.c.obj   18     0         0      
       memcpy.c.obj                 18     0         0      
       epilog.asm.obj               16     0         0      
       strlen.c.obj                 14     0         0      
       isr_trap.asm.obj             8      0         0      
       exit.c.obj                   6      0         0      
       pre_init.c.obj               4      0         0      
       int00.asm.obj                0      2         0      
       int02.asm.obj                0      2         0      
       int03.asm.obj                0      2         0      
       int05.asm.obj                0      2         0      
       int08.asm.obj                0      2         0      
       int09.asm.obj                0      2         0      
       int10.asm.obj                0      2         0      
       int11.asm.obj                0      2         0      
       int12.asm.obj                0      2         0      
       int13.asm.obj                0      2         0      
       int14.asm.obj                0      2         0      
       startup.c.obj                2      0         0      
    +--+----------------------------+------+---------+---------+
       Total:                       3604   44        0      
                                                            
       Stack:                       0      0         80     
       Linker Generated:            0      64        0      
    +--+----------------------------+------+---------+---------+
       Grand Total:                 8326   688       351    


LINKER GENERATED COPY TABLES

__TI_cinit_table @ 0000e312 records: 2, size/record: 4, table size: 8
	.data: load addr=0000e2da, load size=0000002e bytes, run addr=000002e6, run size=0000002a bytes, compression=copy
	.bss: load addr=0000e30e, load size=00000004 bytes, run addr=00000200, run size=000000e5 bytes, compression=zero_init


LINKER GENERATED HANDLER TABLE

__TI_handler_table @ 0000e308 records: 3, size/record: 2, table size: 6
	index: 0, handler: __TI_zero_init
	index: 1, handler: __TI_decompress_lzss
	index: 2, handler: __TI_decompress_none


GLOBAL SYMBOLS: SORTED ALPHABETICALLY BY Name 

address   name                          
-------   ----                          
0000004a  ADC10AE0                      
000001b0  ADC10CTL0                     
000001b2  ADC10CTL1                     
00000048  ADC10DTC0                     
00000049  ADC10DTC1                     
000001b4  ADC10MEM                      
000001bc  ADC10SA                       
00000057  BCSCTL1                       
00000058  BCSCTL2                       
00000053  BCSCTL3                       
0000cfb6  BME280_compensate_H_int32     
0000c8dc  BME280_compensate_P_int64     
0000d57e  BME280_compensate_T_int32     
0000d8da  BME280_init                   
0000cb72  BME280_read                   
0000e036  BME280_readRegArray           
0000e052  BME280_reset                  
0000e07a  C$$EXIT                       
00000059  CACTL1                        
0000005a  CACTL2                        
000010fb  CALBC1_12MHZ                  
000010f9  CALBC1_16MHZ                  
000010ff  CALBC1_1MHZ                   
000010fd  CALBC1_8MHZ                   
000010fa  CALDCO_12MHZ                  
000010f8  CALDCO_16MHZ                  
000010fe  CALDCO_1MHZ                   
000010fc  CALDCO_8MHZ                   
0000005b  CAPD                          
0000de86  ConfigClocks                  
0000de68  ConfigureAdc_light            
0000dea2  ConfigureAdc_water            
00000056  DCOCTL                        
00000128  FCTL1                         
0000012a  FCTL2                         
0000012c  FCTL3                         
0000030b  I2C_NO_STOP_FLAG              
00000000  IE1                           
00000001  IE2                           
00000002  IFG1                          
00000003  IFG2                          
00000022  P1DIR                         
00000025  P1IE                          
00000024  P1IES                         
00000023  P1IFG                         
00000020  P1IN                          
00000021  P1OUT                         
00000027  P1REN                         
00000026  P1SEL                         
00000041  P1SEL2                        
0000002a  P2DIR                         
0000002d  P2IE                          
0000002c  P2IES                         
0000002b  P2IFG                         
00000028  P2IN                          
00000029  P2OUT                         
0000002f  P2REN                         
0000002e  P2SEL                         
00000042  P2SEL2                        
0000001a  P3DIR                         
00000018  P3IN                          
00000019  P3OUT                         
00000010  P3REN                         
0000001b  P3SEL                         
00000043  P3SEL2                        
00000172  TA0CCR0                       
00000174  TA0CCR1                       
00000176  TA0CCR2                       
00000162  TA0CCTL0                      
00000164  TA0CCTL1                      
00000166  TA0CCTL2                      
00000160  TA0CTL                        
0000012e  TA0IV                         
00000170  TA0R                          
00000192  TA1CCR0                       
00000194  TA1CCR1                       
00000196  TA1CCR2                       
00000182  TA1CCTL0                      
00000184  TA1CCTL1                      
00000186  TA1CCTL2                      
00000180  TA1CTL                        
0000011e  TA1IV                         
00000190  TA1R                          
0000e05e  TI_USCI_I2C_notready          
0000dcd0  TI_USCI_I2C_receive           
0000dc28  TI_USCI_I2C_receiveinit       
0000df7e  TI_USCI_I2C_transmit          
0000dc60  TI_USCI_I2C_transmitinit      
000002e0  TI_receive_field              
000002e2  TI_transmit_field             
000010db  TLV_ADC10_1_LEN               
000010da  TLV_ADC10_1_TAG               
000010c0  TLV_CHECKSUM                  
000010f7  TLV_DCO_30_LEN                
000010f6  TLV_DCO_30_TAG                
0000005d  UCA0ABCTL                     
00000062  UCA0BR0                       
00000063  UCA0BR1                       
00000060  UCA0CTL0                      
00000061  UCA0CTL1                      
0000005f  UCA0IRRCTL                    
0000005e  UCA0IRTCTL                    
00000064  UCA0MCTL                      
00000066  UCA0RXBUF                     
00000065  UCA0STAT                      
00000067  UCA0TXBUF                     
0000006a  UCB0BR0                       
0000006b  UCB0BR1                       
00000068  UCB0CTL0                      
00000069  UCB0CTL1                      
0000006c  UCB0I2CIE                     
00000118  UCB0I2COA                     
0000011a  UCB0I2CSA                     
0000006e  UCB0RXBUF                     
0000006d  UCB0STAT                      
0000006f  UCB0TXBUF                     
0000e016  USCIAB0RX_ISR                 
0000d76a  USCIAB0TX_ISR                 
00000120  WDTCTL                        
00000400  __STACK_END                   
00000050  __STACK_SIZE                  
0000e312  __TI_CINIT_Base               
0000e31a  __TI_CINIT_Limit              
0000e308  __TI_Handler_Table_Base       
0000e30e  __TI_Handler_Table_Limit      
0000e072  __TI_ISR_TRAP                 
0000db2a  __TI_auto_init_nobinit_nopinit
0000d60c  __TI_decompress_lzss          
0000dfe0  __TI_decompress_none          
0000ffe0  __TI_int00                    
0000ffe4  __TI_int02                    
0000ffe6  __TI_int03                    
0000ffea  __TI_int05                    
0000ffec  __TI_int06                    
0000ffee  __TI_int07                    
0000fff0  __TI_int08                    
0000fff2  __TI_int09                    
0000fff4  __TI_int10                    
0000fff6  __TI_int11                    
0000fff8  __TI_int12                    
0000fffa  __TI_int13                    
0000fffc  __TI_int14                    
ffffffff  __TI_pprof_out_hndl           
0000d2fc  __TI_printfi_minimal          
ffffffff  __TI_prof_data_size           
ffffffff  __TI_prof_data_start          
0000df92  __TI_zero_init_nomemset       
ffffffff  __c_args__                    
0000dd5e  __mspabi_divi                 
0000db6c  __mspabi_divli                
0000ce6e  __mspabi_divlli               
0000df52  __mspabi_divu                 
0000d882  __mspabi_divul                
0000c57c  __mspabi_divull               
0000e032  __mspabi_func_epilog_1        
0000e030  __mspabi_func_epilog_2        
0000e02e  __mspabi_func_epilog_3        
0000e02c  __mspabi_func_epilog_4        
0000e02a  __mspabi_func_epilog_5        
0000e028  __mspabi_func_epilog_6        
0000e026  __mspabi_func_epilog_7        
0000dfba  __mspabi_mpyi                 
0000dfba  __mspabi_mpyi_sw              
0000ddb6  __mspabi_mpyl                 
0000ddb6  __mspabi_mpyl_sw              
0000d1e8  __mspabi_mpyll                
0000d1e8  __mspabi_mpyll_sw             
0000de24  __mspabi_mpyul                
0000de24  __mspabi_mpyul_sw             
0000dd5e  __mspabi_remi                 
0000db6c  __mspabi_remli                
0000df52  __mspabi_remu                 
0000d882  __mspabi_remul                
0000dd8a  __mspabi_slli                 
0000ddb2  __mspabi_slli_1               
0000dda0  __mspabi_slli_10              
0000dd9e  __mspabi_slli_11              
0000dd9c  __mspabi_slli_12              
0000dd9a  __mspabi_slli_13              
0000dd98  __mspabi_slli_14              
0000dd96  __mspabi_slli_15              
0000ddb0  __mspabi_slli_2               
0000ddae  __mspabi_slli_3               
0000ddac  __mspabi_slli_4               
0000ddaa  __mspabi_slli_5               
0000dda8  __mspabi_slli_6               
0000dda6  __mspabi_slli_7               
0000dda4  __mspabi_slli_8               
0000dda2  __mspabi_slli_9               
0000dc22  __mspabi_slll_1               
0000dbfe  __mspabi_slll_10              
0000dbfa  __mspabi_slll_11              
0000dbf6  __mspabi_slll_12              
0000dbf2  __mspabi_slll_13              
0000dbee  __mspabi_slll_14              
0000dbea  __mspabi_slll_15              
0000dc1e  __mspabi_slll_2               
0000dc1a  __mspabi_slll_3               
0000dc16  __mspabi_slll_4               
0000dc12  __mspabi_slll_5               
0000dc0e  __mspabi_slll_6               
0000dc0a  __mspabi_slll_7               
0000dc06  __mspabi_slll_8               
0000dc02  __mspabi_slll_9               
0000dae6  __mspabi_sllll                
0000dd32  __mspabi_srai                 
0000dd5a  __mspabi_srai_1               
0000dd48  __mspabi_srai_10              
0000dd46  __mspabi_srai_11              
0000dd44  __mspabi_srai_12              
0000dd42  __mspabi_srai_13              
0000dd40  __mspabi_srai_14              
0000dd3e  __mspabi_srai_15              
0000dd58  __mspabi_srai_2               
0000dd56  __mspabi_srai_3               
0000dd54  __mspabi_srai_4               
0000dd52  __mspabi_srai_5               
0000dd50  __mspabi_srai_6               
0000dd4e  __mspabi_srai_7               
0000dd4c  __mspabi_srai_8               
0000dd4a  __mspabi_srai_9               
0000dbe4  __mspabi_sral_1               
0000dbc0  __mspabi_sral_10              
0000dbbc  __mspabi_sral_11              
0000dbb8  __mspabi_sral_12              
0000dbb4  __mspabi_sral_13              
0000dbb0  __mspabi_sral_14              
0000dbac  __mspabi_sral_15              
0000dbe0  __mspabi_sral_2               
0000dbdc  __mspabi_sral_3               
0000dbd8  __mspabi_sral_4               
0000dbd4  __mspabi_sral_5               
0000dbd0  __mspabi_sral_6               
0000dbcc  __mspabi_sral_7               
0000dbc8  __mspabi_sral_8               
0000dbc4  __mspabi_sral_9               
0000d9c6  __mspabi_srall                
0000d97a  __mspabi_srli                 
0000d9c0  __mspabi_srli_1               
0000d99c  __mspabi_srli_10              
0000d998  __mspabi_srli_11              
0000d994  __mspabi_srli_12              
0000d990  __mspabi_srli_13              
0000d98c  __mspabi_srli_14              
0000d988  __mspabi_srli_15              
0000d9bc  __mspabi_srli_2               
0000d9b8  __mspabi_srli_3               
0000d9b4  __mspabi_srli_4               
0000d9b0  __mspabi_srli_5               
0000d9ac  __mspabi_srli_6               
0000d9a8  __mspabi_srli_7               
0000d9a4  __mspabi_srli_8               
0000d9a0  __mspabi_srli_9               
0000dff2  __mspabi_srll                 
0000d87a  __mspabi_srll_1               
0000d844  __mspabi_srll_10              
0000d83e  __mspabi_srll_11              
0000d838  __mspabi_srll_12              
0000d832  __mspabi_srll_13              
0000d82c  __mspabi_srll_14              
0000d826  __mspabi_srll_15              
0000d874  __mspabi_srll_2               
0000d86e  __mspabi_srll_3               
0000d868  __mspabi_srll_4               
0000d862  __mspabi_srll_5               
0000d85c  __mspabi_srll_6               
0000d856  __mspabi_srll_7               
0000d850  __mspabi_srll_8               
0000d84a  __mspabi_srll_9               
0000daa0  __mspabi_srlll                
0000debe  _c_int00_noargs               
0000fffe  _reset_vector                 
000003b0  _stack                        
0000e084  _system_post_cinit            
0000e080  _system_pre_init              
0000e07a  abort                         
00000288  buffer                        
000002e4  byteCtr                       
0000030c  control                       
0000d92c  display_startup               
0000e086  font_5x7                      
0000029a  humidChar                     
0000e068  i2c_init                      
0000d7ca  i2c_readAddress               
0000dd04  i2c_write                     
0000d700  itoa                          
000002a4  lightChar                     
000002cc  lightLevel                    
000002d0  light_Raw                     
0000df26  llabs                         
0000c000  main                          
0000de46  memccpy                       
0000e004  memcpy                        
0000dfa6  memset                        
000002ae  moistChar                     
0000df3c  port_init                     
000002b8  pressChar                     
00000200  result                        
0000dc98  sprintf                       
0000da10  ssd1306_clearDisplay          
0000df0e  ssd1306_command               
0000d3e8  ssd1306_init                  
0000d688  ssd1306_printText             
0000da58  ssd1306_setPosition           
0000e044  strlen                        
0000df68  strreverse                    
000002d4  t_fine                        
000002c2  tempChar                      
0000de00  uart_init                     
000002d8  waterLevel                    
000002dc  water_Raw                     


GLOBAL SYMBOLS: SORTED BY Symbol Address 

address   name                          
-------   ----                          
00000000  IE1                           
00000001  IE2                           
00000002  IFG1                          
00000003  IFG2                          
00000010  P3REN                         
00000018  P3IN                          
00000019  P3OUT                         
0000001a  P3DIR                         
0000001b  P3SEL                         
00000020  P1IN                          
00000021  P1OUT                         
00000022  P1DIR                         
00000023  P1IFG                         
00000024  P1IES                         
00000025  P1IE                          
00000026  P1SEL                         
00000027  P1REN                         
00000028  P2IN                          
00000029  P2OUT                         
0000002a  P2DIR                         
0000002b  P2IFG                         
0000002c  P2IES                         
0000002d  P2IE                          
0000002e  P2SEL                         
0000002f  P2REN                         
00000041  P1SEL2                        
00000042  P2SEL2                        
00000043  P3SEL2                        
00000048  ADC10DTC0                     
00000049  ADC10DTC1                     
0000004a  ADC10AE0                      
00000050  __STACK_SIZE                  
00000053  BCSCTL3                       
00000056  DCOCTL                        
00000057  BCSCTL1                       
00000058  BCSCTL2                       
00000059  CACTL1                        
0000005a  CACTL2                        
0000005b  CAPD                          
0000005d  UCA0ABCTL                     
0000005e  UCA0IRTCTL                    
0000005f  UCA0IRRCTL                    
00000060  UCA0CTL0                      
00000061  UCA0CTL1                      
00000062  UCA0BR0                       
00000063  UCA0BR1                       
00000064  UCA0MCTL                      
00000065  UCA0STAT                      
00000066  UCA0RXBUF                     
00000067  UCA0TXBUF                     
00000068  UCB0CTL0                      
00000069  UCB0CTL1                      
0000006a  UCB0BR0                       
0000006b  UCB0BR1                       
0000006c  UCB0I2CIE                     
0000006d  UCB0STAT                      
0000006e  UCB0RXBUF                     
0000006f  UCB0TXBUF                     
00000118  UCB0I2COA                     
0000011a  UCB0I2CSA                     
0000011e  TA1IV                         
00000120  WDTCTL                        
00000128  FCTL1                         
0000012a  FCTL2                         
0000012c  FCTL3                         
0000012e  TA0IV                         
00000160  TA0CTL                        
00000162  TA0CCTL0                      
00000164  TA0CCTL1                      
00000166  TA0CCTL2                      
00000170  TA0R                          
00000172  TA0CCR0                       
00000174  TA0CCR1                       
00000176  TA0CCR2                       
00000180  TA1CTL                        
00000182  TA1CCTL0                      
00000184  TA1CCTL1                      
00000186  TA1CCTL2                      
00000190  TA1R                          
00000192  TA1CCR0                       
00000194  TA1CCR1                       
00000196  TA1CCR2                       
000001b0  ADC10CTL0                     
000001b2  ADC10CTL1                     
000001b4  ADC10MEM                      
000001bc  ADC10SA                       
00000200  result                        
00000288  buffer                        
0000029a  humidChar                     
000002a4  lightChar                     
000002ae  moistChar                     
000002b8  pressChar                     
000002c2  tempChar                      
000002cc  lightLevel                    
000002d0  light_Raw                     
000002d4  t_fine                        
000002d8  waterLevel                    
000002dc  water_Raw                     
000002e0  TI_receive_field              
000002e2  TI_transmit_field             
000002e4  byteCtr                       
0000030b  I2C_NO_STOP_FLAG              
0000030c  control                       
000003b0  _stack                        
00000400  __STACK_END                   
000010c0  TLV_CHECKSUM                  
000010da  TLV_ADC10_1_TAG               
000010db  TLV_ADC10_1_LEN               
000010f6  TLV_DCO_30_TAG                
000010f7  TLV_DCO_30_LEN                
000010f8  CALDCO_16MHZ                  
000010f9  CALBC1_16MHZ                  
000010fa  CALDCO_12MHZ                  
000010fb  CALBC1_12MHZ                  
000010fc  CALDCO_8MHZ                   
000010fd  CALBC1_8MHZ                   
000010fe  CALDCO_1MHZ                   
000010ff  CALBC1_1MHZ                   
0000c000  main                          
0000c57c  __mspabi_divull               
0000c8dc  BME280_compensate_P_int64     
0000cb72  BME280_read                   
0000ce6e  __mspabi_divlli               
0000cfb6  BME280_compensate_H_int32     
0000d1e8  __mspabi_mpyll                
0000d1e8  __mspabi_mpyll_sw             
0000d2fc  __TI_printfi_minimal          
0000d3e8  ssd1306_init                  
0000d57e  BME280_compensate_T_int32     
0000d60c  __TI_decompress_lzss          
0000d688  ssd1306_printText             
0000d700  itoa                          
0000d76a  USCIAB0TX_ISR                 
0000d7ca  i2c_readAddress               
0000d826  __mspabi_srll_15              
0000d82c  __mspabi_srll_14              
0000d832  __mspabi_srll_13              
0000d838  __mspabi_srll_12              
0000d83e  __mspabi_srll_11              
0000d844  __mspabi_srll_10              
0000d84a  __mspabi_srll_9               
0000d850  __mspabi_srll_8               
0000d856  __mspabi_srll_7               
0000d85c  __mspabi_srll_6               
0000d862  __mspabi_srll_5               
0000d868  __mspabi_srll_4               
0000d86e  __mspabi_srll_3               
0000d874  __mspabi_srll_2               
0000d87a  __mspabi_srll_1               
0000d882  __mspabi_divul                
0000d882  __mspabi_remul                
0000d8da  BME280_init                   
0000d92c  display_startup               
0000d97a  __mspabi_srli                 
0000d988  __mspabi_srli_15              
0000d98c  __mspabi_srli_14              
0000d990  __mspabi_srli_13              
0000d994  __mspabi_srli_12              
0000d998  __mspabi_srli_11              
0000d99c  __mspabi_srli_10              
0000d9a0  __mspabi_srli_9               
0000d9a4  __mspabi_srli_8               
0000d9a8  __mspabi_srli_7               
0000d9ac  __mspabi_srli_6               
0000d9b0  __mspabi_srli_5               
0000d9b4  __mspabi_srli_4               
0000d9b8  __mspabi_srli_3               
0000d9bc  __mspabi_srli_2               
0000d9c0  __mspabi_srli_1               
0000d9c6  __mspabi_srall                
0000da10  ssd1306_clearDisplay          
0000da58  ssd1306_setPosition           
0000daa0  __mspabi_srlll                
0000dae6  __mspabi_sllll                
0000db2a  __TI_auto_init_nobinit_nopinit
0000db6c  __mspabi_divli                
0000db6c  __mspabi_remli                
0000dbac  __mspabi_sral_15              
0000dbb0  __mspabi_sral_14              
0000dbb4  __mspabi_sral_13              
0000dbb8  __mspabi_sral_12              
0000dbbc  __mspabi_sral_11              
0000dbc0  __mspabi_sral_10              
0000dbc4  __mspabi_sral_9               
0000dbc8  __mspabi_sral_8               
0000dbcc  __mspabi_sral_7               
0000dbd0  __mspabi_sral_6               
0000dbd4  __mspabi_sral_5               
0000dbd8  __mspabi_sral_4               
0000dbdc  __mspabi_sral_3               
0000dbe0  __mspabi_sral_2               
0000dbe4  __mspabi_sral_1               
0000dbea  __mspabi_slll_15              
0000dbee  __mspabi_slll_14              
0000dbf2  __mspabi_slll_13              
0000dbf6  __mspabi_slll_12              
0000dbfa  __mspabi_slll_11              
0000dbfe  __mspabi_slll_10              
0000dc02  __mspabi_slll_9               
0000dc06  __mspabi_slll_8               
0000dc0a  __mspabi_slll_7               
0000dc0e  __mspabi_slll_6               
0000dc12  __mspabi_slll_5               
0000dc16  __mspabi_slll_4               
0000dc1a  __mspabi_slll_3               
0000dc1e  __mspabi_slll_2               
0000dc22  __mspabi_slll_1               
0000dc28  TI_USCI_I2C_receiveinit       
0000dc60  TI_USCI_I2C_transmitinit      
0000dc98  sprintf                       
0000dcd0  TI_USCI_I2C_receive           
0000dd04  i2c_write                     
0000dd32  __mspabi_srai                 
0000dd3e  __mspabi_srai_15              
0000dd40  __mspabi_srai_14              
0000dd42  __mspabi_srai_13              
0000dd44  __mspabi_srai_12              
0000dd46  __mspabi_srai_11              
0000dd48  __mspabi_srai_10              
0000dd4a  __mspabi_srai_9               
0000dd4c  __mspabi_srai_8               
0000dd4e  __mspabi_srai_7               
0000dd50  __mspabi_srai_6               
0000dd52  __mspabi_srai_5               
0000dd54  __mspabi_srai_4               
0000dd56  __mspabi_srai_3               
0000dd58  __mspabi_srai_2               
0000dd5a  __mspabi_srai_1               
0000dd5e  __mspabi_divi                 
0000dd5e  __mspabi_remi                 
0000dd8a  __mspabi_slli                 
0000dd96  __mspabi_slli_15              
0000dd98  __mspabi_slli_14              
0000dd9a  __mspabi_slli_13              
0000dd9c  __mspabi_slli_12              
0000dd9e  __mspabi_slli_11              
0000dda0  __mspabi_slli_10              
0000dda2  __mspabi_slli_9               
0000dda4  __mspabi_slli_8               
0000dda6  __mspabi_slli_7               
0000dda8  __mspabi_slli_6               
0000ddaa  __mspabi_slli_5               
0000ddac  __mspabi_slli_4               
0000ddae  __mspabi_slli_3               
0000ddb0  __mspabi_slli_2               
0000ddb2  __mspabi_slli_1               
0000ddb6  __mspabi_mpyl                 
0000ddb6  __mspabi_mpyl_sw              
0000de00  uart_init                     
0000de24  __mspabi_mpyul                
0000de24  __mspabi_mpyul_sw             
0000de46  memccpy                       
0000de68  ConfigureAdc_light            
0000de86  ConfigClocks                  
0000dea2  ConfigureAdc_water            
0000debe  _c_int00_noargs               
0000df0e  ssd1306_command               
0000df26  llabs                         
0000df3c  port_init                     
0000df52  __mspabi_divu                 
0000df52  __mspabi_remu                 
0000df68  strreverse                    
0000df7e  TI_USCI_I2C_transmit          
0000df92  __TI_zero_init_nomemset       
0000dfa6  memset                        
0000dfba  __mspabi_mpyi                 
0000dfba  __mspabi_mpyi_sw              
0000dfe0  __TI_decompress_none          
0000dff2  __mspabi_srll                 
0000e004  memcpy                        
0000e016  USCIAB0RX_ISR                 
0000e026  __mspabi_func_epilog_7        
0000e028  __mspabi_func_epilog_6        
0000e02a  __mspabi_func_epilog_5        
0000e02c  __mspabi_func_epilog_4        
0000e02e  __mspabi_func_epilog_3        
0000e030  __mspabi_func_epilog_2        
0000e032  __mspabi_func_epilog_1        
0000e036  BME280_readRegArray           
0000e044  strlen                        
0000e052  BME280_reset                  
0000e05e  TI_USCI_I2C_notready          
0000e068  i2c_init                      
0000e072  __TI_ISR_TRAP                 
0000e07a  C$$EXIT                       
0000e07a  abort                         
0000e080  _system_pre_init              
0000e084  _system_post_cinit            
0000e086  font_5x7                      
0000e308  __TI_Handler_Table_Base       
0000e30e  __TI_Handler_Table_Limit      
0000e312  __TI_CINIT_Base               
0000e31a  __TI_CINIT_Limit              
0000ffe0  __TI_int00                    
0000ffe4  __TI_int02                    
0000ffe6  __TI_int03                    
0000ffea  __TI_int05                    
0000ffec  __TI_int06                    
0000ffee  __TI_int07                    
0000fff0  __TI_int08                    
0000fff2  __TI_int09                    
0000fff4  __TI_int10                    
0000fff6  __TI_int11                    
0000fff8  __TI_int12                    
0000fffa  __TI_int13                    
0000fffc  __TI_int14                    
0000fffe  _reset_vector                 
ffffffff  __TI_pprof_out_hndl           
ffffffff  __TI_prof_data_size           
ffffffff  __TI_prof_data_start          
ffffffff  __c_args__                    

[311 symbols]
