<?xml version="1.0" encoding="ISO-8859-1" ?>
<link_info>
   <banner>MSP430 Linker PC v20.2.5.LTS</banner>
   <copyright>Copyright (c) 2003-2018 Texas Instruments Incorporated</copyright>
   <link_time>0x61bac420</link_time>
   <link_errors>0x0</link_errors>
   <output_file>TopLevel_Embedded.out</output_file>
   <entry_point>
      <name>_c_int00_noargs</name>
      <address>0xdebe</address>
   </entry_point>
   <input_file_list>
      <input_file id="fl-2">
         <path>.\</path>
         <kind>object</kind>
         <file>BME280.obj</file>
         <name>BME280.obj</name>
      </input_file>
      <input_file id="fl-3">
         <path>.\</path>
         <kind>object</kind>
         <file>TI_USCI_I2C_master.obj</file>
         <name>TI_USCI_I2C_master.obj</name>
      </input_file>
      <input_file id="fl-4">
         <path>.\</path>
         <kind>object</kind>
         <file>i2c.obj</file>
         <name>i2c.obj</name>
      </input_file>
      <input_file id="fl-5">
         <path>.\</path>
         <kind>object</kind>
         <file>main.obj</file>
         <name>main.obj</name>
      </input_file>
      <input_file id="fl-6">
         <path>.\</path>
         <kind>object</kind>
         <file>ssd1306.obj</file>
         <name>ssd1306.obj</name>
      </input_file>
      <input_file id="fl-b">
         <kind>object</kind>
         <file>&lt;internal&gt;</file>
         <name>&lt;internal&gt;</name>
      </input_file>
      <input_file id="fl-21">
         <path>C:\ti\ccs1040\ccs\tools\compiler\ti-cgt-msp430_20.2.5.LTS\lib\</path>
         <kind>archive</kind>
         <file>rts430_eabi.lib</file>
         <name>sprintf.c.obj</name>
      </input_file>
      <input_file id="fl-22">
         <path>C:\ti\ccs1040\ccs\tools\compiler\ti-cgt-msp430_20.2.5.LTS\lib\</path>
         <kind>archive</kind>
         <file>rts430_eabi.lib</file>
         <name>asr16.asm.obj</name>
      </input_file>
      <input_file id="fl-23">
         <path>C:\ti\ccs1040\ccs\tools\compiler\ti-cgt-msp430_20.2.5.LTS\lib\</path>
         <kind>archive</kind>
         <file>rts430_eabi.lib</file>
         <name>asr32.asm.obj</name>
      </input_file>
      <input_file id="fl-24">
         <path>C:\ti\ccs1040\ccs\tools\compiler\ti-cgt-msp430_20.2.5.LTS\lib\</path>
         <kind>archive</kind>
         <file>rts430_eabi.lib</file>
         <name>div16s.asm.obj</name>
      </input_file>
      <input_file id="fl-25">
         <path>C:\ti\ccs1040\ccs\tools\compiler\ti-cgt-msp430_20.2.5.LTS\lib\</path>
         <kind>archive</kind>
         <file>rts430_eabi.lib</file>
         <name>div16u.asm.obj</name>
      </input_file>
      <input_file id="fl-26">
         <path>C:\ti\ccs1040\ccs\tools\compiler\ti-cgt-msp430_20.2.5.LTS\lib\</path>
         <kind>archive</kind>
         <file>rts430_eabi.lib</file>
         <name>div32s.asm.obj</name>
      </input_file>
      <input_file id="fl-27">
         <path>C:\ti\ccs1040\ccs\tools\compiler\ti-cgt-msp430_20.2.5.LTS\lib\</path>
         <kind>archive</kind>
         <file>rts430_eabi.lib</file>
         <name>div32u.asm.obj</name>
      </input_file>
      <input_file id="fl-28">
         <path>C:\ti\ccs1040\ccs\tools\compiler\ti-cgt-msp430_20.2.5.LTS\lib\</path>
         <kind>archive</kind>
         <file>rts430_eabi.lib</file>
         <name>epilog.asm.obj</name>
      </input_file>
      <input_file id="fl-29">
         <path>C:\ti\ccs1040\ccs\tools\compiler\ti-cgt-msp430_20.2.5.LTS\lib\</path>
         <kind>archive</kind>
         <file>rts430_eabi.lib</file>
         <name>int00.asm.obj</name>
      </input_file>
      <input_file id="fl-2a">
         <path>C:\ti\ccs1040\ccs\tools\compiler\ti-cgt-msp430_20.2.5.LTS\lib\</path>
         <kind>archive</kind>
         <file>rts430_eabi.lib</file>
         <name>int02.asm.obj</name>
      </input_file>
      <input_file id="fl-2b">
         <path>C:\ti\ccs1040\ccs\tools\compiler\ti-cgt-msp430_20.2.5.LTS\lib\</path>
         <kind>archive</kind>
         <file>rts430_eabi.lib</file>
         <name>int03.asm.obj</name>
      </input_file>
      <input_file id="fl-2c">
         <path>C:\ti\ccs1040\ccs\tools\compiler\ti-cgt-msp430_20.2.5.LTS\lib\</path>
         <kind>archive</kind>
         <file>rts430_eabi.lib</file>
         <name>int05.asm.obj</name>
      </input_file>
      <input_file id="fl-2d">
         <path>C:\ti\ccs1040\ccs\tools\compiler\ti-cgt-msp430_20.2.5.LTS\lib\</path>
         <kind>archive</kind>
         <file>rts430_eabi.lib</file>
         <name>int08.asm.obj</name>
      </input_file>
      <input_file id="fl-2e">
         <path>C:\ti\ccs1040\ccs\tools\compiler\ti-cgt-msp430_20.2.5.LTS\lib\</path>
         <kind>archive</kind>
         <file>rts430_eabi.lib</file>
         <name>int09.asm.obj</name>
      </input_file>
      <input_file id="fl-2f">
         <path>C:\ti\ccs1040\ccs\tools\compiler\ti-cgt-msp430_20.2.5.LTS\lib\</path>
         <kind>archive</kind>
         <file>rts430_eabi.lib</file>
         <name>int10.asm.obj</name>
      </input_file>
      <input_file id="fl-30">
         <path>C:\ti\ccs1040\ccs\tools\compiler\ti-cgt-msp430_20.2.5.LTS\lib\</path>
         <kind>archive</kind>
         <file>rts430_eabi.lib</file>
         <name>int11.asm.obj</name>
      </input_file>
      <input_file id="fl-31">
         <path>C:\ti\ccs1040\ccs\tools\compiler\ti-cgt-msp430_20.2.5.LTS\lib\</path>
         <kind>archive</kind>
         <file>rts430_eabi.lib</file>
         <name>int12.asm.obj</name>
      </input_file>
      <input_file id="fl-32">
         <path>C:\ti\ccs1040\ccs\tools\compiler\ti-cgt-msp430_20.2.5.LTS\lib\</path>
         <kind>archive</kind>
         <file>rts430_eabi.lib</file>
         <name>int13.asm.obj</name>
      </input_file>
      <input_file id="fl-33">
         <path>C:\ti\ccs1040\ccs\tools\compiler\ti-cgt-msp430_20.2.5.LTS\lib\</path>
         <kind>archive</kind>
         <file>rts430_eabi.lib</file>
         <name>int14.asm.obj</name>
      </input_file>
      <input_file id="fl-34">
         <path>C:\ti\ccs1040\ccs\tools\compiler\ti-cgt-msp430_20.2.5.LTS\lib\</path>
         <kind>archive</kind>
         <file>rts430_eabi.lib</file>
         <name>isr_trap.asm.obj</name>
      </input_file>
      <input_file id="fl-35">
         <path>C:\ti\ccs1040\ccs\tools\compiler\ti-cgt-msp430_20.2.5.LTS\lib\</path>
         <kind>archive</kind>
         <file>rts430_eabi.lib</file>
         <name>lsl16.asm.obj</name>
      </input_file>
      <input_file id="fl-36">
         <path>C:\ti\ccs1040\ccs\tools\compiler\ti-cgt-msp430_20.2.5.LTS\lib\</path>
         <kind>archive</kind>
         <file>rts430_eabi.lib</file>
         <name>lsl32.asm.obj</name>
      </input_file>
      <input_file id="fl-37">
         <path>C:\ti\ccs1040\ccs\tools\compiler\ti-cgt-msp430_20.2.5.LTS\lib\</path>
         <kind>archive</kind>
         <file>rts430_eabi.lib</file>
         <name>lsr32.asm.obj</name>
      </input_file>
      <input_file id="fl-38">
         <path>C:\ti\ccs1040\ccs\tools\compiler\ti-cgt-msp430_20.2.5.LTS\lib\</path>
         <kind>archive</kind>
         <file>rts430_eabi.lib</file>
         <name>mult16.asm.obj</name>
      </input_file>
      <input_file id="fl-39">
         <path>C:\ti\ccs1040\ccs\tools\compiler\ti-cgt-msp430_20.2.5.LTS\lib\</path>
         <kind>archive</kind>
         <file>rts430_eabi.lib</file>
         <name>mult32.asm.obj</name>
      </input_file>
      <input_file id="fl-3a">
         <path>C:\ti\ccs1040\ccs\tools\compiler\ti-cgt-msp430_20.2.5.LTS\lib\</path>
         <kind>archive</kind>
         <file>rts430_eabi.lib</file>
         <name>mult64.asm.obj</name>
      </input_file>
      <input_file id="fl-3b">
         <path>C:\ti\ccs1040\ccs\tools\compiler\ti-cgt-msp430_20.2.5.LTS\lib\</path>
         <kind>archive</kind>
         <file>rts430_eabi.lib</file>
         <name>boot.c.obj</name>
      </input_file>
      <input_file id="fl-3c">
         <path>C:\ti\ccs1040\ccs\tools\compiler\ti-cgt-msp430_20.2.5.LTS\lib\</path>
         <kind>archive</kind>
         <file>rts430_eabi.lib</file>
         <name>autoinit.c.obj</name>
      </input_file>
      <input_file id="fl-3d">
         <path>C:\ti\ccs1040\ccs\tools\compiler\ti-cgt-msp430_20.2.5.LTS\lib\</path>
         <kind>archive</kind>
         <file>rts430_eabi.lib</file>
         <name>copy_zero_init.c.obj</name>
      </input_file>
      <input_file id="fl-3e">
         <path>C:\ti\ccs1040\ccs\tools\compiler\ti-cgt-msp430_20.2.5.LTS\lib\</path>
         <kind>archive</kind>
         <file>rts430_eabi.lib</file>
         <name>cpy_tbl.c.obj</name>
      </input_file>
      <input_file id="fl-3f">
         <path>C:\ti\ccs1040\ccs\tools\compiler\ti-cgt-msp430_20.2.5.LTS\lib\</path>
         <kind>archive</kind>
         <file>rts430_eabi.lib</file>
         <name>mpu_init.c.obj</name>
      </input_file>
      <input_file id="fl-40">
         <path>C:\ti\ccs1040\ccs\tools\compiler\ti-cgt-msp430_20.2.5.LTS\lib\</path>
         <kind>archive</kind>
         <file>rts430_eabi.lib</file>
         <name>asr64.c.obj</name>
      </input_file>
      <input_file id="fl-41">
         <path>C:\ti\ccs1040\ccs\tools\compiler\ti-cgt-msp430_20.2.5.LTS\lib\</path>
         <kind>archive</kind>
         <file>rts430_eabi.lib</file>
         <name>lsl64.c.obj</name>
      </input_file>
      <input_file id="fl-42">
         <path>C:\ti\ccs1040\ccs\tools\compiler\ti-cgt-msp430_20.2.5.LTS\lib\</path>
         <kind>archive</kind>
         <file>rts430_eabi.lib</file>
         <name>div64s.c.obj</name>
      </input_file>
      <input_file id="fl-43">
         <path>C:\ti\ccs1040\ccs\tools\compiler\ti-cgt-msp430_20.2.5.LTS\lib\</path>
         <kind>archive</kind>
         <file>rts430_eabi.lib</file>
         <name>div64u.c.obj</name>
      </input_file>
      <input_file id="fl-44">
         <path>C:\ti\ccs1040\ccs\tools\compiler\ti-cgt-msp430_20.2.5.LTS\lib\</path>
         <kind>archive</kind>
         <file>rts430_eabi.lib</file>
         <name>pre_init.c.obj</name>
      </input_file>
      <input_file id="fl-45">
         <path>C:\ti\ccs1040\ccs\tools\compiler\ti-cgt-msp430_20.2.5.LTS\lib\</path>
         <kind>archive</kind>
         <file>rts430_eabi.lib</file>
         <name>startup.c.obj</name>
      </input_file>
      <input_file id="fl-46">
         <path>C:\ti\ccs1040\ccs\tools\compiler\ti-cgt-msp430_20.2.5.LTS\lib\</path>
         <kind>archive</kind>
         <file>rts430_eabi.lib</file>
         <name>copy_decompress_none.c.obj</name>
      </input_file>
      <input_file id="fl-47">
         <path>C:\ti\ccs1040\ccs\tools\compiler\ti-cgt-msp430_20.2.5.LTS\lib\</path>
         <kind>archive</kind>
         <file>rts430_eabi.lib</file>
         <name>copy_decompress_lzss.c.obj</name>
      </input_file>
      <input_file id="fl-48">
         <path>C:\ti\ccs1040\ccs\tools\compiler\ti-cgt-msp430_20.2.5.LTS\lib\</path>
         <kind>archive</kind>
         <file>rts430_eabi.lib</file>
         <name>exit.c.obj</name>
      </input_file>
      <input_file id="fl-49">
         <path>C:\ti\ccs1040\ccs\tools\compiler\ti-cgt-msp430_20.2.5.LTS\lib\</path>
         <kind>archive</kind>
         <file>rts430_eabi.lib</file>
         <name>_lock.c.obj</name>
      </input_file>
      <input_file id="fl-4a">
         <path>C:\ti\ccs1040\ccs\tools\compiler\ti-cgt-msp430_20.2.5.LTS\lib\</path>
         <kind>archive</kind>
         <file>rts430_eabi.lib</file>
         <name>args_main.c.obj</name>
      </input_file>
      <input_file id="fl-4b">
         <path>C:\ti\ccs1040\ccs\tools\compiler\ti-cgt-msp430_20.2.5.LTS\lib\</path>
         <kind>archive</kind>
         <file>rts430_eabi.lib</file>
         <name>memcpy.c.obj</name>
      </input_file>
      <input_file id="fl-4c">
         <path>C:\ti\ccs1040\ccs\tools\compiler\ti-cgt-msp430_20.2.5.LTS\lib\</path>
         <kind>archive</kind>
         <file>rts430_eabi.lib</file>
         <name>memset.c.obj</name>
      </input_file>
      <input_file id="fl-4d">
         <path>C:\ti\ccs1040\ccs\tools\compiler\ti-cgt-msp430_20.2.5.LTS\lib\</path>
         <kind>archive</kind>
         <file>rts430_eabi.lib</file>
         <name>strlen.c.obj</name>
      </input_file>
      <input_file id="fl-4e">
         <path>C:\ti\ccs1040\ccs\tools\compiler\ti-cgt-msp430_20.2.5.LTS\lib\</path>
         <kind>archive</kind>
         <file>rts430_eabi.lib</file>
         <name>llabs.c.obj</name>
      </input_file>
      <input_file id="fl-4f">
         <path>C:\ti\ccs1040\ccs\tools\compiler\ti-cgt-msp430_20.2.5.LTS\lib\</path>
         <kind>archive</kind>
         <file>rts430_eabi.lib</file>
         <name>_printfi_min.c.obj</name>
      </input_file>
      <input_file id="fl-50">
         <path>C:\ti\ccs1040\ccs\tools\compiler\ti-cgt-msp430_20.2.5.LTS\lib\</path>
         <kind>archive</kind>
         <file>rts430_eabi.lib</file>
         <name>lsr16.asm.obj</name>
      </input_file>
      <input_file id="fl-51">
         <path>C:\ti\ccs1040\ccs\tools\compiler\ti-cgt-msp430_20.2.5.LTS\lib\</path>
         <kind>archive</kind>
         <file>rts430_eabi.lib</file>
         <name>mult1632.asm.obj</name>
      </input_file>
      <input_file id="fl-52">
         <path>C:\ti\ccs1040\ccs\tools\compiler\ti-cgt-msp430_20.2.5.LTS\lib\</path>
         <kind>archive</kind>
         <file>rts430_eabi.lib</file>
         <name>exit_gvars.c.obj</name>
      </input_file>
      <input_file id="fl-53">
         <path>C:\ti\ccs1040\ccs\tools\compiler\ti-cgt-msp430_20.2.5.LTS\lib\</path>
         <kind>archive</kind>
         <file>rts430_eabi.lib</file>
         <name>lsr64.c.obj</name>
      </input_file>
      <input_file id="fl-54">
         <path>C:\ti\ccs1040\ccs\tools\compiler\ti-cgt-msp430_20.2.5.LTS\lib\</path>
         <kind>archive</kind>
         <file>rts430_eabi.lib</file>
         <name>memccpy.c.obj</name>
      </input_file>
   </input_file_list>
   <object_component_list>
      <object_component id="oc-32a">
         <name>.bss:mCalibrationData</name>
         <uninitialized>true</uninitialized>
         <run_address>0x264</run_address>
         <size>0x24</size>
         <input_file_ref idref="fl-2"/>
      </object_component>
      <object_component id="oc-244">
         <name>.common:t_fine</name>
         <uninitialized>true</uninitialized>
         <run_address>0x2d4</run_address>
         <size>0x4</size>
      </object_component>
      <object_component id="oc-143">
         <name>.common:byteCtr</name>
         <uninitialized>true</uninitialized>
         <run_address>0x2e4</run_address>
         <size>0x1</size>
      </object_component>
      <object_component id="oc-14a">
         <name>.common:TI_receive_field</name>
         <uninitialized>true</uninitialized>
         <run_address>0x2e0</run_address>
         <size>0x2</size>
      </object_component>
      <object_component id="oc-149">
         <name>.common:TI_transmit_field</name>
         <uninitialized>true</uninitialized>
         <run_address>0x2e2</run_address>
         <size>0x2</size>
      </object_component>
      <object_component id="oc-26d">
         <name>.common:buffer</name>
         <uninitialized>true</uninitialized>
         <run_address>0x288</run_address>
         <size>0x12</size>
      </object_component>
      <object_component id="oc-1ed">
         <name>.common:light_Raw</name>
         <uninitialized>true</uninitialized>
         <run_address>0x2d0</run_address>
         <size>0x4</size>
      </object_component>
      <object_component id="oc-1b7">
         <name>.common:lightLevel</name>
         <uninitialized>true</uninitialized>
         <run_address>0x2cc</run_address>
         <size>0x4</size>
      </object_component>
      <object_component id="oc-1e6">
         <name>.common:water_Raw</name>
         <uninitialized>true</uninitialized>
         <run_address>0x2dc</run_address>
         <size>0x4</size>
      </object_component>
      <object_component id="oc-1c5">
         <name>.common:waterLevel</name>
         <uninitialized>true</uninitialized>
         <run_address>0x2d8</run_address>
         <size>0x4</size>
      </object_component>
      <object_component id="oc-1ee">
         <name>.common:result</name>
         <uninitialized>true</uninitialized>
         <run_address>0x200</run_address>
         <size>0x64</size>
      </object_component>
      <object_component id="oc-1bb">
         <name>.common:lightChar</name>
         <uninitialized>true</uninitialized>
         <run_address>0x2a4</run_address>
         <size>0xa</size>
      </object_component>
      <object_component id="oc-1c6">
         <name>.common:moistChar</name>
         <uninitialized>true</uninitialized>
         <run_address>0x2ae</run_address>
         <size>0xa</size>
      </object_component>
      <object_component id="oc-1c7">
         <name>.common:tempChar</name>
         <uninitialized>true</uninitialized>
         <run_address>0x2c2</run_address>
         <size>0xa</size>
      </object_component>
      <object_component id="oc-1c8">
         <name>.common:humidChar</name>
         <uninitialized>true</uninitialized>
         <run_address>0x29a</run_address>
         <size>0xa</size>
      </object_component>
      <object_component id="oc-1ce">
         <name>.common:pressChar</name>
         <uninitialized>true</uninitialized>
         <run_address>0x2b8</run_address>
         <size>0xa</size>
      </object_component>
      <object_component id="oc-146">
         <name>.data</name>
         <load_address>0x30b</load_address>
         <run_address>0x30b</run_address>
         <size>0x1</size>
         <input_file_ref idref="fl-3"/>
      </object_component>
      <object_component id="oc-1c2">
         <name>.data</name>
         <load_address>0x30c</load_address>
         <run_address>0x30c</run_address>
         <size>0x4</size>
         <input_file_ref idref="fl-5"/>
      </object_component>
      <object_component id="oc-2e4">
         <name>.data:num$1</name>
         <load_address>0x2e6</load_address>
         <run_address>0x2e6</run_address>
         <size>0x25</size>
         <input_file_ref idref="fl-5"/>
      </object_component>
      <object_component id="oc-b1">
         <name>.stack</name>
         <uninitialized>true</uninitialized>
         <run_address>0x3b0</run_address>
         <size>0x2</size>
         <input_file_ref idref="fl-3b"/>
      </object_component>
      <object_component id="oc-470">
         <name>.stack</name>
         <uninitialized>true</uninitialized>
         <run_address>0x3b0</run_address>
         <size>0x0</size>
      </object_component>
      <object_component id="oc-15b">
         <name>.text:main</name>
         <load_address>0xc000</load_address>
         <run_address>0xc000</run_address>
         <size>0x57c</size>
         <input_file_ref idref="fl-5"/>
      </object_component>
      <object_component id="oc-3f5">
         <name>.text:__mspabi_divull</name>
         <load_address>0xc57c</load_address>
         <run_address>0xc57c</run_address>
         <size>0x360</size>
         <input_file_ref idref="fl-43"/>
      </object_component>
      <object_component id="oc-2c5">
         <name>.text:BME280_compensate_P_int64</name>
         <load_address>0xc8dc</load_address>
         <run_address>0xc8dc</run_address>
         <size>0x296</size>
         <input_file_ref idref="fl-2"/>
      </object_component>
      <object_component id="oc-1d5">
         <name>.text:BME280_read</name>
         <load_address>0xcb72</load_address>
         <run_address>0xcb72</run_address>
         <size>0x194</size>
         <input_file_ref idref="fl-2"/>
      </object_component>
      <object_component id="oc-259">
         <name>.text:BME280_readCalibrationValues</name>
         <load_address>0xcd06</load_address>
         <run_address>0xcd06</run_address>
         <size>0x168</size>
         <input_file_ref idref="fl-2"/>
      </object_component>
      <object_component id="oc-381">
         <name>.text:__mspabi_divlli</name>
         <load_address>0xce6e</load_address>
         <run_address>0xce6e</run_address>
         <size>0x148</size>
         <input_file_ref idref="fl-42"/>
      </object_component>
      <object_component id="oc-2cb">
         <name>.text:BME280_compensate_H_int32</name>
         <load_address>0xcfb6</load_address>
         <run_address>0xcfb6</run_address>
         <size>0x11c</size>
         <input_file_ref idref="fl-2"/>
      </object_component>
      <object_component id="oc-348">
         <name>.text:_setfield</name>
         <load_address>0xd0d2</load_address>
         <run_address>0xd0d2</run_address>
         <size>0x116</size>
         <input_file_ref idref="fl-4f"/>
      </object_component>
      <object_component id="oc-370">
         <name>.text:__mpyll</name>
         <load_address>0xd1e8</load_address>
         <run_address>0xd1e8</run_address>
         <size>0x114</size>
         <input_file_ref idref="fl-3a"/>
      </object_component>
      <object_component id="oc-295">
         <name>.text:__TI_printfi_minimal</name>
         <load_address>0xd2fc</load_address>
         <run_address>0xd2fc</run_address>
         <size>0xec</size>
         <input_file_ref idref="fl-4f"/>
      </object_component>
      <object_component id="oc-1a5">
         <name>.text:ssd1306_init</name>
         <load_address>0xd3e8</load_address>
         <run_address>0xd3e8</run_address>
         <size>0xcc</size>
         <input_file_ref idref="fl-6"/>
      </object_component>
      <object_component id="oc-3c3">
         <name>.text:_pproc_diouxp</name>
         <load_address>0xd4b4</load_address>
         <run_address>0xd4b4</run_address>
         <size>0xca</size>
         <input_file_ref idref="fl-4f"/>
      </object_component>
      <object_component id="oc-2bf">
         <name>.text:BME280_compensate_T_int32</name>
         <load_address>0xd57e</load_address>
         <run_address>0xd57e</run_address>
         <size>0x8e</size>
         <input_file_ref idref="fl-2"/>
      </object_component>
      <object_component id="oc-34">
         <name>.text:decompress:lzss:__TI_decompress_lzss</name>
         <load_address>0xd60c</load_address>
         <run_address>0xd60c</run_address>
         <size>0x7c</size>
         <input_file_ref idref="fl-47"/>
      </object_component>
      <object_component id="oc-1cf">
         <name>.text:ssd1306_printText</name>
         <load_address>0xd688</load_address>
         <run_address>0xd688</run_address>
         <size>0x78</size>
         <input_file_ref idref="fl-6"/>
      </object_component>
      <object_component id="oc-1ef">
         <name>.text:itoa</name>
         <load_address>0xd700</load_address>
         <run_address>0xd700</run_address>
         <size>0x6a</size>
         <input_file_ref idref="fl-5"/>
      </object_component>
      <object_component id="oc-e1">
         <name>.text:USCIAB0TX_ISR</name>
         <load_address>0xd76a</load_address>
         <run_address>0xd76a</run_address>
         <size>0x60</size>
         <input_file_ref idref="fl-3"/>
      </object_component>
      <object_component id="oc-361">
         <name>.text:i2c_readAddress</name>
         <load_address>0xd7ca</load_address>
         <run_address>0xd7ca</run_address>
         <size>0x5c</size>
         <input_file_ref idref="fl-4"/>
      </object_component>
      <object_component id="oc-2db">
         <name>.text:l_lsr_const</name>
         <load_address>0xd826</load_address>
         <run_address>0xd826</run_address>
         <size>0x5c</size>
         <input_file_ref idref="fl-37"/>
      </object_component>
      <object_component id="oc-1db">
         <name>.text</name>
         <load_address>0xd882</load_address>
         <run_address>0xd882</run_address>
         <size>0x58</size>
         <input_file_ref idref="fl-27"/>
      </object_component>
      <object_component id="oc-19f">
         <name>.text:BME280_init</name>
         <load_address>0xd8da</load_address>
         <run_address>0xd8da</run_address>
         <size>0x52</size>
         <input_file_ref idref="fl-2"/>
      </object_component>
      <object_component id="oc-1b1">
         <name>.text:display_startup</name>
         <load_address>0xd92c</load_address>
         <run_address>0xd92c</run_address>
         <size>0x4e</size>
         <input_file_ref idref="fl-5"/>
      </object_component>
      <object_component id="oc-ba">
         <name>.text</name>
         <load_address>0xd97a</load_address>
         <run_address>0xd97a</run_address>
         <size>0x4c</size>
         <input_file_ref idref="fl-50"/>
      </object_component>
      <object_component id="oc-375">
         <name>.text:__mspabi_srall</name>
         <load_address>0xd9c6</load_address>
         <run_address>0xd9c6</run_address>
         <size>0x4a</size>
         <input_file_ref idref="fl-40"/>
      </object_component>
      <object_component id="oc-1ab">
         <name>.text:ssd1306_clearDisplay</name>
         <load_address>0xda10</load_address>
         <run_address>0xda10</run_address>
         <size>0x48</size>
         <input_file_ref idref="fl-6"/>
      </object_component>
      <object_component id="oc-267">
         <name>.text:ssd1306_setPosition</name>
         <load_address>0xda58</load_address>
         <run_address>0xda58</run_address>
         <size>0x48</size>
         <input_file_ref idref="fl-6"/>
      </object_component>
      <object_component id="oc-418">
         <name>.text:__mspabi_srlll</name>
         <load_address>0xdaa0</load_address>
         <run_address>0xdaa0</run_address>
         <size>0x46</size>
         <input_file_ref idref="fl-53"/>
      </object_component>
      <object_component id="oc-37b">
         <name>.text:__mspabi_sllll</name>
         <load_address>0xdae6</load_address>
         <run_address>0xdae6</run_address>
         <size>0x44</size>
         <input_file_ref idref="fl-41"/>
      </object_component>
      <object_component id="oc-202">
         <name>.text:__TI_auto_init_nobinit_nopinit:__TI_auto_init_nobinit_nopinit</name>
         <load_address>0xdb2a</load_address>
         <run_address>0xdb2a</run_address>
         <size>0x42</size>
         <input_file_ref idref="fl-3c"/>
      </object_component>
      <object_component id="oc-2d1">
         <name>.text</name>
         <load_address>0xdb6c</load_address>
         <run_address>0xdb6c</run_address>
         <size>0x40</size>
         <input_file_ref idref="fl-26"/>
      </object_component>
      <object_component id="oc-36a">
         <name>.text:l_asr_const</name>
         <load_address>0xdbac</load_address>
         <run_address>0xdbac</run_address>
         <size>0x3e</size>
         <input_file_ref idref="fl-23"/>
      </object_component>
      <object_component id="oc-2b5">
         <name>.text:l_lsl_const</name>
         <load_address>0xdbea</load_address>
         <run_address>0xdbea</run_address>
         <size>0x3e</size>
         <input_file_ref idref="fl-36"/>
      </object_component>
      <object_component id="oc-3d9">
         <name>.text:TI_USCI_I2C_receiveinit</name>
         <load_address>0xdc28</load_address>
         <run_address>0xdc28</run_address>
         <size>0x38</size>
         <input_file_ref idref="fl-3"/>
      </object_component>
      <object_component id="oc-238">
         <name>.text:TI_USCI_I2C_transmitinit</name>
         <load_address>0xdc60</load_address>
         <run_address>0xdc60</run_address>
         <size>0x38</size>
         <input_file_ref idref="fl-3"/>
      </object_component>
      <object_component id="oc-1bc">
         <name>.text:sprintf</name>
         <load_address>0xdc98</load_address>
         <run_address>0xdc98</run_address>
         <size>0x38</size>
         <input_file_ref idref="fl-21"/>
      </object_component>
      <object_component id="oc-3df">
         <name>.text:TI_USCI_I2C_receive</name>
         <load_address>0xdcd0</load_address>
         <run_address>0xdcd0</run_address>
         <size>0x34</size>
         <input_file_ref idref="fl-3"/>
      </object_component>
      <object_component id="oc-270">
         <name>.text:i2c_write</name>
         <load_address>0xdd04</load_address>
         <run_address>0xdd04</run_address>
         <size>0x2e</size>
         <input_file_ref idref="fl-4"/>
      </object_component>
      <object_component id="oc-2ba">
         <name>.text</name>
         <load_address>0xdd32</load_address>
         <run_address>0xdd32</run_address>
         <size>0x2c</size>
         <input_file_ref idref="fl-22"/>
      </object_component>
      <object_component id="oc-1c9">
         <name>.text</name>
         <load_address>0xdd5e</load_address>
         <run_address>0xdd5e</run_address>
         <size>0x2c</size>
         <input_file_ref idref="fl-24"/>
      </object_component>
      <object_component id="oc-b5">
         <name>.text</name>
         <load_address>0xdd8a</load_address>
         <run_address>0xdd8a</run_address>
         <size>0x2c</size>
         <input_file_ref idref="fl-35"/>
      </object_component>
      <object_component id="oc-2d6">
         <name>.text</name>
         <load_address>0xddb6</load_address>
         <run_address>0xddb6</run_address>
         <size>0x26</size>
         <input_file_ref idref="fl-39"/>
      </object_component>
      <object_component id="oc-247">
         <name>.text:BME280_dummyDelay</name>
         <load_address>0xdddc</load_address>
         <run_address>0xdddc</run_address>
         <size>0x24</size>
         <input_file_ref idref="fl-2"/>
      </object_component>
      <object_component id="oc-193">
         <name>.text:uart_init</name>
         <load_address>0xde00</load_address>
         <run_address>0xde00</run_address>
         <size>0x24</size>
         <input_file_ref idref="fl-5"/>
      </object_component>
      <object_component id="oc-3e7">
         <name>.text:__mpyul</name>
         <load_address>0xde24</load_address>
         <run_address>0xde24</run_address>
         <size>0x22</size>
         <input_file_ref idref="fl-51"/>
      </object_component>
      <object_component id="oc-3c9">
         <name>.text:memccpy</name>
         <load_address>0xde46</load_address>
         <run_address>0xde46</run_address>
         <size>0x22</size>
         <input_file_ref idref="fl-54"/>
      </object_component>
      <object_component id="oc-1e7">
         <name>.text:ConfigureAdc_light</name>
         <load_address>0xde68</load_address>
         <run_address>0xde68</run_address>
         <size>0x1e</size>
         <input_file_ref idref="fl-5"/>
      </object_component>
      <object_component id="oc-18d">
         <name>.text:ConfigClocks</name>
         <load_address>0xde86</load_address>
         <run_address>0xde86</run_address>
         <size>0x1c</size>
         <input_file_ref idref="fl-5"/>
      </object_component>
      <object_component id="oc-1e0">
         <name>.text:ConfigureAdc_water</name>
         <load_address>0xdea2</load_address>
         <run_address>0xdea2</run_address>
         <size>0x1c</size>
         <input_file_ref idref="fl-5"/>
      </object_component>
      <object_component id="oc-ff">
         <name>.text:_c_int00_noargs</name>
         <load_address>0xdebe</load_address>
         <run_address>0xdebe</run_address>
         <size>0x1c</size>
         <input_file_ref idref="fl-3b"/>
      </object_component>
      <object_component id="oc-253">
         <name>.text:BME280_writeReg</name>
         <load_address>0xdeda</load_address>
         <run_address>0xdeda</run_address>
         <size>0x1a</size>
         <input_file_ref idref="fl-2"/>
      </object_component>
      <object_component id="oc-289">
         <name>.text:_outs</name>
         <load_address>0xdef4</load_address>
         <run_address>0xdef4</run_address>
         <size>0x1a</size>
         <input_file_ref idref="fl-21"/>
      </object_component>
      <object_component id="oc-260">
         <name>.text:ssd1306_command</name>
         <load_address>0xdf0e</load_address>
         <run_address>0xdf0e</run_address>
         <size>0x18</size>
         <input_file_ref idref="fl-6"/>
      </object_component>
      <object_component id="oc-3ef">
         <name>.text:llabs</name>
         <load_address>0xdf26</load_address>
         <run_address>0xdf26</run_address>
         <size>0x16</size>
         <input_file_ref idref="fl-4e"/>
      </object_component>
      <object_component id="oc-187">
         <name>.text:port_init</name>
         <load_address>0xdf3c</load_address>
         <run_address>0xdf3c</run_address>
         <size>0x16</size>
         <input_file_ref idref="fl-5"/>
      </object_component>
      <object_component id="oc-29f">
         <name>.text</name>
         <load_address>0xdf52</load_address>
         <run_address>0xdf52</run_address>
         <size>0x16</size>
         <input_file_ref idref="fl-25"/>
      </object_component>
      <object_component id="oc-2e5">
         <name>.text:strreverse</name>
         <load_address>0xdf68</load_address>
         <run_address>0xdf68</run_address>
         <size>0x16</size>
         <input_file_ref idref="fl-5"/>
      </object_component>
      <object_component id="oc-338">
         <name>.text:TI_USCI_I2C_transmit</name>
         <load_address>0xdf7e</load_address>
         <run_address>0xdf7e</run_address>
         <size>0x14</size>
         <input_file_ref idref="fl-3"/>
      </object_component>
      <object_component id="oc-ed">
         <name>.text:decompress:ZI:__TI_zero_init_nomemset:__TI_zero_init_nomemset</name>
         <load_address>0xdf92</load_address>
         <run_address>0xdf92</run_address>
         <size>0x14</size>
         <input_file_ref idref="fl-3d"/>
      </object_component>
      <object_component id="oc-2a9">
         <name>.text:memset</name>
         <load_address>0xdfa6</load_address>
         <run_address>0xdfa6</run_address>
         <size>0x14</size>
         <input_file_ref idref="fl-4c"/>
      </object_component>
      <object_component id="oc-3ae">
         <name>.text</name>
         <load_address>0xdfba</load_address>
         <run_address>0xdfba</run_address>
         <size>0x14</size>
         <input_file_ref idref="fl-38"/>
      </object_component>
      <object_component id="oc-28f">
         <name>.text:_outc</name>
         <load_address>0xdfce</load_address>
         <run_address>0xdfce</run_address>
         <size>0x12</size>
         <input_file_ref idref="fl-21"/>
      </object_component>
      <object_component id="oc-3a">
         <name>.text:decompress:none:__TI_decompress_none</name>
         <load_address>0xdfe0</load_address>
         <run_address>0xdfe0</run_address>
         <size>0x12</size>
         <input_file_ref idref="fl-46"/>
      </object_component>
      <object_component id="oc-41e">
         <name>.text:l_lsr</name>
         <load_address>0xdff2</load_address>
         <run_address>0xdff2</run_address>
         <size>0x12</size>
         <input_file_ref idref="fl-37"/>
      </object_component>
      <object_component id="oc-cf">
         <name>.text:memcpy</name>
         <load_address>0xe004</load_address>
         <run_address>0xe004</run_address>
         <size>0x12</size>
         <input_file_ref idref="fl-4b"/>
      </object_component>
      <object_component id="oc-e7">
         <name>.text:USCIAB0RX_ISR</name>
         <load_address>0xe016</load_address>
         <run_address>0xe016</run_address>
         <size>0x10</size>
         <input_file_ref idref="fl-3"/>
      </object_component>
      <object_component id="oc-bf">
         <name>.text</name>
         <load_address>0xe026</load_address>
         <run_address>0xe026</run_address>
         <size>0x10</size>
         <input_file_ref idref="fl-28"/>
      </object_component>
      <object_component id="oc-2af">
         <name>.text:BME280_readRegArray</name>
         <load_address>0xe036</load_address>
         <run_address>0xe036</run_address>
         <size>0xe</size>
         <input_file_ref idref="fl-2"/>
      </object_component>
      <object_component id="oc-342">
         <name>.text:strlen</name>
         <load_address>0xe044</load_address>
         <run_address>0xe044</run_address>
         <size>0xe</size>
         <input_file_ref idref="fl-4d"/>
      </object_component>
      <object_component id="oc-24d">
         <name>.text:BME280_reset</name>
         <load_address>0xe052</load_address>
         <run_address>0xe052</run_address>
         <size>0xc</size>
         <input_file_ref idref="fl-2"/>
      </object_component>
      <object_component id="oc-332">
         <name>.text:TI_USCI_I2C_notready</name>
         <load_address>0xe05e</load_address>
         <run_address>0xe05e</run_address>
         <size>0xa</size>
         <input_file_ref idref="fl-3"/>
      </object_component>
      <object_component id="oc-199">
         <name>.text:i2c_init</name>
         <load_address>0xe068</load_address>
         <run_address>0xe068</run_address>
         <size>0xa</size>
         <input_file_ref idref="fl-4"/>
      </object_component>
      <object_component id="oc-dc">
         <name>.text:_isr:__TI_ISR_TRAP</name>
         <load_address>0xe072</load_address>
         <run_address>0xe072</run_address>
         <size>0x8</size>
         <input_file_ref idref="fl-34"/>
      </object_component>
      <object_component id="oc-1f6">
         <name>.text:abort</name>
         <load_address>0xe07a</load_address>
         <run_address>0xe07a</run_address>
         <size>0x6</size>
         <input_file_ref idref="fl-48"/>
      </object_component>
      <object_component id="oc-155">
         <name>.text:_system_pre_init</name>
         <load_address>0xe080</load_address>
         <run_address>0xe080</run_address>
         <size>0x4</size>
         <input_file_ref idref="fl-44"/>
      </object_component>
      <object_component id="oc-2fe">
         <name>.text:_system_post_cinit</name>
         <load_address>0xe084</load_address>
         <run_address>0xe084</run_address>
         <size>0x2</size>
         <input_file_ref idref="fl-45"/>
      </object_component>
      <object_component id="oc-46f">
         <name>.cinit..data.load</name>
         <load_address>0xe2da</load_address>
         <run_address>0xe2da</run_address>
         <size>0x2e</size>
      </object_component>
      <object_component id="oc-46c">
         <name>__TI_handler_table</name>
         <load_address>0xe308</load_address>
         <run_address>0xe308</run_address>
         <size>0x6</size>
      </object_component>
      <object_component id="oc-46e">
         <name>.cinit..bss.load</name>
         <load_address>0xe30e</load_address>
         <run_address>0xe30e</run_address>
         <size>0x4</size>
      </object_component>
      <object_component id="oc-46d">
         <name>__TI_cinit_table</name>
         <load_address>0xe312</load_address>
         <run_address>0xe312</run_address>
         <size>0x8</size>
      </object_component>
      <object_component id="oc-2a5">
         <name>.const:font_5x7</name>
         <load_address>0xe086</load_address>
         <run_address>0xe086</run_address>
         <size>0x1e0</size>
         <input_file_ref idref="fl-6"/>
      </object_component>
      <object_component id="oc-1ba">
         <name>.const:.string</name>
         <load_address>0xe266</load_address>
         <run_address>0xe266</run_address>
         <size>0x60</size>
         <input_file_ref idref="fl-5"/>
      </object_component>
      <object_component id="oc-3c2">
         <name>.const:.string</name>
         <load_address>0xe2c6</load_address>
         <run_address>0xe2c6</run_address>
         <size>0x14</size>
         <input_file_ref idref="fl-4f"/>
      </object_component>
      <object_component id="oc-42e">
         <name>.binit</name>
         <load_address>0xc000</load_address>
         <run_address>0xc000</run_address>
         <size>0x0</size>
      </object_component>
      <object_component id="oc-40">
         <name>.int00</name>
         <load_address>0xffe0</load_address>
         <run_address>0xffe0</run_address>
         <size>0x2</size>
         <input_file_ref idref="fl-29"/>
      </object_component>
      <object_component id="oc-41">
         <name>.int02</name>
         <load_address>0xffe4</load_address>
         <run_address>0xffe4</run_address>
         <size>0x2</size>
         <input_file_ref idref="fl-2a"/>
      </object_component>
      <object_component id="oc-42">
         <name>.int03</name>
         <load_address>0xffe6</load_address>
         <run_address>0xffe6</run_address>
         <size>0x2</size>
         <input_file_ref idref="fl-2b"/>
      </object_component>
      <object_component id="oc-43">
         <name>.int05</name>
         <load_address>0xffea</load_address>
         <run_address>0xffea</run_address>
         <size>0x2</size>
         <input_file_ref idref="fl-2c"/>
      </object_component>
      <object_component id="oc-44">
         <name>.int06</name>
         <load_address>0xffec</load_address>
         <run_address>0xffec</run_address>
         <size>0x2</size>
         <input_file_ref idref="fl-3"/>
      </object_component>
      <object_component id="oc-45">
         <name>.int07</name>
         <load_address>0xffee</load_address>
         <run_address>0xffee</run_address>
         <size>0x2</size>
         <input_file_ref idref="fl-3"/>
      </object_component>
      <object_component id="oc-46">
         <name>.int08</name>
         <load_address>0xfff0</load_address>
         <run_address>0xfff0</run_address>
         <size>0x2</size>
         <input_file_ref idref="fl-2d"/>
      </object_component>
      <object_component id="oc-47">
         <name>.int09</name>
         <load_address>0xfff2</load_address>
         <run_address>0xfff2</run_address>
         <size>0x2</size>
         <input_file_ref idref="fl-2e"/>
      </object_component>
      <object_component id="oc-48">
         <name>.int10</name>
         <load_address>0xfff4</load_address>
         <run_address>0xfff4</run_address>
         <size>0x2</size>
         <input_file_ref idref="fl-2f"/>
      </object_component>
      <object_component id="oc-49">
         <name>.int11</name>
         <load_address>0xfff6</load_address>
         <run_address>0xfff6</run_address>
         <size>0x2</size>
         <input_file_ref idref="fl-30"/>
      </object_component>
      <object_component id="oc-4a">
         <name>.int12</name>
         <load_address>0xfff8</load_address>
         <run_address>0xfff8</run_address>
         <size>0x2</size>
         <input_file_ref idref="fl-31"/>
      </object_component>
      <object_component id="oc-4b">
         <name>.int13</name>
         <load_address>0xfffa</load_address>
         <run_address>0xfffa</run_address>
         <size>0x2</size>
         <input_file_ref idref="fl-32"/>
      </object_component>
      <object_component id="oc-4c">
         <name>.int14</name>
         <load_address>0xfffc</load_address>
         <run_address>0xfffc</run_address>
         <size>0x2</size>
         <input_file_ref idref="fl-33"/>
      </object_component>
      <object_component id="oc-b4">
         <name>.reset</name>
         <load_address>0xfffe</load_address>
         <run_address>0xfffe</run_address>
         <size>0x2</size>
         <input_file_ref idref="fl-3b"/>
      </object_component>
      <object_component id="oc-245">
         <name>.debug_info</name>
         <load_address>0x0</load_address>
         <run_address>0x0</run_address>
         <size>0x241</size>
         <input_file_ref idref="fl-2"/>
      </object_component>
      <object_component id="oc-32b">
         <name>.debug_info</name>
         <load_address>0x241</load_address>
         <run_address>0x241</run_address>
         <size>0xec</size>
         <input_file_ref idref="fl-2"/>
      </object_component>
      <object_component id="oc-254">
         <name>.debug_info</name>
         <load_address>0x32d</load_address>
         <run_address>0x32d</run_address>
         <size>0x17a</size>
         <input_file_ref idref="fl-2"/>
      </object_component>
      <object_component id="oc-24e">
         <name>.debug_info</name>
         <load_address>0x4a7</load_address>
         <run_address>0x4a7</run_address>
         <size>0x124</size>
         <input_file_ref idref="fl-2"/>
      </object_component>
      <object_component id="oc-2b0">
         <name>.debug_info</name>
         <load_address>0x5cb</load_address>
         <run_address>0x5cb</run_address>
         <size>0x1bc</size>
         <input_file_ref idref="fl-2"/>
      </object_component>
      <object_component id="oc-2c0">
         <name>.debug_info</name>
         <load_address>0x787</load_address>
         <run_address>0x787</run_address>
         <size>0x23f</size>
         <input_file_ref idref="fl-2"/>
      </object_component>
      <object_component id="oc-2c6">
         <name>.debug_info</name>
         <load_address>0x9c6</load_address>
         <run_address>0x9c6</run_address>
         <size>0x3fc</size>
         <input_file_ref idref="fl-2"/>
      </object_component>
      <object_component id="oc-2cc">
         <name>.debug_info</name>
         <load_address>0xdc2</load_address>
         <run_address>0xdc2</run_address>
         <size>0x30c</size>
         <input_file_ref idref="fl-2"/>
      </object_component>
      <object_component id="oc-1d6">
         <name>.debug_info</name>
         <load_address>0x10ce</load_address>
         <run_address>0x10ce</run_address>
         <size>0x3f1</size>
         <input_file_ref idref="fl-2"/>
      </object_component>
      <object_component id="oc-248">
         <name>.debug_info</name>
         <load_address>0x14bf</load_address>
         <run_address>0x14bf</run_address>
         <size>0x154</size>
         <input_file_ref idref="fl-2"/>
      </object_component>
      <object_component id="oc-25a">
         <name>.debug_info</name>
         <load_address>0x1613</load_address>
         <run_address>0x1613</run_address>
         <size>0x208</size>
         <input_file_ref idref="fl-2"/>
      </object_component>
      <object_component id="oc-1a0">
         <name>.debug_info</name>
         <load_address>0x181b</load_address>
         <run_address>0x181b</run_address>
         <size>0x1ca</size>
         <input_file_ref idref="fl-2"/>
      </object_component>
      <object_component id="oc-284">
         <name>.debug_info</name>
         <load_address>0x19e5</load_address>
         <run_address>0x19e5</run_address>
         <size>0x291</size>
         <input_file_ref idref="fl-2"/>
      </object_component>
      <object_component id="oc-27a">
         <name>.debug_info</name>
         <load_address>0x1c76</load_address>
         <run_address>0x1c76</run_address>
         <size>0x26b</size>
         <input_file_ref idref="fl-2"/>
      </object_component>
      <object_component id="oc-ca">
         <name>.debug_info</name>
         <load_address>0x1ee1</load_address>
         <run_address>0x1ee1</run_address>
         <size>0x84</size>
         <input_file_ref idref="fl-2"/>
      </object_component>
      <object_component id="oc-320">
         <name>.debug_info</name>
         <load_address>0x1f65</load_address>
         <run_address>0x1f65</run_address>
         <size>0x282</size>
         <input_file_ref idref="fl-2"/>
      </object_component>
      <object_component id="oc-23f">
         <name>.debug_info</name>
         <load_address>0x21e7</load_address>
         <run_address>0x21e7</run_address>
         <size>0xbb</size>
         <input_file_ref idref="fl-2"/>
      </object_component>
      <object_component id="oc-144">
         <name>.debug_info</name>
         <load_address>0x22a2</load_address>
         <run_address>0x22a2</run_address>
         <size>0x38a</size>
         <input_file_ref idref="fl-3"/>
      </object_component>
      <object_component id="oc-147">
         <name>.debug_info</name>
         <load_address>0x262c</load_address>
         <run_address>0x262c</run_address>
         <size>0xf9</size>
         <input_file_ref idref="fl-3"/>
      </object_component>
      <object_component id="oc-e3">
         <name>.debug_info</name>
         <load_address>0x2725</load_address>
         <run_address>0x2725</run_address>
         <size>0x13a</size>
         <input_file_ref idref="fl-3"/>
      </object_component>
      <object_component id="oc-ea">
         <name>.debug_info</name>
         <load_address>0x285f</load_address>
         <run_address>0x285f</run_address>
         <size>0x13a</size>
         <input_file_ref idref="fl-3"/>
      </object_component>
      <object_component id="oc-23b">
         <name>.debug_info</name>
         <load_address>0x2999</load_address>
         <run_address>0x2999</run_address>
         <size>0x1c7</size>
         <input_file_ref idref="fl-3"/>
      </object_component>
      <object_component id="oc-33a">
         <name>.debug_info</name>
         <load_address>0x2b60</load_address>
         <run_address>0x2b60</run_address>
         <size>0x188</size>
         <input_file_ref idref="fl-3"/>
      </object_component>
      <object_component id="oc-3da">
         <name>.debug_info</name>
         <load_address>0x2ce8</load_address>
         <run_address>0x2ce8</run_address>
         <size>0x1c5</size>
         <input_file_ref idref="fl-3"/>
      </object_component>
      <object_component id="oc-3e1">
         <name>.debug_info</name>
         <load_address>0x2ead</load_address>
         <run_address>0x2ead</run_address>
         <size>0x1a7</size>
         <input_file_ref idref="fl-3"/>
      </object_component>
      <object_component id="oc-333">
         <name>.debug_info</name>
         <load_address>0x3054</load_address>
         <run_address>0x3054</run_address>
         <size>0x14b</size>
         <input_file_ref idref="fl-3"/>
      </object_component>
      <object_component id="oc-33f">
         <name>.debug_info</name>
         <load_address>0x319f</load_address>
         <run_address>0x319f</run_address>
         <size>0x2b8</size>
         <input_file_ref idref="fl-4"/>
      </object_component>
      <object_component id="oc-271">
         <name>.debug_info</name>
         <load_address>0x3457</load_address>
         <run_address>0x3457</run_address>
         <size>0x1d3</size>
         <input_file_ref idref="fl-4"/>
      </object_component>
      <object_component id="oc-362">
         <name>.debug_info</name>
         <load_address>0x362a</load_address>
         <run_address>0x362a</run_address>
         <size>0x29b</size>
         <input_file_ref idref="fl-4"/>
      </object_component>
      <object_component id="oc-19a">
         <name>.debug_info</name>
         <load_address>0x38c5</load_address>
         <run_address>0x38c5</run_address>
         <size>0x13b</size>
         <input_file_ref idref="fl-4"/>
      </object_component>
      <object_component id="oc-350">
         <name>.debug_info</name>
         <load_address>0x3a00</load_address>
         <run_address>0x3a00</run_address>
         <size>0x2c</size>
         <input_file_ref idref="fl-4"/>
      </object_component>
      <object_component id="oc-1b8">
         <name>.debug_info</name>
         <load_address>0x3a2c</load_address>
         <run_address>0x3a2c</run_address>
         <size>0x70b</size>
         <input_file_ref idref="fl-5"/>
      </object_component>
      <object_component id="oc-1c3">
         <name>.debug_info</name>
         <load_address>0x4137</load_address>
         <run_address>0x4137</run_address>
         <size>0xd9</size>
         <input_file_ref idref="fl-5"/>
      </object_component>
      <object_component id="oc-195">
         <name>.debug_info</name>
         <load_address>0x4210</load_address>
         <run_address>0x4210</run_address>
         <size>0x10a</size>
         <input_file_ref idref="fl-5"/>
      </object_component>
      <object_component id="oc-2e8">
         <name>.debug_info</name>
         <load_address>0x431a</load_address>
         <run_address>0x431a</run_address>
         <size>0x15f</size>
         <input_file_ref idref="fl-5"/>
      </object_component>
      <object_component id="oc-18a">
         <name>.debug_info</name>
         <load_address>0x4479</load_address>
         <run_address>0x4479</run_address>
         <size>0x10a</size>
         <input_file_ref idref="fl-5"/>
      </object_component>
      <object_component id="oc-190">
         <name>.debug_info</name>
         <load_address>0x4583</load_address>
         <run_address>0x4583</run_address>
         <size>0x110</size>
         <input_file_ref idref="fl-5"/>
      </object_component>
      <object_component id="oc-1b3">
         <name>.debug_info</name>
         <load_address>0x4693</load_address>
         <run_address>0x4693</run_address>
         <size>0x1a1</size>
         <input_file_ref idref="fl-5"/>
      </object_component>
      <object_component id="oc-1f0">
         <name>.debug_info</name>
         <load_address>0x4834</load_address>
         <run_address>0x4834</run_address>
         <size>0x1dc</size>
         <input_file_ref idref="fl-5"/>
      </object_component>
      <object_component id="oc-1e1">
         <name>.debug_info</name>
         <load_address>0x4a10</load_address>
         <run_address>0x4a10</run_address>
         <size>0x11c</size>
         <input_file_ref idref="fl-5"/>
      </object_component>
      <object_component id="oc-1e9">
         <name>.debug_info</name>
         <load_address>0x4b2c</load_address>
         <run_address>0x4b2c</run_address>
         <size>0x11c</size>
         <input_file_ref idref="fl-5"/>
      </object_component>
      <object_component id="oc-15c">
         <name>.debug_info</name>
         <load_address>0x4c48</load_address>
         <run_address>0x4c48</run_address>
         <size>0x554</size>
         <input_file_ref idref="fl-5"/>
      </object_component>
      <object_component id="oc-27f">
         <name>.debug_info</name>
         <load_address>0x519c</load_address>
         <run_address>0x519c</run_address>
         <size>0x35</size>
         <input_file_ref idref="fl-5"/>
      </object_component>
      <object_component id="oc-26e">
         <name>.debug_info</name>
         <load_address>0x51d1</load_address>
         <run_address>0x51d1</run_address>
         <size>0x230</size>
         <input_file_ref idref="fl-6"/>
      </object_component>
      <object_component id="oc-2a6">
         <name>.debug_info</name>
         <load_address>0x5401</load_address>
         <run_address>0x5401</run_address>
         <size>0xde</size>
         <input_file_ref idref="fl-6"/>
      </object_component>
      <object_component id="oc-262">
         <name>.debug_info</name>
         <load_address>0x54df</load_address>
         <run_address>0x54df</run_address>
         <size>0x155</size>
         <input_file_ref idref="fl-6"/>
      </object_component>
      <object_component id="oc-26a">
         <name>.debug_info</name>
         <load_address>0x5634</load_address>
         <run_address>0x5634</run_address>
         <size>0x1f4</size>
         <input_file_ref idref="fl-6"/>
      </object_component>
      <object_component id="oc-1d0">
         <name>.debug_info</name>
         <load_address>0x5828</load_address>
         <run_address>0x5828</run_address>
         <size>0x1cd</size>
         <input_file_ref idref="fl-6"/>
      </object_component>
      <object_component id="oc-1a7">
         <name>.debug_info</name>
         <load_address>0x59f5</load_address>
         <run_address>0x59f5</run_address>
         <size>0x34d</size>
         <input_file_ref idref="fl-6"/>
      </object_component>
      <object_component id="oc-1ad">
         <name>.debug_info</name>
         <load_address>0x5d42</load_address>
         <run_address>0x5d42</run_address>
         <size>0x166</size>
         <input_file_ref idref="fl-6"/>
      </object_component>
      <object_component id="oc-136">
         <name>.debug_info</name>
         <load_address>0x5ea8</load_address>
         <run_address>0x5ea8</run_address>
         <size>0x2c</size>
         <input_file_ref idref="fl-6"/>
      </object_component>
      <object_component id="oc-29c">
         <name>.debug_info</name>
         <load_address>0x5ed4</load_address>
         <run_address>0x5ed4</run_address>
         <size>0x20b</size>
         <input_file_ref idref="fl-21"/>
      </object_component>
      <object_component id="oc-1bd">
         <name>.debug_info</name>
         <load_address>0x60df</load_address>
         <run_address>0x60df</run_address>
         <size>0x1c2</size>
         <input_file_ref idref="fl-21"/>
      </object_component>
      <object_component id="oc-28b">
         <name>.debug_info</name>
         <load_address>0x62a1</load_address>
         <run_address>0x62a1</run_address>
         <size>0x198</size>
         <input_file_ref idref="fl-21"/>
      </object_component>
      <object_component id="oc-291">
         <name>.debug_info</name>
         <load_address>0x6439</load_address>
         <run_address>0x6439</run_address>
         <size>0x16d</size>
         <input_file_ref idref="fl-21"/>
      </object_component>
      <object_component id="oc-3d2">
         <name>.debug_info</name>
         <load_address>0x65a6</load_address>
         <run_address>0x65a6</run_address>
         <size>0x2c</size>
         <input_file_ref idref="fl-21"/>
      </object_component>
      <object_component id="oc-2bb">
         <name>.debug_info</name>
         <load_address>0x65d2</load_address>
         <run_address>0x65d2</run_address>
         <size>0x120</size>
         <input_file_ref idref="fl-22"/>
      </object_component>
      <object_component id="oc-36c">
         <name>.debug_info</name>
         <load_address>0x66f2</load_address>
         <run_address>0x66f2</run_address>
         <size>0x126</size>
         <input_file_ref idref="fl-23"/>
      </object_component>
      <object_component id="oc-1cb">
         <name>.debug_info</name>
         <load_address>0x6818</load_address>
         <run_address>0x6818</run_address>
         <size>0x135</size>
         <input_file_ref idref="fl-24"/>
      </object_component>
      <object_component id="oc-2a0">
         <name>.debug_info</name>
         <load_address>0x694d</load_address>
         <run_address>0x694d</run_address>
         <size>0x121</size>
         <input_file_ref idref="fl-25"/>
      </object_component>
      <object_component id="oc-2d2">
         <name>.debug_info</name>
         <load_address>0x6a6e</load_address>
         <run_address>0x6a6e</run_address>
         <size>0x138</size>
         <input_file_ref idref="fl-26"/>
      </object_component>
      <object_component id="oc-1dc">
         <name>.debug_info</name>
         <load_address>0x6ba6</load_address>
         <run_address>0x6ba6</run_address>
         <size>0x123</size>
         <input_file_ref idref="fl-27"/>
      </object_component>
      <object_component id="oc-c2">
         <name>.debug_info</name>
         <load_address>0x6cc9</load_address>
         <run_address>0x6cc9</run_address>
         <size>0x12e</size>
         <input_file_ref idref="fl-28"/>
      </object_component>
      <object_component id="oc-df">
         <name>.debug_info</name>
         <load_address>0x6df7</load_address>
         <run_address>0x6df7</run_address>
         <size>0x10f</size>
         <input_file_ref idref="fl-34"/>
      </object_component>
      <object_component id="oc-b8">
         <name>.debug_info</name>
         <load_address>0x6f06</load_address>
         <run_address>0x6f06</run_address>
         <size>0x120</size>
         <input_file_ref idref="fl-35"/>
      </object_component>
      <object_component id="oc-2b7">
         <name>.debug_info</name>
         <load_address>0x7026</load_address>
         <run_address>0x7026</run_address>
         <size>0x126</size>
         <input_file_ref idref="fl-36"/>
      </object_component>
      <object_component id="oc-41f">
         <name>.debug_info</name>
         <load_address>0x714c</load_address>
         <run_address>0x714c</run_address>
         <size>0x120</size>
         <input_file_ref idref="fl-37"/>
      </object_component>
      <object_component id="oc-2dc">
         <name>.debug_info</name>
         <load_address>0x726c</load_address>
         <run_address>0x726c</run_address>
         <size>0x126</size>
         <input_file_ref idref="fl-37"/>
      </object_component>
      <object_component id="oc-3af">
         <name>.debug_info</name>
         <load_address>0x7392</load_address>
         <run_address>0x7392</run_address>
         <size>0x121</size>
         <input_file_ref idref="fl-38"/>
      </object_component>
      <object_component id="oc-2d7">
         <name>.debug_info</name>
         <load_address>0x74b3</load_address>
         <run_address>0x74b3</run_address>
         <size>0x121</size>
         <input_file_ref idref="fl-39"/>
      </object_component>
      <object_component id="oc-373">
         <name>.debug_info</name>
         <load_address>0x75d4</load_address>
         <run_address>0x75d4</run_address>
         <size>0x20b</size>
         <input_file_ref idref="fl-3a"/>
      </object_component>
      <object_component id="oc-b2">
         <name>.debug_info</name>
         <load_address>0x77df</load_address>
         <run_address>0x77df</run_address>
         <size>0x100</size>
         <input_file_ref idref="fl-3b"/>
      </object_component>
      <object_component id="oc-103">
         <name>.debug_info</name>
         <load_address>0x78df</load_address>
         <run_address>0x78df</run_address>
         <size>0x17a</size>
         <input_file_ref idref="fl-3b"/>
      </object_component>
      <object_component id="oc-305">
         <name>.debug_info</name>
         <load_address>0x7a59</load_address>
         <run_address>0x7a59</run_address>
         <size>0x3de</size>
         <input_file_ref idref="fl-3c"/>
      </object_component>
      <object_component id="oc-204">
         <name>.debug_info</name>
         <load_address>0x7e37</load_address>
         <run_address>0x7e37</run_address>
         <size>0x1e0</size>
         <input_file_ref idref="fl-3c"/>
      </object_component>
      <object_component id="oc-3a4">
         <name>.debug_info</name>
         <load_address>0x8017</load_address>
         <run_address>0x8017</run_address>
         <size>0x39</size>
         <input_file_ref idref="fl-3c"/>
      </object_component>
      <object_component id="oc-3b5">
         <name>.debug_info</name>
         <load_address>0x8050</load_address>
         <run_address>0x8050</run_address>
         <size>0x2c</size>
         <input_file_ref idref="fl-3c"/>
      </object_component>
      <object_component id="oc-310">
         <name>.debug_info</name>
         <load_address>0x807c</load_address>
         <run_address>0x807c</run_address>
         <size>0x2c</size>
         <input_file_ref idref="fl-3c"/>
      </object_component>
      <object_component id="oc-3a9">
         <name>.debug_info</name>
         <load_address>0x80a8</load_address>
         <run_address>0x80a8</run_address>
         <size>0xcd</size>
         <input_file_ref idref="fl-3c"/>
      </object_component>
      <object_component id="oc-153">
         <name>.debug_info</name>
         <load_address>0x8175</load_address>
         <run_address>0x8175</run_address>
         <size>0x175</size>
         <input_file_ref idref="fl-3d"/>
      </object_component>
      <object_component id="oc-f0">
         <name>.debug_info</name>
         <load_address>0x82ea</load_address>
         <run_address>0x82ea</run_address>
         <size>0x1d2</size>
         <input_file_ref idref="fl-3d"/>
      </object_component>
      <object_component id="oc-14e">
         <name>.debug_info</name>
         <load_address>0x84bc</load_address>
         <run_address>0x84bc</run_address>
         <size>0x46</size>
         <input_file_ref idref="fl-3d"/>
      </object_component>
      <object_component id="oc-378">
         <name>.debug_info</name>
         <load_address>0x8502</load_address>
         <run_address>0x8502</run_address>
         <size>0x193</size>
         <input_file_ref idref="fl-40"/>
      </object_component>
      <object_component id="oc-37e">
         <name>.debug_info</name>
         <load_address>0x8695</load_address>
         <run_address>0x8695</run_address>
         <size>0x193</size>
         <input_file_ref idref="fl-41"/>
      </object_component>
      <object_component id="oc-3fc">
         <name>.debug_info</name>
         <load_address>0x8828</load_address>
         <run_address>0x8828</run_address>
         <size>0x195</size>
         <input_file_ref idref="fl-42"/>
      </object_component>
      <object_component id="oc-385">
         <name>.debug_info</name>
         <load_address>0x89bd</load_address>
         <run_address>0x89bd</run_address>
         <size>0x1f1</size>
         <input_file_ref idref="fl-42"/>
      </object_component>
      <object_component id="oc-424">
         <name>.debug_info</name>
         <load_address>0x8bae</load_address>
         <run_address>0x8bae</run_address>
         <size>0x15c</size>
         <input_file_ref idref="fl-43"/>
      </object_component>
      <object_component id="oc-3f7">
         <name>.debug_info</name>
         <load_address>0x8d0a</load_address>
         <run_address>0x8d0a</run_address>
         <size>0x337</size>
         <input_file_ref idref="fl-43"/>
      </object_component>
      <object_component id="oc-158">
         <name>.debug_info</name>
         <load_address>0x9041</load_address>
         <run_address>0x9041</run_address>
         <size>0x153</size>
         <input_file_ref idref="fl-44"/>
      </object_component>
      <object_component id="oc-2ff">
         <name>.debug_info</name>
         <load_address>0x9194</load_address>
         <run_address>0x9194</run_address>
         <size>0x150</size>
         <input_file_ref idref="fl-45"/>
      </object_component>
      <object_component id="oc-db">
         <name>.debug_info</name>
         <load_address>0x92e4</load_address>
         <run_address>0x92e4</run_address>
         <size>0x180</size>
         <input_file_ref idref="fl-46"/>
      </object_component>
      <object_component id="oc-3b">
         <name>.debug_info</name>
         <load_address>0x9464</load_address>
         <run_address>0x9464</run_address>
         <size>0x1ea</size>
         <input_file_ref idref="fl-46"/>
      </object_component>
      <object_component id="oc-d6">
         <name>.debug_info</name>
         <load_address>0x964e</load_address>
         <run_address>0x964e</run_address>
         <size>0x46</size>
         <input_file_ref idref="fl-46"/>
      </object_component>
      <object_component id="oc-13b">
         <name>.debug_info</name>
         <load_address>0x9694</load_address>
         <run_address>0x9694</run_address>
         <size>0x2c</size>
         <input_file_ref idref="fl-46"/>
      </object_component>
      <object_component id="oc-133">
         <name>.debug_info</name>
         <load_address>0x96c0</load_address>
         <run_address>0x96c0</run_address>
         <size>0x176</size>
         <input_file_ref idref="fl-47"/>
      </object_component>
      <object_component id="oc-37">
         <name>.debug_info</name>
         <load_address>0x9836</load_address>
         <run_address>0x9836</run_address>
         <size>0x292</size>
         <input_file_ref idref="fl-47"/>
      </object_component>
      <object_component id="oc-c5">
         <name>.debug_info</name>
         <load_address>0x9ac8</load_address>
         <run_address>0x9ac8</run_address>
         <size>0x60</size>
         <input_file_ref idref="fl-47"/>
      </object_component>
      <object_component id="oc-177">
         <name>.debug_info</name>
         <load_address>0x9b28</load_address>
         <run_address>0x9b28</run_address>
         <size>0x46</size>
         <input_file_ref idref="fl-47"/>
      </object_component>
      <object_component id="oc-12e">
         <name>.debug_info</name>
         <load_address>0x9b6e</load_address>
         <run_address>0x9b6e</run_address>
         <size>0x39</size>
         <input_file_ref idref="fl-47"/>
      </object_component>
      <object_component id="oc-1f9">
         <name>.debug_info</name>
         <load_address>0x9ba7</load_address>
         <run_address>0x9ba7</run_address>
         <size>0x122</size>
         <input_file_ref idref="fl-48"/>
      </object_component>
      <object_component id="oc-135">
         <name>.debug_info</name>
         <load_address>0x9cc9</load_address>
         <run_address>0x9cc9</run_address>
         <size>0x181</size>
         <input_file_ref idref="fl-4b"/>
      </object_component>
      <object_component id="oc-d0">
         <name>.debug_info</name>
         <load_address>0x9e4a</load_address>
         <run_address>0x9e4a</run_address>
         <size>0x17a</size>
         <input_file_ref idref="fl-4b"/>
      </object_component>
      <object_component id="oc-360">
         <name>.debug_info</name>
         <load_address>0x9fc4</load_address>
         <run_address>0x9fc4</run_address>
         <size>0x16d</size>
         <input_file_ref idref="fl-4c"/>
      </object_component>
      <object_component id="oc-2aa">
         <name>.debug_info</name>
         <load_address>0xa131</load_address>
         <run_address>0xa131</run_address>
         <size>0x275</size>
         <input_file_ref idref="fl-4c"/>
      </object_component>
      <object_component id="oc-3c1">
         <name>.debug_info</name>
         <load_address>0xa3a6</load_address>
         <run_address>0xa3a6</run_address>
         <size>0x162</size>
         <input_file_ref idref="fl-4d"/>
      </object_component>
      <object_component id="oc-345">
         <name>.debug_info</name>
         <load_address>0xa508</load_address>
         <run_address>0xa508</run_address>
         <size>0x230</size>
         <input_file_ref idref="fl-4d"/>
      </object_component>
      <object_component id="oc-3f0">
         <name>.debug_info</name>
         <load_address>0xa738</load_address>
         <run_address>0xa738</run_address>
         <size>0x14a</size>
         <input_file_ref idref="fl-4e"/>
      </object_component>
      <object_component id="oc-34f">
         <name>.debug_info</name>
         <load_address>0xa882</load_address>
         <run_address>0xa882</run_address>
         <size>0x2e2</size>
         <input_file_ref idref="fl-4f"/>
      </object_component>
      <object_component id="oc-3c4">
         <name>.debug_info</name>
         <load_address>0xab64</load_address>
         <run_address>0xab64</run_address>
         <size>0x2c7</size>
         <input_file_ref idref="fl-4f"/>
      </object_component>
      <object_component id="oc-34a">
         <name>.debug_info</name>
         <load_address>0xae2b</load_address>
         <run_address>0xae2b</run_address>
         <size>0x28f</size>
         <input_file_ref idref="fl-4f"/>
      </object_component>
      <object_component id="oc-296">
         <name>.debug_info</name>
         <load_address>0xb0ba</load_address>
         <run_address>0xb0ba</run_address>
         <size>0x316</size>
         <input_file_ref idref="fl-4f"/>
      </object_component>
      <object_component id="oc-355">
         <name>.debug_info</name>
         <load_address>0xb3d0</load_address>
         <run_address>0xb3d0</run_address>
         <size>0x86</size>
         <input_file_ref idref="fl-4f"/>
      </object_component>
      <object_component id="oc-40d">
         <name>.debug_info</name>
         <load_address>0xb456</load_address>
         <run_address>0xb456</run_address>
         <size>0x39</size>
         <input_file_ref idref="fl-4f"/>
      </object_component>
      <object_component id="oc-bb">
         <name>.debug_info</name>
         <load_address>0xb48f</load_address>
         <run_address>0xb48f</run_address>
         <size>0x120</size>
         <input_file_ref idref="fl-50"/>
      </object_component>
      <object_component id="oc-3e9">
         <name>.debug_info</name>
         <load_address>0xb5af</load_address>
         <run_address>0xb5af</run_address>
         <size>0x125</size>
         <input_file_ref idref="fl-51"/>
      </object_component>
      <object_component id="oc-41a">
         <name>.debug_info</name>
         <load_address>0xb6d4</load_address>
         <run_address>0xb6d4</run_address>
         <size>0x193</size>
         <input_file_ref idref="fl-53"/>
      </object_component>
      <object_component id="oc-413">
         <name>.debug_info</name>
         <load_address>0xb867</load_address>
         <run_address>0xb867</run_address>
         <size>0x17f</size>
         <input_file_ref idref="fl-54"/>
      </object_component>
      <object_component id="oc-3cb">
         <name>.debug_info</name>
         <load_address>0xb9e6</load_address>
         <run_address>0xb9e6</run_address>
         <size>0x1b8</size>
         <input_file_ref idref="fl-54"/>
      </object_component>
      <object_component id="oc-471">
         <name>.debug_info</name>
         <load_address>0xbb9e</load_address>
         <run_address>0xbb9e</run_address>
         <size>0xaa</size>
      </object_component>
      <object_component id="oc-326">
         <name>.debug_line</name>
         <load_address>0x0</load_address>
         <run_address>0x0</run_address>
         <size>0x3b</size>
         <input_file_ref idref="fl-2"/>
      </object_component>
      <object_component id="oc-3bb">
         <name>.debug_line</name>
         <load_address>0x3b</load_address>
         <run_address>0x3b</run_address>
         <size>0x2f</size>
         <input_file_ref idref="fl-2"/>
      </object_component>
      <object_component id="oc-257">
         <name>.debug_line</name>
         <load_address>0x6a</load_address>
         <run_address>0x6a</run_address>
         <size>0x45</size>
         <input_file_ref idref="fl-2"/>
      </object_component>
      <object_component id="oc-252">
         <name>.debug_line</name>
         <load_address>0xaf</load_address>
         <run_address>0xaf</run_address>
         <size>0x3f</size>
         <input_file_ref idref="fl-2"/>
      </object_component>
      <object_component id="oc-2b4">
         <name>.debug_line</name>
         <load_address>0xee</load_address>
         <run_address>0xee</run_address>
         <size>0x42</size>
         <input_file_ref idref="fl-2"/>
      </object_component>
      <object_component id="oc-2c4">
         <name>.debug_line</name>
         <load_address>0x130</load_address>
         <run_address>0x130</run_address>
         <size>0x45</size>
         <input_file_ref idref="fl-2"/>
      </object_component>
      <object_component id="oc-2ca">
         <name>.debug_line</name>
         <load_address>0x175</load_address>
         <run_address>0x175</run_address>
         <size>0x60</size>
         <input_file_ref idref="fl-2"/>
      </object_component>
      <object_component id="oc-2cf">
         <name>.debug_line</name>
         <load_address>0x1d5</load_address>
         <run_address>0x1d5</run_address>
         <size>0x4a</size>
         <input_file_ref idref="fl-2"/>
      </object_component>
      <object_component id="oc-1d9">
         <name>.debug_line</name>
         <load_address>0x21f</load_address>
         <run_address>0x21f</run_address>
         <size>0x5f</size>
         <input_file_ref idref="fl-2"/>
      </object_component>
      <object_component id="oc-24c">
         <name>.debug_line</name>
         <load_address>0x27e</load_address>
         <run_address>0x27e</run_address>
         <size>0x4b</size>
         <input_file_ref idref="fl-2"/>
      </object_component>
      <object_component id="oc-25d">
         <name>.debug_line</name>
         <load_address>0x2c9</load_address>
         <run_address>0x2c9</run_address>
         <size>0x5f</size>
         <input_file_ref idref="fl-2"/>
      </object_component>
      <object_component id="oc-1a3">
         <name>.debug_line</name>
         <load_address>0x328</load_address>
         <run_address>0x328</run_address>
         <size>0x47</size>
         <input_file_ref idref="fl-2"/>
      </object_component>
      <object_component id="oc-287">
         <name>.debug_line</name>
         <load_address>0x36f</load_address>
         <run_address>0x36f</run_address>
         <size>0x2f</size>
         <input_file_ref idref="fl-2"/>
      </object_component>
      <object_component id="oc-27d">
         <name>.debug_line</name>
         <load_address>0x39e</load_address>
         <run_address>0x39e</run_address>
         <size>0x72</size>
         <input_file_ref idref="fl-2"/>
      </object_component>
      <object_component id="oc-cd">
         <name>.debug_line</name>
         <load_address>0x410</load_address>
         <run_address>0x410</run_address>
         <size>0x20</size>
         <input_file_ref idref="fl-2"/>
      </object_component>
      <object_component id="oc-323">
         <name>.debug_line</name>
         <load_address>0x430</load_address>
         <run_address>0x430</run_address>
         <size>0x76</size>
         <input_file_ref idref="fl-2"/>
      </object_component>
      <object_component id="oc-242">
         <name>.debug_line</name>
         <load_address>0x4a6</load_address>
         <run_address>0x4a6</run_address>
         <size>0x73</size>
         <input_file_ref idref="fl-2"/>
      </object_component>
      <object_component id="oc-181">
         <name>.debug_line</name>
         <load_address>0x519</load_address>
         <run_address>0x519</run_address>
         <size>0x76</size>
         <input_file_ref idref="fl-3"/>
      </object_component>
      <object_component id="oc-183">
         <name>.debug_line</name>
         <load_address>0x58f</load_address>
         <run_address>0x58f</run_address>
         <size>0x3b</size>
         <input_file_ref idref="fl-3"/>
      </object_component>
      <object_component id="oc-e2">
         <name>.debug_line</name>
         <load_address>0x5ca</load_address>
         <run_address>0x5ca</run_address>
         <size>0x6d</size>
         <input_file_ref idref="fl-3"/>
      </object_component>
      <object_component id="oc-e8">
         <name>.debug_line</name>
         <load_address>0x637</load_address>
         <run_address>0x637</run_address>
         <size>0x52</size>
         <input_file_ref idref="fl-3"/>
      </object_component>
      <object_component id="oc-239">
         <name>.debug_line</name>
         <load_address>0x689</load_address>
         <run_address>0x689</run_address>
         <size>0x57</size>
         <input_file_ref idref="fl-3"/>
      </object_component>
      <object_component id="oc-339">
         <name>.debug_line</name>
         <load_address>0x6e0</load_address>
         <run_address>0x6e0</run_address>
         <size>0x4e</size>
         <input_file_ref idref="fl-3"/>
      </object_component>
      <object_component id="oc-3dd">
         <name>.debug_line</name>
         <load_address>0x72e</load_address>
         <run_address>0x72e</run_address>
         <size>0x57</size>
         <input_file_ref idref="fl-3"/>
      </object_component>
      <object_component id="oc-3e0">
         <name>.debug_line</name>
         <load_address>0x785</load_address>
         <run_address>0x785</run_address>
         <size>0x5e</size>
         <input_file_ref idref="fl-3"/>
      </object_component>
      <object_component id="oc-336">
         <name>.debug_line</name>
         <load_address>0x7e3</load_address>
         <run_address>0x7e3</run_address>
         <size>0x4b</size>
[...]
      </symbol>
      <symbol id="sm-2ea">
         <name>__mspabi_sral_4</name>
         <value>0xdbd8</value>
         <object_component_ref idref="oc-36a"/>
      </symbol>
      <symbol id="sm-2eb">
         <name>__mspabi_sral_5</name>
         <value>0xdbd4</value>
         <object_component_ref idref="oc-36a"/>
      </symbol>
      <symbol id="sm-2ec">
         <name>__mspabi_sral_2</name>
         <value>0xdbe0</value>
         <object_component_ref idref="oc-36a"/>
      </symbol>
      <symbol id="sm-2ed">
         <name>__mspabi_sral_3</name>
         <value>0xdbdc</value>
         <object_component_ref idref="oc-36a"/>
      </symbol>
      <symbol id="sm-2ee">
         <name>__mspabi_sral_1</name>
         <value>0xdbe4</value>
         <object_component_ref idref="oc-36a"/>
      </symbol>
      <symbol id="sm-2fa">
         <name>__mspabi_remi</name>
         <value>0xdd5e</value>
         <object_component_ref idref="oc-1c9"/>
      </symbol>
      <symbol id="sm-2fb">
         <name>__mspabi_divi</name>
         <value>0xdd5e</value>
         <object_component_ref idref="oc-1c9"/>
      </symbol>
      <symbol id="sm-305">
         <name>__mspabi_remu</name>
         <value>0xdf52</value>
         <object_component_ref idref="oc-29f"/>
      </symbol>
      <symbol id="sm-306">
         <name>__mspabi_divu</name>
         <value>0xdf52</value>
         <object_component_ref idref="oc-29f"/>
      </symbol>
      <symbol id="sm-312">
         <name>__mspabi_remli</name>
         <value>0xdb6c</value>
         <object_component_ref idref="oc-2d1"/>
      </symbol>
      <symbol id="sm-313">
         <name>__mspabi_divli</name>
         <value>0xdb6c</value>
         <object_component_ref idref="oc-2d1"/>
      </symbol>
      <symbol id="sm-321">
         <name>__mspabi_remul</name>
         <value>0xd882</value>
         <object_component_ref idref="oc-1db"/>
      </symbol>
      <symbol id="sm-322">
         <name>__mspabi_divul</name>
         <value>0xd882</value>
         <object_component_ref idref="oc-1db"/>
      </symbol>
      <symbol id="sm-32b">
         <name>__mspabi_func_epilog_2</name>
         <value>0xe030</value>
         <object_component_ref idref="oc-bf"/>
      </symbol>
      <symbol id="sm-32c">
         <name>__mspabi_func_epilog_3</name>
         <value>0xe02e</value>
         <object_component_ref idref="oc-bf"/>
      </symbol>
      <symbol id="sm-32d">
         <name>__mspabi_func_epilog_1</name>
         <value>0xe032</value>
         <object_component_ref idref="oc-bf"/>
      </symbol>
      <symbol id="sm-32e">
         <name>__mspabi_func_epilog_6</name>
         <value>0xe028</value>
         <object_component_ref idref="oc-bf"/>
      </symbol>
      <symbol id="sm-32f">
         <name>__mspabi_func_epilog_7</name>
         <value>0xe026</value>
         <object_component_ref idref="oc-bf"/>
      </symbol>
      <symbol id="sm-330">
         <name>__mspabi_func_epilog_4</name>
         <value>0xe02c</value>
         <object_component_ref idref="oc-bf"/>
      </symbol>
      <symbol id="sm-331">
         <name>__mspabi_func_epilog_5</name>
         <value>0xe02a</value>
         <object_component_ref idref="oc-bf"/>
      </symbol>
      <symbol id="sm-334">
         <name>__TI_int00</name>
         <value>0xffe0</value>
         <object_component_ref idref="oc-40"/>
      </symbol>
      <symbol id="sm-337">
         <name>__TI_int02</name>
         <value>0xffe4</value>
         <object_component_ref idref="oc-41"/>
      </symbol>
      <symbol id="sm-33a">
         <name>__TI_int03</name>
         <value>0xffe6</value>
         <object_component_ref idref="oc-42"/>
      </symbol>
      <symbol id="sm-33d">
         <name>__TI_int05</name>
         <value>0xffea</value>
         <object_component_ref idref="oc-43"/>
      </symbol>
      <symbol id="sm-340">
         <name>__TI_int08</name>
         <value>0xfff0</value>
         <object_component_ref idref="oc-46"/>
      </symbol>
      <symbol id="sm-343">
         <name>__TI_int09</name>
         <value>0xfff2</value>
         <object_component_ref idref="oc-47"/>
      </symbol>
      <symbol id="sm-346">
         <name>__TI_int10</name>
         <value>0xfff4</value>
         <object_component_ref idref="oc-48"/>
      </symbol>
      <symbol id="sm-349">
         <name>__TI_int11</name>
         <value>0xfff6</value>
         <object_component_ref idref="oc-49"/>
      </symbol>
      <symbol id="sm-34c">
         <name>__TI_int12</name>
         <value>0xfff8</value>
         <object_component_ref idref="oc-4a"/>
      </symbol>
      <symbol id="sm-34f">
         <name>__TI_int13</name>
         <value>0xfffa</value>
         <object_component_ref idref="oc-4b"/>
      </symbol>
      <symbol id="sm-352">
         <name>__TI_int14</name>
         <value>0xfffc</value>
         <object_component_ref idref="oc-4c"/>
      </symbol>
      <symbol id="sm-35a">
         <name>__TI_ISR_TRAP</name>
         <value>0xe072</value>
         <object_component_ref idref="oc-dc"/>
      </symbol>
      <symbol id="sm-362">
         <name>__mspabi_slli</name>
         <value>0xdd8a</value>
         <object_component_ref idref="oc-b5"/>
      </symbol>
      <symbol id="sm-363">
         <name>__mspabi_slli_9</name>
         <value>0xdda2</value>
         <object_component_ref idref="oc-b5"/>
      </symbol>
      <symbol id="sm-364">
         <name>__mspabi_slli_8</name>
         <value>0xdda4</value>
         <object_component_ref idref="oc-b5"/>
      </symbol>
      <symbol id="sm-365">
         <name>__mspabi_slli_7</name>
         <value>0xdda6</value>
         <object_component_ref idref="oc-b5"/>
      </symbol>
      <symbol id="sm-366">
         <name>__mspabi_slli_6</name>
         <value>0xdda8</value>
         <object_component_ref idref="oc-b5"/>
      </symbol>
      <symbol id="sm-367">
         <name>__mspabi_slli_5</name>
         <value>0xddaa</value>
         <object_component_ref idref="oc-b5"/>
      </symbol>
      <symbol id="sm-368">
         <name>__mspabi_slli_4</name>
         <value>0xddac</value>
         <object_component_ref idref="oc-b5"/>
      </symbol>
      <symbol id="sm-369">
         <name>__mspabi_slli_3</name>
         <value>0xddae</value>
         <object_component_ref idref="oc-b5"/>
      </symbol>
      <symbol id="sm-36a">
         <name>__mspabi_slli_2</name>
         <value>0xddb0</value>
         <object_component_ref idref="oc-b5"/>
      </symbol>
      <symbol id="sm-36b">
         <name>__mspabi_slli_1</name>
         <value>0xddb2</value>
         <object_component_ref idref="oc-b5"/>
      </symbol>
      <symbol id="sm-36c">
         <name>__mspabi_slli_15</name>
         <value>0xdd96</value>
         <object_component_ref idref="oc-b5"/>
      </symbol>
      <symbol id="sm-36d">
         <name>__mspabi_slli_14</name>
         <value>0xdd98</value>
         <object_component_ref idref="oc-b5"/>
      </symbol>
      <symbol id="sm-36e">
         <name>__mspabi_slli_13</name>
         <value>0xdd9a</value>
         <object_component_ref idref="oc-b5"/>
      </symbol>
      <symbol id="sm-36f">
         <name>__mspabi_slli_12</name>
         <value>0xdd9c</value>
         <object_component_ref idref="oc-b5"/>
      </symbol>
      <symbol id="sm-370">
         <name>__mspabi_slli_11</name>
         <value>0xdd9e</value>
         <object_component_ref idref="oc-b5"/>
      </symbol>
      <symbol id="sm-371">
         <name>__mspabi_slli_10</name>
         <value>0xdda0</value>
         <object_component_ref idref="oc-b5"/>
      </symbol>
      <symbol id="sm-379">
         <name>__mspabi_slll_9</name>
         <value>0xdc02</value>
         <object_component_ref idref="oc-2b5"/>
      </symbol>
      <symbol id="sm-37a">
         <name>__mspabi_slll_8</name>
         <value>0xdc06</value>
         <object_component_ref idref="oc-2b5"/>
      </symbol>
      <symbol id="sm-37b">
         <name>__mspabi_slll_7</name>
         <value>0xdc0a</value>
         <object_component_ref idref="oc-2b5"/>
      </symbol>
      <symbol id="sm-37c">
         <name>__mspabi_slll_6</name>
         <value>0xdc0e</value>
         <object_component_ref idref="oc-2b5"/>
      </symbol>
      <symbol id="sm-37d">
         <name>__mspabi_slll_5</name>
         <value>0xdc12</value>
         <object_component_ref idref="oc-2b5"/>
      </symbol>
      <symbol id="sm-37e">
         <name>__mspabi_slll_4</name>
         <value>0xdc16</value>
         <object_component_ref idref="oc-2b5"/>
      </symbol>
      <symbol id="sm-37f">
         <name>__mspabi_slll_3</name>
         <value>0xdc1a</value>
         <object_component_ref idref="oc-2b5"/>
      </symbol>
      <symbol id="sm-380">
         <name>__mspabi_slll_2</name>
         <value>0xdc1e</value>
         <object_component_ref idref="oc-2b5"/>
      </symbol>
      <symbol id="sm-381">
         <name>__mspabi_slll_1</name>
         <value>0xdc22</value>
         <object_component_ref idref="oc-2b5"/>
      </symbol>
      <symbol id="sm-382">
         <name>__mspabi_slll_15</name>
         <value>0xdbea</value>
         <object_component_ref idref="oc-2b5"/>
      </symbol>
      <symbol id="sm-383">
         <name>__mspabi_slll_14</name>
         <value>0xdbee</value>
         <object_component_ref idref="oc-2b5"/>
      </symbol>
      <symbol id="sm-384">
         <name>__mspabi_slll_13</name>
         <value>0xdbf2</value>
         <object_component_ref idref="oc-2b5"/>
      </symbol>
      <symbol id="sm-385">
         <name>__mspabi_slll_12</name>
         <value>0xdbf6</value>
         <object_component_ref idref="oc-2b5"/>
      </symbol>
      <symbol id="sm-386">
         <name>__mspabi_slll_11</name>
         <value>0xdbfa</value>
         <object_component_ref idref="oc-2b5"/>
      </symbol>
      <symbol id="sm-387">
         <name>__mspabi_slll_10</name>
         <value>0xdbfe</value>
         <object_component_ref idref="oc-2b5"/>
      </symbol>
      <symbol id="sm-397">
         <name>__mspabi_srll_8</name>
         <value>0xd850</value>
         <object_component_ref idref="oc-2db"/>
      </symbol>
      <symbol id="sm-398">
         <name>__mspabi_srll_9</name>
         <value>0xd84a</value>
         <object_component_ref idref="oc-2db"/>
      </symbol>
      <symbol id="sm-399">
         <name>__mspabi_srll_6</name>
         <value>0xd85c</value>
         <object_component_ref idref="oc-2db"/>
      </symbol>
      <symbol id="sm-39a">
         <name>__mspabi_srll_7</name>
         <value>0xd856</value>
         <object_component_ref idref="oc-2db"/>
      </symbol>
      <symbol id="sm-39b">
         <name>__mspabi_srll_4</name>
         <value>0xd868</value>
         <object_component_ref idref="oc-2db"/>
      </symbol>
      <symbol id="sm-39c">
         <name>__mspabi_srll_5</name>
         <value>0xd862</value>
         <object_component_ref idref="oc-2db"/>
      </symbol>
      <symbol id="sm-39d">
         <name>__mspabi_srll_2</name>
         <value>0xd874</value>
         <object_component_ref idref="oc-2db"/>
      </symbol>
      <symbol id="sm-39e">
         <name>__mspabi_srll_3</name>
         <value>0xd86e</value>
         <object_component_ref idref="oc-2db"/>
      </symbol>
      <symbol id="sm-39f">
         <name>__mspabi_srll_1</name>
         <value>0xd87a</value>
         <object_component_ref idref="oc-2db"/>
      </symbol>
      <symbol id="sm-3a0">
         <name>__mspabi_srll_15</name>
         <value>0xd826</value>
         <object_component_ref idref="oc-2db"/>
      </symbol>
      <symbol id="sm-3a1">
         <name>__mspabi_srll_14</name>
         <value>0xd82c</value>
         <object_component_ref idref="oc-2db"/>
      </symbol>
      <symbol id="sm-3a2">
         <name>__mspabi_srll_13</name>
         <value>0xd832</value>
         <object_component_ref idref="oc-2db"/>
      </symbol>
      <symbol id="sm-3a3">
         <name>__mspabi_srll_12</name>
         <value>0xd838</value>
         <object_component_ref idref="oc-2db"/>
      </symbol>
      <symbol id="sm-3a4">
         <name>__mspabi_srll_11</name>
         <value>0xd83e</value>
         <object_component_ref idref="oc-2db"/>
      </symbol>
      <symbol id="sm-3a5">
         <name>__mspabi_srll_10</name>
         <value>0xd844</value>
         <object_component_ref idref="oc-2db"/>
      </symbol>
      <symbol id="sm-3a6">
         <name>__mspabi_srll</name>
         <value>0xdff2</value>
         <object_component_ref idref="oc-41e"/>
      </symbol>
      <symbol id="sm-3b0">
         <name>__mspabi_mpyi_sw</name>
         <value>0xdfba</value>
         <object_component_ref idref="oc-3ae"/>
      </symbol>
      <symbol id="sm-3b1">
         <name>__mspabi_mpyi</name>
         <value>0xdfba</value>
         <object_component_ref idref="oc-3ae"/>
      </symbol>
      <symbol id="sm-3bb">
         <name>__mspabi_mpyl_sw</name>
         <value>0xddb6</value>
         <object_component_ref idref="oc-2d6"/>
      </symbol>
      <symbol id="sm-3bc">
         <name>__mspabi_mpyl</name>
         <value>0xddb6</value>
         <object_component_ref idref="oc-2d6"/>
      </symbol>
      <symbol id="sm-3c4">
         <name>__mspabi_mpyll</name>
         <value>0xd1e8</value>
         <object_component_ref idref="oc-370"/>
      </symbol>
      <symbol id="sm-3c5">
         <name>__mspabi_mpyll_sw</name>
         <value>0xd1e8</value>
         <object_component_ref idref="oc-370"/>
      </symbol>
      <symbol id="sm-3d5">
         <name>_stack</name>
         <value>0x3b0</value>
         <object_component_ref idref="oc-b1"/>
      </symbol>
      <symbol id="sm-3d6">
         <name>_c_int00_noargs</name>
         <value>0xdebe</value>
         <object_component_ref idref="oc-ff"/>
      </symbol>
      <symbol id="sm-3d7">
         <name>_reset_vector</name>
         <value>0xfffe</value>
         <object_component_ref idref="oc-b4"/>
      </symbol>
      <symbol id="sm-3f9">
         <name>__TI_auto_init_nobinit_nopinit</name>
         <value>0xdb2a</value>
         <object_component_ref idref="oc-202"/>
      </symbol>
      <symbol id="sm-40c">
         <name>__TI_zero_init_nomemset</name>
         <value>0xdf92</value>
         <object_component_ref idref="oc-ed"/>
      </symbol>
      <symbol id="sm-41b">
         <name>__mspabi_srall</name>
         <value>0xd9c6</value>
         <object_component_ref idref="oc-375"/>
      </symbol>
      <symbol id="sm-428">
         <name>__mspabi_sllll</name>
         <value>0xdae6</value>
         <object_component_ref idref="oc-37b"/>
      </symbol>
      <symbol id="sm-440">
         <name>__mspabi_divlli</name>
         <value>0xce6e</value>
         <object_component_ref idref="oc-381"/>
      </symbol>
      <symbol id="sm-473">
         <name>__mspabi_divull</name>
         <value>0xc57c</value>
         <object_component_ref idref="oc-3f5"/>
      </symbol>
      <symbol id="sm-47c">
         <name>_system_pre_init</name>
         <value>0xe080</value>
         <object_component_ref idref="oc-155"/>
      </symbol>
      <symbol id="sm-485">
         <name>_system_post_cinit</name>
         <value>0xe084</value>
         <object_component_ref idref="oc-2fe"/>
      </symbol>
      <symbol id="sm-49b">
         <name>__TI_decompress_none</name>
         <value>0xdfe0</value>
         <object_component_ref idref="oc-3a"/>
      </symbol>
      <symbol id="sm-4be">
         <name>__TI_decompress_lzss</name>
         <value>0xd60c</value>
         <object_component_ref idref="oc-34"/>
      </symbol>
      <symbol id="sm-4c8">
         <name>C$$EXIT</name>
         <value>0xe07a</value>
         <object_component_ref idref="oc-1f6"/>
      </symbol>
      <symbol id="sm-4c9">
         <name>abort</name>
         <value>0xe07a</value>
         <object_component_ref idref="oc-1f6"/>
      </symbol>
      <symbol id="sm-4d9">
         <name>memcpy</name>
         <value>0xe004</value>
         <object_component_ref idref="oc-cf"/>
      </symbol>
      <symbol id="sm-4e7">
         <name>memset</name>
         <value>0xdfa6</value>
         <object_component_ref idref="oc-2a9"/>
      </symbol>
      <symbol id="sm-4f4">
         <name>strlen</name>
         <value>0xe044</value>
         <object_component_ref idref="oc-342"/>
      </symbol>
      <symbol id="sm-4fe">
         <name>llabs</name>
         <value>0xdf26</value>
         <object_component_ref idref="oc-3ef"/>
      </symbol>
      <symbol id="sm-547">
         <name>__TI_printfi_minimal</name>
         <value>0xd2fc</value>
         <object_component_ref idref="oc-295"/>
      </symbol>
      <symbol id="sm-54f">
         <name>__mspabi_srli_8</name>
         <value>0xd9a4</value>
         <object_component_ref idref="oc-ba"/>
      </symbol>
      <symbol id="sm-550">
         <name>__mspabi_srli_9</name>
         <value>0xd9a0</value>
         <object_component_ref idref="oc-ba"/>
      </symbol>
      <symbol id="sm-551">
         <name>__mspabi_srli_6</name>
         <value>0xd9ac</value>
         <object_component_ref idref="oc-ba"/>
      </symbol>
      <symbol id="sm-552">
         <name>__mspabi_srli_7</name>
         <value>0xd9a8</value>
         <object_component_ref idref="oc-ba"/>
      </symbol>
      <symbol id="sm-553">
         <name>__mspabi_srli_4</name>
         <value>0xd9b4</value>
         <object_component_ref idref="oc-ba"/>
      </symbol>
      <symbol id="sm-554">
         <name>__mspabi_srli_5</name>
         <value>0xd9b0</value>
         <object_component_ref idref="oc-ba"/>
      </symbol>
      <symbol id="sm-555">
         <name>__mspabi_srli_2</name>
         <value>0xd9bc</value>
         <object_component_ref idref="oc-ba"/>
      </symbol>
      <symbol id="sm-556">
         <name>__mspabi_srli_3</name>
         <value>0xd9b8</value>
         <object_component_ref idref="oc-ba"/>
      </symbol>
      <symbol id="sm-557">
         <name>__mspabi_srli_1</name>
         <value>0xd9c0</value>
         <object_component_ref idref="oc-ba"/>
      </symbol>
      <symbol id="sm-558">
         <name>__mspabi_srli</name>
         <value>0xd97a</value>
         <object_component_ref idref="oc-ba"/>
      </symbol>
      <symbol id="sm-559">
         <name>__mspabi_srli_15</name>
         <value>0xd988</value>
         <object_component_ref idref="oc-ba"/>
      </symbol>
      <symbol id="sm-55a">
         <name>__mspabi_srli_14</name>
         <value>0xd98c</value>
         <object_component_ref idref="oc-ba"/>
      </symbol>
      <symbol id="sm-55b">
         <name>__mspabi_srli_13</name>
         <value>0xd990</value>
         <object_component_ref idref="oc-ba"/>
      </symbol>
      <symbol id="sm-55c">
         <name>__mspabi_srli_12</name>
         <value>0xd994</value>
         <object_component_ref idref="oc-ba"/>
      </symbol>
      <symbol id="sm-55d">
         <name>__mspabi_srli_11</name>
         <value>0xd998</value>
         <object_component_ref idref="oc-ba"/>
      </symbol>
      <symbol id="sm-55e">
         <name>__mspabi_srli_10</name>
         <value>0xd99c</value>
         <object_component_ref idref="oc-ba"/>
      </symbol>
      <symbol id="sm-569">
         <name>__mspabi_mpyul_sw</name>
         <value>0xde24</value>
         <object_component_ref idref="oc-3e7"/>
      </symbol>
      <symbol id="sm-56a">
         <name>__mspabi_mpyul</name>
         <value>0xde24</value>
         <object_component_ref idref="oc-3e7"/>
      </symbol>
      <symbol id="sm-578">
         <name>__mspabi_srlll</name>
         <value>0xdaa0</value>
         <object_component_ref idref="oc-418"/>
      </symbol>
      <symbol id="sm-587">
         <name>memccpy</name>
         <value>0xde46</value>
         <object_component_ref idref="oc-3c9"/>
      </symbol>
   </symbol_table>
   <title>Link successful</title>
</link_info>
