<?xml version="1.0" encoding="ISO-8859-1" ?>
<link_info>
   <banner>MSP430 Linker PC v20.2.5.LTS</banner>
   <copyright>Copyright (c) 2003-2018 Texas Instruments Incorporated</copyright>
   <link_time>0x61b6c11e</link_time>
   <link_errors>0x0</link_errors>
   <output_file>bme280actual.out</output_file>
   <entry_point>
      <name>_c_int00_noargs</name>
      <address>0xd9a4</address>
   </entry_point>
   <input_file_list>
      <input_file id="fl-2">
         <path>.\</path>
         <kind>object</kind>
         <file>BME280.obj</file>
         <name>BME280.obj</name>
      </input_file>
      <input_file id="fl-3">
         <path>.\</path>
         <kind>object</kind>
         <file>TI_USCI_I2C_master.obj</file>
         <name>TI_USCI_I2C_master.obj</name>
      </input_file>
      <input_file id="fl-4">
         <path>.\</path>
         <kind>object</kind>
         <file>i2c.obj</file>
         <name>i2c.obj</name>
      </input_file>
      <input_file id="fl-5">
         <path>.\</path>
         <kind>object</kind>
         <file>main.obj</file>
         <name>main.obj</name>
      </input_file>
      <input_file id="fl-a">
         <kind>object</kind>
         <file>&lt;internal&gt;</file>
         <name>&lt;internal&gt;</name>
      </input_file>
      <input_file id="fl-20">
         <path>C:\ti\ccs1040\ccs\tools\compiler\ti-cgt-msp430_20.2.5.LTS\lib\</path>
         <kind>archive</kind>
         <file>rts430_eabi.lib</file>
         <name>asr16.asm.obj</name>
      </input_file>
      <input_file id="fl-21">
         <path>C:\ti\ccs1040\ccs\tools\compiler\ti-cgt-msp430_20.2.5.LTS\lib\</path>
         <kind>archive</kind>
         <file>rts430_eabi.lib</file>
         <name>asr32.asm.obj</name>
      </input_file>
      <input_file id="fl-22">
         <path>C:\ti\ccs1040\ccs\tools\compiler\ti-cgt-msp430_20.2.5.LTS\lib\</path>
         <kind>archive</kind>
         <file>rts430_eabi.lib</file>
         <name>div16s.asm.obj</name>
      </input_file>
      <input_file id="fl-23">
         <path>C:\ti\ccs1040\ccs\tools\compiler\ti-cgt-msp430_20.2.5.LTS\lib\</path>
         <kind>archive</kind>
         <file>rts430_eabi.lib</file>
         <name>div16u.asm.obj</name>
      </input_file>
      <input_file id="fl-24">
         <path>C:\ti\ccs1040\ccs\tools\compiler\ti-cgt-msp430_20.2.5.LTS\lib\</path>
         <kind>archive</kind>
         <file>rts430_eabi.lib</file>
         <name>div32s.asm.obj</name>
      </input_file>
      <input_file id="fl-25">
         <path>C:\ti\ccs1040\ccs\tools\compiler\ti-cgt-msp430_20.2.5.LTS\lib\</path>
         <kind>archive</kind>
         <file>rts430_eabi.lib</file>
         <name>div32u.asm.obj</name>
      </input_file>
      <input_file id="fl-26">
         <path>C:\ti\ccs1040\ccs\tools\compiler\ti-cgt-msp430_20.2.5.LTS\lib\</path>
         <kind>archive</kind>
         <file>rts430_eabi.lib</file>
         <name>epilog.asm.obj</name>
      </input_file>
      <input_file id="fl-27">
         <path>C:\ti\ccs1040\ccs\tools\compiler\ti-cgt-msp430_20.2.5.LTS\lib\</path>
         <kind>archive</kind>
         <file>rts430_eabi.lib</file>
         <name>int00.asm.obj</name>
      </input_file>
      <input_file id="fl-28">
         <path>C:\ti\ccs1040\ccs\tools\compiler\ti-cgt-msp430_20.2.5.LTS\lib\</path>
         <kind>archive</kind>
         <file>rts430_eabi.lib</file>
         <name>int02.asm.obj</name>
      </input_file>
      <input_file id="fl-29">
         <path>C:\ti\ccs1040\ccs\tools\compiler\ti-cgt-msp430_20.2.5.LTS\lib\</path>
         <kind>archive</kind>
         <file>rts430_eabi.lib</file>
         <name>int03.asm.obj</name>
      </input_file>
      <input_file id="fl-2a">
         <path>C:\ti\ccs1040\ccs\tools\compiler\ti-cgt-msp430_20.2.5.LTS\lib\</path>
         <kind>archive</kind>
         <file>rts430_eabi.lib</file>
         <name>int05.asm.obj</name>
      </input_file>
      <input_file id="fl-2b">
         <path>C:\ti\ccs1040\ccs\tools\compiler\ti-cgt-msp430_20.2.5.LTS\lib\</path>
         <kind>archive</kind>
         <file>rts430_eabi.lib</file>
         <name>int08.asm.obj</name>
      </input_file>
      <input_file id="fl-2c">
         <path>C:\ti\ccs1040\ccs\tools\compiler\ti-cgt-msp430_20.2.5.LTS\lib\</path>
         <kind>archive</kind>
         <file>rts430_eabi.lib</file>
         <name>int09.asm.obj</name>
      </input_file>
      <input_file id="fl-2d">
         <path>C:\ti\ccs1040\ccs\tools\compiler\ti-cgt-msp430_20.2.5.LTS\lib\</path>
         <kind>archive</kind>
         <file>rts430_eabi.lib</file>
         <name>int10.asm.obj</name>
      </input_file>
      <input_file id="fl-2e">
         <path>C:\ti\ccs1040\ccs\tools\compiler\ti-cgt-msp430_20.2.5.LTS\lib\</path>
         <kind>archive</kind>
         <file>rts430_eabi.lib</file>
         <name>int11.asm.obj</name>
      </input_file>
      <input_file id="fl-2f">
         <path>C:\ti\ccs1040\ccs\tools\compiler\ti-cgt-msp430_20.2.5.LTS\lib\</path>
         <kind>archive</kind>
         <file>rts430_eabi.lib</file>
         <name>int12.asm.obj</name>
      </input_file>
      <input_file id="fl-30">
         <path>C:\ti\ccs1040\ccs\tools\compiler\ti-cgt-msp430_20.2.5.LTS\lib\</path>
         <kind>archive</kind>
         <file>rts430_eabi.lib</file>
         <name>int13.asm.obj</name>
      </input_file>
      <input_file id="fl-31">
         <path>C:\ti\ccs1040\ccs\tools\compiler\ti-cgt-msp430_20.2.5.LTS\lib\</path>
         <kind>archive</kind>
         <file>rts430_eabi.lib</file>
         <name>int14.asm.obj</name>
      </input_file>
      <input_file id="fl-32">
         <path>C:\ti\ccs1040\ccs\tools\compiler\ti-cgt-msp430_20.2.5.LTS\lib\</path>
         <kind>archive</kind>
         <file>rts430_eabi.lib</file>
         <name>isr_trap.asm.obj</name>
      </input_file>
      <input_file id="fl-33">
         <path>C:\ti\ccs1040\ccs\tools\compiler\ti-cgt-msp430_20.2.5.LTS\lib\</path>
         <kind>archive</kind>
         <file>rts430_eabi.lib</file>
         <name>lsl16.asm.obj</name>
      </input_file>
      <input_file id="fl-34">
         <path>C:\ti\ccs1040\ccs\tools\compiler\ti-cgt-msp430_20.2.5.LTS\lib\</path>
         <kind>archive</kind>
         <file>rts430_eabi.lib</file>
         <name>lsl32.asm.obj</name>
      </input_file>
      <input_file id="fl-35">
         <path>C:\ti\ccs1040\ccs\tools\compiler\ti-cgt-msp430_20.2.5.LTS\lib\</path>
         <kind>archive</kind>
         <file>rts430_eabi.lib</file>
         <name>lsr32.asm.obj</name>
      </input_file>
      <input_file id="fl-36">
         <path>C:\ti\ccs1040\ccs\tools\compiler\ti-cgt-msp430_20.2.5.LTS\lib\</path>
         <kind>archive</kind>
         <file>rts430_eabi.lib</file>
         <name>mult32.asm.obj</name>
      </input_file>
      <input_file id="fl-37">
         <path>C:\ti\ccs1040\ccs\tools\compiler\ti-cgt-msp430_20.2.5.LTS\lib\</path>
         <kind>archive</kind>
         <file>rts430_eabi.lib</file>
         <name>mult64.asm.obj</name>
      </input_file>
      <input_file id="fl-38">
         <path>C:\ti\ccs1040\ccs\tools\compiler\ti-cgt-msp430_20.2.5.LTS\lib\</path>
         <kind>archive</kind>
         <file>rts430_eabi.lib</file>
         <name>boot.c.obj</name>
      </input_file>
      <input_file id="fl-39">
         <path>C:\ti\ccs1040\ccs\tools\compiler\ti-cgt-msp430_20.2.5.LTS\lib\</path>
         <kind>archive</kind>
         <file>rts430_eabi.lib</file>
         <name>autoinit.c.obj</name>
      </input_file>
      <input_file id="fl-3a">
         <path>C:\ti\ccs1040\ccs\tools\compiler\ti-cgt-msp430_20.2.5.LTS\lib\</path>
         <kind>archive</kind>
         <file>rts430_eabi.lib</file>
         <name>copy_zero_init.c.obj</name>
      </input_file>
      <input_file id="fl-3b">
         <path>C:\ti\ccs1040\ccs\tools\compiler\ti-cgt-msp430_20.2.5.LTS\lib\</path>
         <kind>archive</kind>
         <file>rts430_eabi.lib</file>
         <name>cpy_tbl.c.obj</name>
      </input_file>
      <input_file id="fl-3c">
         <path>C:\ti\ccs1040\ccs\tools\compiler\ti-cgt-msp430_20.2.5.LTS\lib\</path>
         <kind>archive</kind>
         <file>rts430_eabi.lib</file>
         <name>mpu_init.c.obj</name>
      </input_file>
      <input_file id="fl-3d">
         <path>C:\ti\ccs1040\ccs\tools\compiler\ti-cgt-msp430_20.2.5.LTS\lib\</path>
         <kind>archive</kind>
         <file>rts430_eabi.lib</file>
         <name>asr64.c.obj</name>
      </input_file>
      <input_file id="fl-3e">
         <path>C:\ti\ccs1040\ccs\tools\compiler\ti-cgt-msp430_20.2.5.LTS\lib\</path>
         <kind>archive</kind>
         <file>rts430_eabi.lib</file>
         <name>lsl64.c.obj</name>
      </input_file>
      <input_file id="fl-3f">
         <path>C:\ti\ccs1040\ccs\tools\compiler\ti-cgt-msp430_20.2.5.LTS\lib\</path>
         <kind>archive</kind>
         <file>rts430_eabi.lib</file>
         <name>div64s.c.obj</name>
      </input_file>
      <input_file id="fl-40">
         <path>C:\ti\ccs1040\ccs\tools\compiler\ti-cgt-msp430_20.2.5.LTS\lib\</path>
         <kind>archive</kind>
         <file>rts430_eabi.lib</file>
         <name>div64u.c.obj</name>
      </input_file>
      <input_file id="fl-41">
         <path>C:\ti\ccs1040\ccs\tools\compiler\ti-cgt-msp430_20.2.5.LTS\lib\</path>
         <kind>archive</kind>
         <file>rts430_eabi.lib</file>
         <name>pre_init.c.obj</name>
      </input_file>
      <input_file id="fl-42">
         <path>C:\ti\ccs1040\ccs\tools\compiler\ti-cgt-msp430_20.2.5.LTS\lib\</path>
         <kind>archive</kind>
         <file>rts430_eabi.lib</file>
         <name>startup.c.obj</name>
      </input_file>
      <input_file id="fl-43">
         <path>C:\ti\ccs1040\ccs\tools\compiler\ti-cgt-msp430_20.2.5.LTS\lib\</path>
         <kind>archive</kind>
         <file>rts430_eabi.lib</file>
         <name>copy_decompress_none.c.obj</name>
      </input_file>
      <input_file id="fl-44">
         <path>C:\ti\ccs1040\ccs\tools\compiler\ti-cgt-msp430_20.2.5.LTS\lib\</path>
         <kind>archive</kind>
         <file>rts430_eabi.lib</file>
         <name>copy_decompress_lzss.c.obj</name>
      </input_file>
      <input_file id="fl-45">
         <path>C:\ti\ccs1040\ccs\tools\compiler\ti-cgt-msp430_20.2.5.LTS\lib\</path>
         <kind>archive</kind>
         <file>rts430_eabi.lib</file>
         <name>exit.c.obj</name>
      </input_file>
      <input_file id="fl-46">
         <path>C:\ti\ccs1040\ccs\tools\compiler\ti-cgt-msp430_20.2.5.LTS\lib\</path>
         <kind>archive</kind>
         <file>rts430_eabi.lib</file>
         <name>_lock.c.obj</name>
      </input_file>
      <input_file id="fl-47">
         <path>C:\ti\ccs1040\ccs\tools\compiler\ti-cgt-msp430_20.2.5.LTS\lib\</path>
         <kind>archive</kind>
         <file>rts430_eabi.lib</file>
         <name>args_main.c.obj</name>
      </input_file>
      <input_file id="fl-48">
         <path>C:\ti\ccs1040\ccs\tools\compiler\ti-cgt-msp430_20.2.5.LTS\lib\</path>
         <kind>archive</kind>
         <file>rts430_eabi.lib</file>
         <name>memcpy.c.obj</name>
      </input_file>
      <input_file id="fl-49">
         <path>C:\ti\ccs1040\ccs\tools\compiler\ti-cgt-msp430_20.2.5.LTS\lib\</path>
         <kind>archive</kind>
         <file>rts430_eabi.lib</file>
         <name>memset.c.obj</name>
      </input_file>
      <input_file id="fl-4a">
         <path>C:\ti\ccs1040\ccs\tools\compiler\ti-cgt-msp430_20.2.5.LTS\lib\</path>
         <kind>archive</kind>
         <file>rts430_eabi.lib</file>
         <name>llabs.c.obj</name>
      </input_file>
      <input_file id="fl-4b">
         <path>C:\ti\ccs1040\ccs\tools\compiler\ti-cgt-msp430_20.2.5.LTS\lib\</path>
         <kind>archive</kind>
         <file>rts430_eabi.lib</file>
         <name>lsr16.asm.obj</name>
      </input_file>
      <input_file id="fl-4c">
         <path>C:\ti\ccs1040\ccs\tools\compiler\ti-cgt-msp430_20.2.5.LTS\lib\</path>
         <kind>archive</kind>
         <file>rts430_eabi.lib</file>
         <name>mult16.asm.obj</name>
      </input_file>
      <input_file id="fl-4d">
         <path>C:\ti\ccs1040\ccs\tools\compiler\ti-cgt-msp430_20.2.5.LTS\lib\</path>
         <kind>archive</kind>
         <file>rts430_eabi.lib</file>
         <name>mult1632.asm.obj</name>
      </input_file>
      <input_file id="fl-4e">
         <path>C:\ti\ccs1040\ccs\tools\compiler\ti-cgt-msp430_20.2.5.LTS\lib\</path>
         <kind>archive</kind>
         <file>rts430_eabi.lib</file>
         <name>exit_gvars.c.obj</name>
      </input_file>
      <input_file id="fl-4f">
         <path>C:\ti\ccs1040\ccs\tools\compiler\ti-cgt-msp430_20.2.5.LTS\lib\</path>
         <kind>archive</kind>
         <file>rts430_eabi.lib</file>
         <name>lsr64.c.obj</name>
      </input_file>
   </input_file_list>
   <object_component_list>
      <object_component id="oc-2dc">
         <name>.bss:mCalibrationData</name>
         <uninitialized>true</uninitialized>
         <run_address>0x264</run_address>
         <size>0x24</size>
         <input_file_ref idref="fl-2"/>
      </object_component>
      <object_component id="oc-220">
         <name>.common:t_fine</name>
         <uninitialized>true</uninitialized>
         <run_address>0x290</run_address>
         <size>0x4</size>
      </object_component>
      <object_component id="oc-143">
         <name>.common:byteCtr</name>
         <uninitialized>true</uninitialized>
         <run_address>0x2a0</run_address>
         <size>0x1</size>
      </object_component>
      <object_component id="oc-14a">
         <name>.common:TI_receive_field</name>
         <uninitialized>true</uninitialized>
         <run_address>0x29c</run_address>
         <size>0x2</size>
      </object_component>
      <object_component id="oc-149">
         <name>.common:TI_transmit_field</name>
         <uninitialized>true</uninitialized>
         <run_address>0x29e</run_address>
         <size>0x2</size>
      </object_component>
      <object_component id="oc-1cf">
         <name>.common:light_Raw</name>
         <uninitialized>true</uninitialized>
         <run_address>0x28c</run_address>
         <size>0x4</size>
      </object_component>
      <object_component id="oc-1d0">
         <name>.common:lightLevel</name>
         <uninitialized>true</uninitialized>
         <run_address>0x288</run_address>
         <size>0x4</size>
      </object_component>
      <object_component id="oc-1c7">
         <name>.common:water_Raw</name>
         <uninitialized>true</uninitialized>
         <run_address>0x298</run_address>
         <size>0x4</size>
      </object_component>
      <object_component id="oc-1c8">
         <name>.common:waterLevel</name>
         <uninitialized>true</uninitialized>
         <run_address>0x294</run_address>
         <size>0x4</size>
      </object_component>
      <object_component id="oc-1b3">
         <name>.common:result</name>
         <uninitialized>true</uninitialized>
         <run_address>0x200</run_address>
         <size>0x64</size>
      </object_component>
      <object_component id="oc-146">
         <name>.data</name>
         <load_address>0x2c7</load_address>
         <run_address>0x2c7</run_address>
         <size>0x1</size>
         <input_file_ref idref="fl-3"/>
      </object_component>
      <object_component id="oc-1a5">
         <name>.data</name>
         <load_address>0x2c8</load_address>
         <run_address>0x2c8</run_address>
         <size>0x4</size>
         <input_file_ref idref="fl-5"/>
      </object_component>
      <object_component id="oc-288">
         <name>.data:num$1</name>
         <load_address>0x2a2</load_address>
         <run_address>0x2a2</run_address>
         <size>0x25</size>
         <input_file_ref idref="fl-5"/>
      </object_component>
      <object_component id="oc-b1">
         <name>.stack</name>
         <uninitialized>true</uninitialized>
         <run_address>0x3b0</run_address>
         <size>0x2</size>
         <input_file_ref idref="fl-38"/>
      </object_component>
      <object_component id="oc-3dd">
         <name>.stack</name>
         <uninitialized>true</uninitialized>
         <run_address>0x3b0</run_address>
         <size>0x0</size>
      </object_component>
      <object_component id="oc-15b">
         <name>.text:main</name>
         <load_address>0xc000</load_address>
         <run_address>0xc000</run_address>
         <size>0x4b6</size>
         <input_file_ref idref="fl-5"/>
      </object_component>
      <object_component id="oc-36a">
         <name>.text:__mspabi_divull</name>
         <load_address>0xc4b6</load_address>
         <run_address>0xc4b6</run_address>
         <size>0x360</size>
         <input_file_ref idref="fl-40"/>
      </object_component>
      <object_component id="oc-25a">
         <name>.text:BME280_compensate_P_int64</name>
         <load_address>0xc816</load_address>
         <run_address>0xc816</run_address>
         <size>0x336</size>
         <input_file_ref idref="fl-2"/>
      </object_component>
      <object_component id="oc-1a8">
         <name>.text:BME280_read</name>
         <load_address>0xcb4c</load_address>
         <run_address>0xcb4c</run_address>
         <size>0x1b4</size>
         <input_file_ref idref="fl-2"/>
      </object_component>
      <object_component id="oc-235">
         <name>.text:BME280_readCalibrationValues</name>
         <load_address>0xcd00</load_address>
         <run_address>0xcd00</run_address>
         <size>0x168</size>
         <input_file_ref idref="fl-2"/>
      </object_component>
      <object_component id="oc-302">
         <name>.text:__mspabi_divlli</name>
         <load_address>0xce68</load_address>
         <run_address>0xce68</run_address>
         <size>0x148</size>
         <input_file_ref idref="fl-3f"/>
      </object_component>
      <object_component id="oc-260">
         <name>.text:BME280_compensate_H_int32</name>
         <load_address>0xcfb0</load_address>
         <run_address>0xcfb0</run_address>
         <size>0x12c</size>
         <input_file_ref idref="fl-2"/>
      </object_component>
      <object_component id="oc-2f1">
         <name>.text:__mpyll</name>
         <load_address>0xd0dc</load_address>
         <run_address>0xd0dc</run_address>
         <size>0x114</size>
         <input_file_ref idref="fl-37"/>
      </object_component>
      <object_component id="oc-254">
         <name>.text:BME280_compensate_T_int32</name>
         <load_address>0xd1f0</load_address>
         <run_address>0xd1f0</run_address>
         <size>0xa4</size>
         <input_file_ref idref="fl-2"/>
      </object_component>
      <object_component id="oc-34">
         <name>.text:decompress:lzss:__TI_decompress_lzss</name>
         <load_address>0xd294</load_address>
         <run_address>0xd294</run_address>
         <size>0x7c</size>
         <input_file_ref idref="fl-44"/>
      </object_component>
      <object_component id="oc-1b6">
         <name>.text:itoa</name>
         <load_address>0xd310</load_address>
         <run_address>0xd310</run_address>
         <size>0x68</size>
         <input_file_ref idref="fl-5"/>
      </object_component>
      <object_component id="oc-e1">
         <name>.text:USCIAB0TX_ISR</name>
         <load_address>0xd378</load_address>
         <run_address>0xd378</run_address>
         <size>0x64</size>
         <input_file_ref idref="fl-3"/>
      </object_component>
      <object_component id="oc-2e2">
         <name>.text:i2c_readAddress</name>
         <load_address>0xd3dc</load_address>
         <run_address>0xd3dc</run_address>
         <size>0x5c</size>
         <input_file_ref idref="fl-4"/>
      </object_component>
      <object_component id="oc-270">
         <name>.text:l_lsr_const</name>
         <load_address>0xd438</load_address>
         <run_address>0xd438</run_address>
         <size>0x5c</size>
         <input_file_ref idref="fl-35"/>
      </object_component>
      <object_component id="oc-1ae">
         <name>.text</name>
         <load_address>0xd494</load_address>
         <run_address>0xd494</run_address>
         <size>0x58</size>
         <input_file_ref idref="fl-25"/>
      </object_component>
      <object_component id="oc-19f">
         <name>.text:BME280_init</name>
         <load_address>0xd4ec</load_address>
         <run_address>0xd4ec</run_address>
         <size>0x54</size>
         <input_file_ref idref="fl-2"/>
      </object_component>
      <object_component id="oc-ba">
         <name>.text</name>
         <load_address>0xd540</load_address>
         <run_address>0xd540</run_address>
         <size>0x4c</size>
         <input_file_ref idref="fl-4b"/>
      </object_component>
      <object_component id="oc-2fc">
         <name>.text:__mspabi_srall</name>
         <load_address>0xd58c</load_address>
         <run_address>0xd58c</run_address>
         <size>0x4a</size>
         <input_file_ref idref="fl-3d"/>
      </object_component>
      <object_component id="oc-387">
         <name>.text:__mspabi_srlll</name>
         <load_address>0xd5d6</load_address>
         <run_address>0xd5d6</run_address>
         <size>0x46</size>
         <input_file_ref idref="fl-4f"/>
      </object_component>
      <object_component id="oc-2f6">
         <name>.text:__mspabi_sllll</name>
         <load_address>0xd61c</load_address>
         <run_address>0xd61c</run_address>
         <size>0x44</size>
         <input_file_ref idref="fl-3e"/>
      </object_component>
      <object_component id="oc-1de">
         <name>.text:__TI_auto_init_nobinit_nopinit:__TI_auto_init_nobinit_nopinit</name>
         <load_address>0xd660</load_address>
         <run_address>0xd660</run_address>
         <size>0x42</size>
         <input_file_ref idref="fl-39"/>
      </object_component>
      <object_component id="oc-266">
         <name>.text</name>
         <load_address>0xd6a2</load_address>
         <run_address>0xd6a2</run_address>
         <size>0x40</size>
         <input_file_ref idref="fl-24"/>
      </object_component>
      <object_component id="oc-2eb">
         <name>.text:l_asr_const</name>
         <load_address>0xd6e2</load_address>
         <run_address>0xd6e2</run_address>
         <size>0x3e</size>
         <input_file_ref idref="fl-21"/>
      </object_component>
      <object_component id="oc-24f">
         <name>.text:l_lsl_const</name>
         <load_address>0xd720</load_address>
         <run_address>0xd720</run_address>
         <size>0x3e</size>
         <input_file_ref idref="fl-34"/>
      </object_component>
      <object_component id="oc-34e">
         <name>.text:TI_USCI_I2C_receiveinit</name>
         <load_address>0xd75e</load_address>
         <run_address>0xd75e</run_address>
         <size>0x38</size>
         <input_file_ref idref="fl-3"/>
      </object_component>
      <object_component id="oc-214">
         <name>.text:TI_USCI_I2C_transmitinit</name>
         <load_address>0xd796</load_address>
         <run_address>0xd796</run_address>
         <size>0x38</size>
         <input_file_ref idref="fl-3"/>
      </object_component>
      <object_component id="oc-354">
         <name>.text:TI_USCI_I2C_receive</name>
         <load_address>0xd7ce</load_address>
         <run_address>0xd7ce</run_address>
         <size>0x34</size>
         <input_file_ref idref="fl-3"/>
      </object_component>
      <object_component id="oc-223">
         <name>.text:BME280_dummyDelay</name>
         <load_address>0xd802</load_address>
         <run_address>0xd802</run_address>
         <size>0x2e</size>
         <input_file_ref idref="fl-2"/>
      </object_component>
      <object_component id="oc-2d5">
         <name>.text:i2c_write</name>
         <load_address>0xd830</load_address>
         <run_address>0xd830</run_address>
         <size>0x2e</size>
         <input_file_ref idref="fl-4"/>
      </object_component>
      <object_component id="oc-24a">
         <name>.text</name>
         <load_address>0xd85e</load_address>
         <run_address>0xd85e</run_address>
         <size>0x2c</size>
         <input_file_ref idref="fl-20"/>
      </object_component>
      <object_component id="oc-1bc">
         <name>.text</name>
         <load_address>0xd88a</load_address>
         <run_address>0xd88a</run_address>
         <size>0x2c</size>
         <input_file_ref idref="fl-22"/>
      </object_component>
      <object_component id="oc-b5">
         <name>.text</name>
         <load_address>0xd8b6</load_address>
         <run_address>0xd8b6</run_address>
         <size>0x2c</size>
         <input_file_ref idref="fl-33"/>
      </object_component>
      <object_component id="oc-26b">
         <name>.text</name>
         <load_address>0xd8e2</load_address>
         <run_address>0xd8e2</run_address>
         <size>0x26</size>
         <input_file_ref idref="fl-36"/>
      </object_component>
      <object_component id="oc-193">
         <name>.text:uart_init</name>
         <load_address>0xd908</load_address>
         <run_address>0xd908</run_address>
         <size>0x24</size>
         <input_file_ref idref="fl-5"/>
      </object_component>
      <object_component id="oc-35c">
         <name>.text:__mpyul</name>
         <load_address>0xd92c</load_address>
         <run_address>0xd92c</run_address>
         <size>0x22</size>
         <input_file_ref idref="fl-4d"/>
      </object_component>
      <object_component id="oc-1c9">
         <name>.text:ConfigureAdc_light</name>
         <load_address>0xd94e</load_address>
         <run_address>0xd94e</run_address>
         <size>0x1e</size>
         <input_file_ref idref="fl-5"/>
      </object_component>
      <object_component id="oc-18d">
         <name>.text:ConfigClocks</name>
         <load_address>0xd96c</load_address>
         <run_address>0xd96c</run_address>
         <size>0x1c</size>
         <input_file_ref idref="fl-5"/>
      </object_component>
      <object_component id="oc-1c1">
         <name>.text:ConfigureAdc_water</name>
         <load_address>0xd988</load_address>
         <run_address>0xd988</run_address>
         <size>0x1c</size>
         <input_file_ref idref="fl-5"/>
      </object_component>
      <object_component id="oc-ff">
         <name>.text:_c_int00_noargs</name>
         <load_address>0xd9a4</load_address>
         <run_address>0xd9a4</run_address>
         <size>0x1c</size>
         <input_file_ref idref="fl-38"/>
      </object_component>
      <object_component id="oc-22f">
         <name>.text:BME280_writeReg</name>
         <load_address>0xd9c0</load_address>
         <run_address>0xd9c0</run_address>
         <size>0x1a</size>
         <input_file_ref idref="fl-2"/>
      </object_component>
      <object_component id="oc-289">
         <name>.text:strreverse</name>
         <load_address>0xd9da</load_address>
         <run_address>0xd9da</run_address>
         <size>0x18</size>
         <input_file_ref idref="fl-5"/>
      </object_component>
      <object_component id="oc-364">
         <name>.text:llabs</name>
         <load_address>0xd9f2</load_address>
         <run_address>0xd9f2</run_address>
         <size>0x16</size>
         <input_file_ref idref="fl-4a"/>
      </object_component>
      <object_component id="oc-290">
         <name>.text</name>
         <load_address>0xda08</load_address>
         <run_address>0xda08</run_address>
         <size>0x16</size>
         <input_file_ref idref="fl-23"/>
      </object_component>
      <object_component id="oc-342">
         <name>.text:TI_USCI_I2C_transmit</name>
         <load_address>0xda1e</load_address>
         <run_address>0xda1e</run_address>
         <size>0x14</size>
         <input_file_ref idref="fl-3"/>
      </object_component>
      <object_component id="oc-ed">
         <name>.text:decompress:ZI:__TI_zero_init_nomemset:__TI_zero_init_nomemset</name>
         <load_address>0xda32</load_address>
         <run_address>0xda32</run_address>
         <size>0x14</size>
         <input_file_ref idref="fl-3a"/>
      </object_component>
      <object_component id="oc-23e">
         <name>.text:memset</name>
         <load_address>0xda46</load_address>
         <run_address>0xda46</run_address>
         <size>0x14</size>
         <input_file_ref idref="fl-49"/>
      </object_component>
      <object_component id="oc-3a">
         <name>.text:decompress:none:__TI_decompress_none</name>
         <load_address>0xda5a</load_address>
         <run_address>0xda5a</run_address>
         <size>0x12</size>
         <input_file_ref idref="fl-43"/>
      </object_component>
      <object_component id="oc-38d">
         <name>.text:l_lsr</name>
         <load_address>0xda6c</load_address>
         <run_address>0xda6c</run_address>
         <size>0x12</size>
         <input_file_ref idref="fl-35"/>
      </object_component>
      <object_component id="oc-cf">
         <name>.text:memcpy</name>
         <load_address>0xda7e</load_address>
         <run_address>0xda7e</run_address>
         <size>0x12</size>
         <input_file_ref idref="fl-48"/>
      </object_component>
      <object_component id="oc-244">
         <name>.text:BME280_readRegArray</name>
         <load_address>0xda90</load_address>
         <run_address>0xda90</run_address>
         <size>0x10</size>
         <input_file_ref idref="fl-2"/>
      </object_component>
      <object_component id="oc-e7">
         <name>.text:USCIAB0RX_ISR</name>
         <load_address>0xdaa0</load_address>
         <run_address>0xdaa0</run_address>
         <size>0x10</size>
         <input_file_ref idref="fl-3"/>
      </object_component>
      <object_component id="oc-bf">
         <name>.text</name>
         <load_address>0xdab0</load_address>
         <run_address>0xdab0</run_address>
         <size>0x10</size>
         <input_file_ref idref="fl-26"/>
      </object_component>
      <object_component id="oc-229">
         <name>.text:BME280_reset</name>
         <load_address>0xdac0</load_address>
         <run_address>0xdac0</run_address>
         <size>0xe</size>
         <input_file_ref idref="fl-2"/>
      </object_component>
      <object_component id="oc-187">
         <name>.text:port_init</name>
         <load_address>0xdace</load_address>
         <run_address>0xdace</run_address>
         <size>0xe</size>
         <input_file_ref idref="fl-5"/>
      </object_component>
      <object_component id="oc-199">
         <name>.text:i2c_init</name>
         <load_address>0xdadc</load_address>
         <run_address>0xdadc</run_address>
         <size>0xc</size>
         <input_file_ref idref="fl-4"/>
      </object_component>
      <object_component id="oc-33c">
         <name>.text:TI_USCI_I2C_notready</name>
         <load_address>0xdae8</load_address>
         <run_address>0xdae8</run_address>
         <size>0xa</size>
         <input_file_ref idref="fl-3"/>
      </object_component>
      <object_component id="oc-dc">
         <name>.text:_isr:__TI_ISR_TRAP</name>
         <load_address>0xdaf2</load_address>
         <run_address>0xdaf2</run_address>
         <size>0x8</size>
         <input_file_ref idref="fl-32"/>
      </object_component>
      <object_component id="oc-1d2">
         <name>.text:abort</name>
         <load_address>0xdafa</load_address>
         <run_address>0xdafa</run_address>
         <size>0x6</size>
         <input_file_ref idref="fl-45"/>
      </object_component>
      <object_component id="oc-155">
         <name>.text:_system_pre_init</name>
         <load_address>0xdb00</load_address>
         <run_address>0xdb00</run_address>
         <size>0x4</size>
         <input_file_ref idref="fl-41"/>
      </object_component>
      <object_component id="oc-2aa">
         <name>.text:_system_post_cinit</name>
         <load_address>0xdb04</load_address>
         <run_address>0xdb04</run_address>
         <size>0x2</size>
         <input_file_ref idref="fl-42"/>
      </object_component>
      <object_component id="oc-3dc">
         <name>.cinit..data.load</name>
         <load_address>0xdb06</load_address>
         <run_address>0xdb06</run_address>
         <size>0x2e</size>
      </object_component>
      <object_component id="oc-3d9">
         <name>__TI_handler_table</name>
         <load_address>0xdb34</load_address>
         <run_address>0xdb34</run_address>
         <size>0x6</size>
      </object_component>
      <object_component id="oc-3db">
         <name>.cinit..bss.load</name>
         <load_address>0xdb3a</load_address>
         <run_address>0xdb3a</run_address>
         <size>0x4</size>
      </object_component>
      <object_component id="oc-3da">
         <name>__TI_cinit_table</name>
         <load_address>0xdb3e</load_address>
         <run_address>0xdb3e</run_address>
         <size>0x8</size>
      </object_component>
      <object_component id="oc-39b">
         <name>.binit</name>
         <load_address>0xc000</load_address>
         <run_address>0xc000</run_address>
         <size>0x0</size>
      </object_component>
      <object_component id="oc-40">
         <name>.int00</name>
         <load_address>0xffe0</load_address>
         <run_address>0xffe0</run_address>
         <size>0x2</size>
         <input_file_ref idref="fl-27"/>
      </object_component>
      <object_component id="oc-41">
         <name>.int02</name>
         <load_address>0xffe4</load_address>
         <run_address>0xffe4</run_address>
         <size>0x2</size>
         <input_file_ref idref="fl-28"/>
      </object_component>
      <object_component id="oc-42">
         <name>.int03</name>
         <load_address>0xffe6</load_address>
         <run_address>0xffe6</run_address>
         <size>0x2</size>
         <input_file_ref idref="fl-29"/>
      </object_component>
      <object_component id="oc-43">
         <name>.int05</name>
         <load_address>0xffea</load_address>
         <run_address>0xffea</run_address>
         <size>0x2</size>
         <input_file_ref idref="fl-2a"/>
      </object_component>
      <object_component id="oc-44">
         <name>.int06</name>
         <load_address>0xffec</load_address>
         <run_address>0xffec</run_address>
         <size>0x2</size>
         <input_file_ref idref="fl-3"/>
      </object_component>
      <object_component id="oc-45">
         <name>.int07</name>
         <load_address>0xffee</load_address>
         <run_address>0xffee</run_address>
         <size>0x2</size>
         <input_file_ref idref="fl-3"/>
      </object_component>
      <object_component id="oc-46">
         <name>.int08</name>
         <load_address>0xfff0</load_address>
         <run_address>0xfff0</run_address>
         <size>0x2</size>
         <input_file_ref idref="fl-2b"/>
      </object_component>
      <object_component id="oc-47">
         <name>.int09</name>
         <load_address>0xfff2</load_address>
         <run_address>0xfff2</run_address>
         <size>0x2</size>
         <input_file_ref idref="fl-2c"/>
      </object_component>
      <object_component id="oc-48">
         <name>.int10</name>
         <load_address>0xfff4</load_address>
         <run_address>0xfff4</run_address>
         <size>0x2</size>
         <input_file_ref idref="fl-2d"/>
      </object_component>
      <object_component id="oc-49">
         <name>.int11</name>
         <load_address>0xfff6</load_address>
         <run_address>0xfff6</run_address>
         <size>0x2</size>
         <input_file_ref idref="fl-2e"/>
      </object_component>
      <object_component id="oc-4a">
         <name>.int12</name>
         <load_address>0xfff8</load_address>
         <run_address>0xfff8</run_address>
         <size>0x2</size>
         <input_file_ref idref="fl-2f"/>
      </object_component>
      <object_component id="oc-4b">
         <name>.int13</name>
         <load_address>0xfffa</load_address>
         <run_address>0xfffa</run_address>
         <size>0x2</size>
         <input_file_ref idref="fl-30"/>
      </object_component>
      <object_component id="oc-4c">
         <name>.int14</name>
         <load_address>0xfffc</load_address>
         <run_address>0xfffc</run_address>
         <size>0x2</size>
         <input_file_ref idref="fl-31"/>
      </object_component>
      <object_component id="oc-b4">
         <name>.reset</name>
         <load_address>0xfffe</load_address>
         <run_address>0xfffe</run_address>
         <size>0x2</size>
         <input_file_ref idref="fl-38"/>
      </object_component>
      <object_component id="oc-221">
         <name>.debug_info</name>
         <load_address>0x0</load_address>
         <run_address>0x0</run_address>
         <size>0x221</size>
         <input_file_ref idref="fl-2"/>
      </object_component>
      <object_component id="oc-2dd">
         <name>.debug_info</name>
         <load_address>0x221</load_address>
         <run_address>0x221</run_address>
         <size>0xe0</size>
         <input_file_ref idref="fl-2"/>
      </object_component>
      <object_component id="oc-230">
         <name>.debug_info</name>
         <load_address>0x301</load_address>
         <run_address>0x301</run_address>
         <size>0x16e</size>
         <input_file_ref idref="fl-2"/>
      </object_component>
      <object_component id="oc-22a">
         <name>.debug_info</name>
         <load_address>0x46f</load_address>
         <run_address>0x46f</run_address>
         <size>0x11d</size>
         <input_file_ref idref="fl-2"/>
      </object_component>
      <object_component id="oc-245">
         <name>.debug_info</name>
         <load_address>0x58c</load_address>
         <run_address>0x58c</run_address>
         <size>0x1b5</size>
         <input_file_ref idref="fl-2"/>
      </object_component>
      <object_component id="oc-255">
         <name>.debug_info</name>
         <load_address>0x741</load_address>
         <run_address>0x741</run_address>
         <size>0x249</size>
         <input_file_ref idref="fl-2"/>
      </object_component>
      <object_component id="oc-25b">
         <name>.debug_info</name>
         <load_address>0x98a</load_address>
         <run_address>0x98a</run_address>
         <size>0x375</size>
         <input_file_ref idref="fl-2"/>
      </object_component>
      <object_component id="oc-261">
         <name>.debug_info</name>
         <load_address>0xcff</load_address>
         <run_address>0xcff</run_address>
         <size>0x317</size>
         <input_file_ref idref="fl-2"/>
      </object_component>
      <object_component id="oc-1a9">
         <name>.debug_info</name>
         <load_address>0x1016</load_address>
         <run_address>0x1016</run_address>
         <size>0x3ff</size>
         <input_file_ref idref="fl-2"/>
      </object_component>
      <object_component id="oc-224">
         <name>.debug_info</name>
         <load_address>0x1415</load_address>
         <run_address>0x1415</run_address>
         <size>0x148</size>
         <input_file_ref idref="fl-2"/>
      </object_component>
      <object_component id="oc-236">
         <name>.debug_info</name>
         <load_address>0x155d</load_address>
         <run_address>0x155d</run_address>
         <size>0x1fc</size>
         <input_file_ref idref="fl-2"/>
      </object_component>
      <object_component id="oc-1a0">
         <name>.debug_info</name>
         <load_address>0x1759</load_address>
         <run_address>0x1759</run_address>
         <size>0x1c3</size>
         <input_file_ref idref="fl-2"/>
      </object_component>
      <object_component id="oc-276">
         <name>.debug_info</name>
         <load_address>0x191c</load_address>
         <run_address>0x191c</run_address>
         <size>0x291</size>
         <input_file_ref idref="fl-2"/>
      </object_component>
      <object_component id="oc-27e">
         <name>.debug_info</name>
         <load_address>0x1bad</load_address>
         <run_address>0x1bad</run_address>
         <size>0x26b</size>
         <input_file_ref idref="fl-2"/>
      </object_component>
      <object_component id="oc-ca">
         <name>.debug_info</name>
         <load_address>0x1e18</load_address>
         <run_address>0x1e18</run_address>
         <size>0x84</size>
         <input_file_ref idref="fl-2"/>
      </object_component>
      <object_component id="oc-2cc">
         <name>.debug_info</name>
         <load_address>0x1e9c</load_address>
         <run_address>0x1e9c</run_address>
         <size>0x282</size>
         <input_file_ref idref="fl-2"/>
      </object_component>
      <object_component id="oc-21b">
         <name>.debug_info</name>
         <load_address>0x211e</load_address>
         <run_address>0x211e</run_address>
         <size>0xbb</size>
         <input_file_ref idref="fl-2"/>
      </object_component>
      <object_component id="oc-144">
         <name>.debug_info</name>
         <load_address>0x21d9</load_address>
         <run_address>0x21d9</run_address>
         <size>0x374</size>
         <input_file_ref idref="fl-3"/>
      </object_component>
      <object_component id="oc-147">
         <name>.debug_info</name>
         <load_address>0x254d</load_address>
         <run_address>0x254d</run_address>
         <size>0xed</size>
         <input_file_ref idref="fl-3"/>
      </object_component>
      <object_component id="oc-e4">
         <name>.debug_info</name>
         <load_address>0x263a</load_address>
         <run_address>0x263a</run_address>
         <size>0x12e</size>
         <input_file_ref idref="fl-3"/>
      </object_component>
      <object_component id="oc-e9">
         <name>.debug_info</name>
         <load_address>0x2768</load_address>
         <run_address>0x2768</run_address>
         <size>0x12e</size>
         <input_file_ref idref="fl-3"/>
      </object_component>
      <object_component id="oc-216">
         <name>.debug_info</name>
         <load_address>0x2896</load_address>
         <run_address>0x2896</run_address>
         <size>0x1bb</size>
         <input_file_ref idref="fl-3"/>
      </object_component>
      <object_component id="oc-344">
         <name>.debug_info</name>
         <load_address>0x2a51</load_address>
         <run_address>0x2a51</run_address>
         <size>0x17c</size>
         <input_file_ref idref="fl-3"/>
      </object_component>
      <object_component id="oc-350">
         <name>.debug_info</name>
         <load_address>0x2bcd</load_address>
         <run_address>0x2bcd</run_address>
         <size>0x1b9</size>
         <input_file_ref idref="fl-3"/>
      </object_component>
      <object_component id="oc-355">
         <name>.debug_info</name>
         <load_address>0x2d86</load_address>
         <run_address>0x2d86</run_address>
         <size>0x195</size>
         <input_file_ref idref="fl-3"/>
      </object_component>
      <object_component id="oc-33e">
         <name>.debug_info</name>
         <load_address>0x2f1b</load_address>
         <run_address>0x2f1b</run_address>
         <size>0x13f</size>
         <input_file_ref idref="fl-3"/>
      </object_component>
      <object_component id="oc-349">
         <name>.debug_info</name>
         <load_address>0x305a</load_address>
         <run_address>0x305a</run_address>
         <size>0x2a2</size>
         <input_file_ref idref="fl-4"/>
      </object_component>
      <object_component id="oc-2d6">
         <name>.debug_info</name>
         <load_address>0x32fc</load_address>
         <run_address>0x32fc</run_address>
         <size>0x1c7</size>
         <input_file_ref idref="fl-4"/>
      </object_component>
      <object_component id="oc-2e3">
         <name>.debug_info</name>
         <load_address>0x34c3</load_address>
         <run_address>0x34c3</run_address>
         <size>0x28f</size>
         <input_file_ref idref="fl-4"/>
      </object_component>
      <object_component id="oc-19b">
         <name>.debug_info</name>
         <load_address>0x3752</load_address>
         <run_address>0x3752</run_address>
         <size>0x134</size>
         <input_file_ref idref="fl-4"/>
      </object_component>
      <object_component id="oc-1b4">
         <name>.debug_info</name>
         <load_address>0x3886</load_address>
         <run_address>0x3886</run_address>
         <size>0x4e6</size>
         <input_file_ref idref="fl-5"/>
      </object_component>
      <object_component id="oc-1a6">
         <name>.debug_info</name>
         <load_address>0x3d6c</load_address>
         <run_address>0x3d6c</run_address>
         <size>0xcd</size>
         <input_file_ref idref="fl-5"/>
      </object_component>
      <object_component id="oc-195">
         <name>.debug_info</name>
         <load_address>0x3e39</load_address>
         <run_address>0x3e39</run_address>
         <size>0xfe</size>
         <input_file_ref idref="fl-5"/>
      </object_component>
      <object_component id="oc-28b">
         <name>.debug_info</name>
         <load_address>0x3f37</load_address>
         <run_address>0x3f37</run_address>
         <size>0x153</size>
         <input_file_ref idref="fl-5"/>
      </object_component>
      <object_component id="oc-188">
         <name>.debug_info</name>
         <load_address>0x408a</load_address>
         <run_address>0x408a</run_address>
         <size>0xfe</size>
         <input_file_ref idref="fl-5"/>
      </object_component>
      <object_component id="oc-190">
         <name>.debug_info</name>
         <load_address>0x4188</load_address>
         <run_address>0x4188</run_address>
         <size>0x104</size>
         <input_file_ref idref="fl-5"/>
      </object_component>
      <object_component id="oc-1b7">
         <name>.debug_info</name>
         <load_address>0x428c</load_address>
         <run_address>0x428c</run_address>
         <size>0x1ca</size>
         <input_file_ref idref="fl-5"/>
      </object_component>
      <object_component id="oc-1c4">
         <name>.debug_info</name>
         <load_address>0x4456</load_address>
         <run_address>0x4456</run_address>
         <size>0x110</size>
         <input_file_ref idref="fl-5"/>
      </object_component>
      <object_component id="oc-1ca">
         <name>.debug_info</name>
         <load_address>0x4566</load_address>
         <run_address>0x4566</run_address>
         <size>0x110</size>
         <input_file_ref idref="fl-5"/>
      </object_component>
      <object_component id="oc-15c">
         <name>.debug_info</name>
         <load_address>0x4676</load_address>
         <run_address>0x4676</run_address>
         <size>0x3b3</size>
         <input_file_ref idref="fl-5"/>
      </object_component>
      <object_component id="oc-283">
         <name>.debug_info</name>
         <load_address>0x4a29</load_address>
         <run_address>0x4a29</run_address>
         <size>0x35</size>
         <input_file_ref idref="fl-5"/>
      </object_component>
      <object_component id="oc-24d">
         <name>.debug_info</name>
         <load_address>0x4a5e</load_address>
         <run_address>0x4a5e</run_address>
         <size>0x120</size>
         <input_file_ref idref="fl-20"/>
      </object_component>
      <object_component id="oc-2ec">
         <name>.debug_info</name>
         <load_address>0x4b7e</load_address>
         <run_address>0x4b7e</run_address>
         <size>0x126</size>
         <input_file_ref idref="fl-21"/>
      </object_component>
      <object_component id="oc-1bd">
         <name>.debug_info</name>
         <load_address>0x4ca4</load_address>
         <run_address>0x4ca4</run_address>
         <size>0x135</size>
         <input_file_ref idref="fl-22"/>
      </object_component>
      <object_component id="oc-291">
         <name>.debug_info</name>
         <load_address>0x4dd9</load_address>
         <run_address>0x4dd9</run_address>
         <size>0x121</size>
         <input_file_ref idref="fl-23"/>
      </object_component>
      <object_component id="oc-267">
         <name>.debug_info</name>
         <load_address>0x4efa</load_address>
         <run_address>0x4efa</run_address>
         <size>0x138</size>
         <input_file_ref idref="fl-24"/>
      </object_component>
      <object_component id="oc-1b0">
         <name>.debug_info</name>
         <load_address>0x5032</load_address>
         <run_address>0x5032</run_address>
         <size>0x123</size>
         <input_file_ref idref="fl-25"/>
      </object_component>
      <object_component id="oc-c2">
         <name>.debug_info</name>
         <load_address>0x5155</load_address>
         <run_address>0x5155</run_address>
         <size>0x12e</size>
         <input_file_ref idref="fl-26"/>
      </object_component>
      <object_component id="oc-df">
         <name>.debug_info</name>
         <load_address>0x5283</load_address>
         <run_address>0x5283</run_address>
         <size>0x10f</size>
         <input_file_ref idref="fl-32"/>
      </object_component>
      <object_component id="oc-b6">
         <name>.debug_info</name>
         <load_address>0x5392</load_address>
         <run_address>0x5392</run_address>
         <size>0x120</size>
         <input_file_ref idref="fl-33"/>
      </object_component>
      <object_component id="oc-251">
         <name>.debug_info</name>
         <load_address>0x54b2</load_address>
         <run_address>0x54b2</run_address>
         <size>0x126</size>
         <input_file_ref idref="fl-34"/>
      </object_component>
      <object_component id="oc-38f">
         <name>.debug_info</name>
         <load_address>0x55d8</load_address>
         <run_address>0x55d8</run_address>
         <size>0x120</size>
         <input_file_ref idref="fl-35"/>
      </object_component>
      <object_component id="oc-273">
         <name>.debug_info</name>
         <load_address>0x56f8</load_address>
         <run_address>0x56f8</run_address>
         <size>0x126</size>
         <input_file_ref idref="fl-35"/>
      </object_component>
      <object_component id="oc-26c">
         <name>.debug_info</name>
         <load_address>0x581e</load_address>
         <run_address>0x581e</run_address>
         <size>0x121</size>
         <input_file_ref idref="fl-36"/>
      </object_component>
      <object_component id="oc-2f4">
         <name>.debug_info</name>
         <load_address>0x593f</load_address>
         <run_address>0x593f</run_address>
         <size>0x20b</size>
         <input_file_ref idref="fl-37"/>
      </object_component>
      <object_component id="oc-b2">
         <name>.debug_info</name>
         <load_address>0x5b4a</load_address>
         <run_address>0x5b4a</run_address>
         <size>0x100</size>
         <input_file_ref idref="fl-38"/>
      </object_component>
      <object_component id="oc-102">
         <name>.debug_info</name>
         <load_address>0x5c4a</load_address>
         <run_address>0x5c4a</run_address>
         <size>0x17a</size>
         <input_file_ref idref="fl-38"/>
      </object_component>
      <object_component id="oc-2b1">
         <name>.debug_info</name>
         <load_address>0x5dc4</load_address>
         <run_address>0x5dc4</run_address>
         <size>0x3de</size>
         <input_file_ref idref="fl-39"/>
      </object_component>
      <object_component id="oc-1e2">
         <name>.debug_info</name>
         <load_address>0x61a2</load_address>
         <run_address>0x61a2</run_address>
         <size>0x1e0</size>
         <input_file_ref idref="fl-39"/>
      </object_component>
      <object_component id="oc-326">
         <name>.debug_info</name>
         <load_address>0x6382</load_address>
         <run_address>0x6382</run_address>
         <size>0x39</size>
         <input_file_ref idref="fl-39"/>
      </object_component>
      <object_component id="oc-337">
         <name>.debug_info</name>
         <load_address>0x63bb</load_address>
         <run_address>0x63bb</run_address>
         <size>0x2c</size>
         <input_file_ref idref="fl-39"/>
      </object_component>
      <object_component id="oc-2bc">
         <name>.debug_info</name>
         <load_address>0x63e7</load_address>
         <run_address>0x63e7</run_address>
         <size>0x2c</size>
         <input_file_ref idref="fl-39"/>
      </object_component>
      <object_component id="oc-32b">
         <name>.debug_info</name>
         <load_address>0x6413</load_address>
         <run_address>0x6413</run_address>
         <size>0xcd</size>
         <input_file_ref idref="fl-39"/>
      </object_component>
      <object_component id="oc-153">
         <name>.debug_info</name>
         <load_address>0x64e0</load_address>
         <run_address>0x64e0</run_address>
         <size>0x175</size>
         <input_file_ref idref="fl-3a"/>
      </object_component>
      <object_component id="oc-ef">
         <name>.debug_info</name>
         <load_address>0x6655</load_address>
         <run_address>0x6655</run_address>
         <size>0x1d2</size>
         <input_file_ref idref="fl-3a"/>
      </object_component>
      <object_component id="oc-14e">
         <name>.debug_info</name>
         <load_address>0x6827</load_address>
         <run_address>0x6827</run_address>
         <size>0x46</size>
         <input_file_ref idref="fl-3a"/>
      </object_component>
      <object_component id="oc-136">
         <name>.debug_info</name>
         <load_address>0x686d</load_address>
         <run_address>0x686d</run_address>
         <size>0x2c</size>
         <input_file_ref idref="fl-3a"/>
      </object_component>
      <object_component id="oc-2fd">
         <name>.debug_info</name>
         <load_address>0x6899</load_address>
         <run_address>0x6899</run_address>
         <size>0x193</size>
         <input_file_ref idref="fl-3d"/>
      </object_component>
      <object_component id="oc-2f7">
         <name>.debug_info</name>
         <load_address>0x6a2c</load_address>
         <run_address>0x6a2c</run_address>
         <size>0x193</size>
         <input_file_ref idref="fl-3e"/>
      </object_component>
      <object_component id="oc-371">
         <name>.debug_info</name>
         <load_address>0x6bbf</load_address>
         <run_address>0x6bbf</run_address>
         <size>0x195</size>
         <input_file_ref idref="fl-3f"/>
      </object_component>
      <object_component id="oc-304">
         <name>.debug_info</name>
         <load_address>0x6d54</load_address>
         <run_address>0x6d54</run_address>
         <size>0x1f1</size>
         <input_file_ref idref="fl-3f"/>
      </object_component>
      <object_component id="oc-393">
         <name>.debug_info</name>
         <load_address>0x6f45</load_address>
         <run_address>0x6f45</run_address>
         <size>0x15c</size>
         <input_file_ref idref="fl-40"/>
      </object_component>
      <object_component id="oc-36b">
         <name>.debug_info</name>
         <load_address>0x70a1</load_address>
         <run_address>0x70a1</run_address>
         <size>0x337</size>
         <input_file_ref idref="fl-40"/>
      </object_component>
      <object_component id="oc-158">
         <name>.debug_info</name>
         <load_address>0x73d8</load_address>
         <run_address>0x73d8</run_address>
         <size>0x153</size>
         <input_file_ref idref="fl-41"/>
      </object_component>
      <object_component id="oc-2ac">
         <name>.debug_info</name>
         <load_address>0x752b</load_address>
         <run_address>0x752b</run_address>
         <size>0x150</size>
         <input_file_ref idref="fl-42"/>
      </object_component>
      <object_component id="oc-db">
         <name>.debug_info</name>
         <load_address>0x767b</load_address>
         <run_address>0x767b</run_address>
         <size>0x180</size>
         <input_file_ref idref="fl-43"/>
      </object_component>
      <object_component id="oc-3d">
         <name>.debug_info</name>
         <load_address>0x77fb</load_address>
         <run_address>0x77fb</run_address>
         <size>0x1ea</size>
         <input_file_ref idref="fl-43"/>
      </object_component>
      <object_component id="oc-d6">
         <name>.debug_info</name>
         <load_address>0x79e5</load_address>
         <run_address>0x79e5</run_address>
         <size>0x46</size>
         <input_file_ref idref="fl-43"/>
      </object_component>
      <object_component id="oc-13b">
         <name>.debug_info</name>
         <load_address>0x7a2b</load_address>
         <run_address>0x7a2b</run_address>
         <size>0x2c</size>
         <input_file_ref idref="fl-43"/>
      </object_component>
      <object_component id="oc-133">
         <name>.debug_info</name>
         <load_address>0x7a57</load_address>
         <run_address>0x7a57</run_address>
         <size>0x176</size>
         <input_file_ref idref="fl-44"/>
      </object_component>
      <object_component id="oc-37">
         <name>.debug_info</name>
         <load_address>0x7bcd</load_address>
         <run_address>0x7bcd</run_address>
         <size>0x292</size>
         <input_file_ref idref="fl-44"/>
      </object_component>
      <object_component id="oc-c5">
         <name>.debug_info</name>
         <load_address>0x7e5f</load_address>
         <run_address>0x7e5f</run_address>
         <size>0x60</size>
         <input_file_ref idref="fl-44"/>
      </object_component>
      <object_component id="oc-177">
         <name>.debug_info</name>
         <load_address>0x7ebf</load_address>
         <run_address>0x7ebf</run_address>
         <size>0x46</size>
         <input_file_ref idref="fl-44"/>
      </object_component>
      <object_component id="oc-12e">
         <name>.debug_info</name>
         <load_address>0x7f05</load_address>
         <run_address>0x7f05</run_address>
         <size>0x39</size>
         <input_file_ref idref="fl-44"/>
      </object_component>
      <object_component id="oc-1d4">
         <name>.debug_info</name>
         <load_address>0x7f3e</load_address>
         <run_address>0x7f3e</run_address>
         <size>0x122</size>
         <input_file_ref idref="fl-45"/>
      </object_component>
      <object_component id="oc-135">
         <name>.debug_info</name>
         <load_address>0x8060</load_address>
         <run_address>0x8060</run_address>
         <size>0x181</size>
         <input_file_ref idref="fl-48"/>
      </object_component>
      <object_component id="oc-d3">
         <name>.debug_info</name>
         <load_address>0x81e1</load_address>
         <run_address>0x81e1</run_address>
         <size>0x17a</size>
         <input_file_ref idref="fl-48"/>
      </object_component>
      <object_component id="oc-2e1">
         <name>.debug_info</name>
         <load_address>0x835b</load_address>
         <run_address>0x835b</run_address>
         <size>0x16d</size>
         <input_file_ref idref="fl-49"/>
      </object_component>
      <object_component id="oc-240">
         <name>.debug_info</name>
         <load_address>0x84c8</load_address>
         <run_address>0x84c8</run_address>
         <size>0x275</size>
         <input_file_ref idref="fl-49"/>
      </object_component>
      <object_component id="oc-368">
         <name>.debug_info</name>
         <load_address>0x873d</load_address>
         <run_address>0x873d</run_address>
         <size>0x14a</size>
         <input_file_ref idref="fl-4a"/>
      </object_component>
      <object_component id="oc-bc">
         <name>.debug_info</name>
         <load_address>0x8887</load_address>
         <run_address>0x8887</run_address>
         <size>0x120</size>
         <input_file_ref idref="fl-4b"/>
      </object_component>
      <object_component id="oc-35e">
         <name>.debug_info</name>
         <load_address>0x89a7</load_address>
         <run_address>0x89a7</run_address>
         <size>0x125</size>
         <input_file_ref idref="fl-4d"/>
      </object_component>
      <object_component id="oc-388">
         <name>.debug_info</name>
         <load_address>0x8acc</load_address>
         <run_address>0x8acc</run_address>
         <size>0x193</size>
         <input_file_ref idref="fl-4f"/>
      </object_component>
      <object_component id="oc-3de">
         <name>.debug_info</name>
         <load_address>0x8c5f</load_address>
         <run_address>0x8c5f</run_address>
         <size>0x9e</size>
      </object_component>
      <object_component id="oc-2d2">
         <name>.debug_line</name>
         <load_address>0x0</load_address>
         <run_address>0x0</run_address>
         <size>0x3b</size>
         <input_file_ref idref="fl-2"/>
      </object_component>
      <object_component id="oc-34b">
         <name>.debug_line</name>
         <load_address>0x3b</load_address>
         <run_address>0x3b</run_address>
         <size>0x2f</size>
         <input_file_ref idref="fl-2"/>
      </object_component>
      <object_component id="oc-234">
         <name>.debug_line</name>
         <load_address>0x6a</load_address>
         <run_address>0x6a</run_address>
         <size>0x48</size>
         <input_file_ref idref="fl-2"/>
      </object_component>
      <object_component id="oc-22e">
         <name>.debug_line</name>
         <load_address>0xb2</load_address>
         <run_address>0xb2</run_address>
         <size>0x44</size>
         <input_file_ref idref="fl-2"/>
      </object_component>
      <object_component id="oc-249">
         <name>.debug_line</name>
         <load_address>0xf6</load_address>
         <run_address>0xf6</run_address>
         <size>0x45</size>
         <input_file_ref idref="fl-2"/>
      </object_component>
      <object_component id="oc-259">
         <name>.debug_line</name>
         <load_address>0x13b</load_address>
         <run_address>0x13b</run_address>
         <size>0x49</size>
         <input_file_ref idref="fl-2"/>
      </object_component>
      <object_component id="oc-25f">
         <name>.debug_line</name>
         <load_address>0x184</load_address>
         <run_address>0x184</run_address>
         <size>0x68</size>
         <input_file_ref idref="fl-2"/>
      </object_component>
      <object_component id="oc-264">
         <name>.debug_line</name>
         <load_address>0x1ec</load_address>
         <run_address>0x1ec</run_address>
         <size>0x4c</size>
         <input_file_ref idref="fl-2"/>
      </object_component>
      <object_component id="oc-1ad">
         <name>.debug_line</name>
         <load_address>0x238</load_address>
         <run_address>0x238</run_address>
         <size>0x6c</size>
         <input_file_ref idref="fl-2"/>
      </object_component>
      <object_component id="oc-227">
         <name>.debug_line</name>
         <load_address>0x2a4</load_address>
         <run_address>0x2a4</run_address>
         <size>0x4e</size>
         <input_file_ref idref="fl-2"/>
      </object_component>
      <object_component id="oc-23a">
         <name>.debug_line</name>
         <load_address>0x2f2</load_address>
         <run_address>0x2f2</run_address>
         <size>0x62</size>
         <input_file_ref idref="fl-2"/>
      </object_component>
      <object_component id="oc-1a3">
         <name>.debug_line</name>
         <load_address>0x354</load_address>
         <run_address>0x354</run_address>
         <size>0x4a</size>
         <input_file_ref idref="fl-2"/>
      </object_component>
      <object_component id="oc-279">
         <name>.debug_line</name>
         <load_address>0x39e</load_address>
         <run_address>0x39e</run_address>
         <size>0x2f</size>
         <input_file_ref idref="fl-2"/>
      </object_component>
      <object_component id="oc-281">
         <name>.debug_line</name>
         <load_address>0x3cd</load_address>
         <run_address>0x3cd</run_address>
         <size>0x72</size>
         <input_file_ref idref="fl-2"/>
      </object_component>
      <object_component id="oc-cd">
         <name>.debug_line</name>
         <load_address>0x43f</load_address>
         <run_address>0x43f</run_address>
         <size>0x20</size>
         <input_file_ref idref="fl-2"/>
      </object_component>
      <object_component id="oc-2cf">
         <name>.debug_line</name>
         <load_address>0x45f</load_address>
         <run_address>0x45f</run_address>
         <size>0x76</size>
         <input_file_ref idref="fl-2"/>
      </object_component>
      <object_component id="oc-21e">
         <name>.debug_line</name>
         <load_address>0x4d5</load_address>
         <run_address>0x4d5</run_address>
         <size>0x73</size>
         <input_file_ref idref="fl-2"/>
      </object_component>
      <object_component id="oc-181">
         <name>.debug_line</name>
         <load_address>0x548</load_address>
         <run_address>0x548</run_address>
         <size>0x76</size>
         <input_file_ref idref="fl-3"/>
      </object_component>
      <object_component id="oc-183">
         <name>.debug_line</name>
         <load_address>0x5be</load_address>
         <run_address>0x5be</run_address>
         <size>0x3b</size>
         <input_file_ref idref="fl-3"/>
      </object_component>
      <object_component id="oc-e2">
         <name>.debug_line</name>
         <load_address>0x5f9</load_address>
         <run_address>0x5f9</run_address>
         <size>0x70</size>
         <input_file_ref idref="fl-3"/>
      </object_component>
      <object_component id="oc-e8">
         <name>.debug_line</name>
         <load_address>0x669</load_address>
         <run_address>0x669</run_address>
         <size>0x55</size>
         <input_file_ref idref="fl-3"/>
      </object_component>
      <object_component id="oc-215">
         <name>.debug_line</name>
         <load_address>0x6be</load_address>
         <run_address>0x6be</run_address>
         <size>0x5a</size>
         <input_file_ref idref="fl-3"/>
      </object_component>
      <object_component id="oc-343">
         <name>.debug_line</name>
         <load_address>0x718</load_address>
         <run_address>0x718</run_address>
         <size>0x54</size>
         <input_file_ref idref="fl-3"/>
      </object_component>
      <object_component id="oc-34f">
         <name>.debug_line</name>
         <load_address>0x76c</load_address>
         <run_address>0x76c</run_address>
         <size>0x5a</size>
         <input_file_ref idref="fl-3"/>
      </object_component>
      <object_component id="oc-358">
         <name>.debug_line</name>
         <load_address>0x7c6</load_address>
         <run_address>0x7c6</run_address>
         <size>0x61</size>
         <input_file_ref idref="fl-3"/>
      </object_component>
      <object_component id="oc-33d">
         <name>.debug_line</name>
         <load_address>0x827</load_address>
         <run_address>0x827</run_address>
         <size>0x51</size>
         <input_file_ref idref="fl-3"/>
      </object_component>
      <object_component id="oc-382">
         <name>.debug_line</name>
         <load_address>0x878</load_address>
         <run_address>0x878</run_address>
         <size>0x3b</size>
         <input_file_ref idref="fl-4"/>
      </object_component>
      <object_component id="oc-2d9">
         <name>.debug_line</name>
         <load_address>0x8b3</load_address>
         <run_address>0x8b3</run_address>
         <size>0x47</size>
         <input_file_ref idref="fl-4"/>
      </object_component>
      <object_component id="oc-2e7">
         <name>.debug_line</name>
         <load_address>0x8fa</load_address>
         <run_address>0x8fa</run_address>
         <size>0x49</size>
         <input_file_ref idref="fl-4"/>
      </object_component>
      <object_component id="oc-19a">
         <name>.debug_line</name>
         <load_address>0x943</load_address>
         <run_address>0x943</run_address>
         <size>0x40</size>
         <input_file_ref idref="fl-4"/>
      </object_component>
      <object_component id="oc-27d">
         <name>.debug_line</name>
         <load_address>0x983</load_address>
         <run_address>0x983</run_address>
         <size>0x83</size>
         <input_file_ref idref="fl-5"/>
      </object_component>
      <object_component id="oc-23d">
         <name>.debug_line</name>
         <load_address>0xa06</load_address>
         <run_address>0xa06</run_address>
         <size>0x2d</size>
         <input_file_ref idref="fl-5"/>
      </object_component>
      <object_component id="oc-194">
         <name>.debug_line</name>
         <load_address>0xa33</load_address>
         <run_address>0xa33</run_address>
         <size>0x49</size>
         <input_file_ref idref="fl-5"/>
      </object_component>
      <object_component id="oc-28a">
         <name>.debug_line</name>
         <load_address>0xa7c</load_address>
         <run_address>0xa7c</run_address>
         <size>0x49</size>
         <input_file_ref idref="fl-5"/>
      </object_component>
      <object_component id="oc-18c">
         <name>.debug_line</name>
         <load_address>0xac5</load_address>
         <run_address>0xac5</run_address>
         <size>0x44</size>
         <input_file_ref idref="fl-5"/>
      </object_component>
      <object_component id="oc-18f">
         <name>.debug_line</name>
         <load_address>0xb09</load_address>
         <run_address>0xb09</run_address>
         <size>0x47</size>
         <input_file_ref idref="fl-5"/>
      </object_component>
      <object_component id="oc-1ba">
         <name>.debug_line</name>
         <load_address>0xb50</load_address>
         <run_address>0xb50</run_address>
         <size>0x64</size>
         <input_file_ref idref="fl-5"/>
      </object_component>
      <object_component id="oc-1c2">
         <name>.debug_line</name>
         <load_address>0xbb4</load_address>
         <run_address>0xbb4</run_address>
         <size>0x47</size>
         <input_file_ref idref="fl-5"/>
      </object_component>
      <object_component id="oc-1cd">
         <name>.debug_line</name>
         <load_address>0xbfb</load_address>
         <run_address>0xbfb</run_address>
         <size>0x47</size>
         <input_file_ref idref="fl-5"/>
      </object_component>
      <object_component id="oc-15f">
         <name>.debug_line</name>
         <load_address>0xc42</load_address>
         <run_address>0xc42</run_address>
         <size>0x1e0</size>
         <input_file_ref idref="fl-5"/>
      </object_component>
      <object_component id="oc-286">
         <name>.debug_line</name>
         <load_address>0xe22</load_address>
         <run_address>0xe22</run_address>
         <size>0x77</size>
         <input_file_ref idref="fl-5"/>
      </object_component>
      <object_component id="oc-24b">
         <name>.debug_line</name>
         <load_address>0xe99</load_address>
         <run_address>0xe99</run_address>
         <size>0x4e</size>
         <input_file_ref idref="fl-20"/>
      </object_component>
      <object_component id="oc-2ef">
         <name>.debug_line</name>
         <load_address>0xee7</load_address>
         <run_address>0xee7</run_address>
         <size>0x56</size>
         <input_file_ref idref="fl-21"/>
      </object_component>
      <object_component id="oc-1c0">
         <name>.debug_line</name>
         <load_address>0xf3d</load_address>
         <run_address>0xf3d</run_address>
         <size>0x4d</size>
         <input_file_ref idref="fl-22"/>
      </object_component>
      <object_component id="oc-294">
         <name>.debug_line</name>
         <load_address>0xf8a</load_address>
         <run_address>0xf8a</run_address>
         <size>0x43</size>
         <input_file_ref idref="fl-23"/>
      </object_component>
      <object_component id="oc-26a">
         <name>.debug_line</name>
         <load_address>0xfcd</load_address>
         <run_address>0xfcd</run_address>
         <size>0x5a</size>
         <input_file_ref idref="fl-24"/>
      </object_component>
      <object_component id="oc-1af">
         <name>.debug_line</name>
         <load_address>0x1027</load_address>
         <run_address>0x1027</run_address>
         <size>0x64</size>
         <input_file_ref idref="fl-25"/>
      </object_component>
      <object_component id="oc-c1">
         <name>.debug_line</name>
         <load_address>0x108b</load_address>
         <run_address>0x108b</run_address>
         <size>0x40</size>
         <input_file_ref idref="fl-26"/>
      </object_component>
      <object_component id="oc-de">
         <name>.debug_line</name>
         <load_address>0x10cb</load_address>
         <run_address>0x10cb</run_address>
         <size>0x3d</size>
         <input_file_ref idref="fl-32"/>
      </object_component>
      <object_component id="oc-b9">
         <name>.debug_line</name>
         <load_address>0x1108</load_address>
         <run_address>0x1108</run_address>
         <size>0x4e</size>
         <input_file_ref idref="fl-33"/>
      </object_component>
      <object_component id="oc-253">
         <name>.debug_line</name>
         <load_address>0x1156</load_address>
         <run_address>0x1156</run_address>
         <size>0x56</size>
         <input_file_ref idref="fl-34"/>
      </object_component>
      <object_component id="oc-38e">
         <name>.debug_line</name>
         <load_address>0x11ac</load_address>
         <run_address>0x11ac</run_address>
         <size>0x42</size>
         <input_file_ref idref="fl-35"/>
      </object_component>
      <object_component id="oc-271">
         <name>.debug_line</name>
         <load_address>0x11ee</load_address>
         <run_address>0x11ee</run_address>
         <size>0x65</size>
         <input_file_ref idref="fl-35"/>
      </object_component>
      <object_component id="oc-26f">
         <name>.debug_line</name>
         <load_address>0x1253</load_address>
         <run_address>0x1253</run_address>
         <size>0x4b</size>
         <input_file_ref idref="fl-36"/>
      </object_component>
      <object_component id="oc-2f2">
         <name>.debug_line</name>
         <load_address>0x129e</load_address>
         <run_address>0x129e</run_address>
         <size>0xa6</size>
         <input_file_ref idref="fl-37"/>
      </object_component>
      <object_component id="oc-12a">
         <name>.debug_line</name>
         <load_address>0x1344</load_address>
         <run_address>0x1344</run_address>
         <size>0x2a</size>
         <input_file_ref idref="fl-38"/>
      </object_component>
      <object_component id="oc-101">
         <name>.debug_line</name>
         <load_address>0x136e</load_address>
         <run_address>0x136e</run_address>
         <size>0x46</size>
         <input_file_ref idref="fl-38"/>
      </object_component>
      <object_component id="oc-325">
         <name>.debug_line</name>
         <load_address>0x13b4</load_address>
         <run_address>0x13b4</run_address>
         <size>0xbf</size>
         <input_file_ref idref="fl-39"/>
      </object_component>
      <object_component id="oc-1e0">
         <name>.debug_line</name>
         <load_address>0x1473</load_address>
         <run_address>0x1473</run_address>
         <size>0x73</size>
         <input_file_ref idref="fl-39"/>
      </object_component>
      <object_component id="oc-329">
         <name>.debug_line</name>
         <load_address>0x14e6</load_address>
         <run_address>0x14e6</run_address>
         <size>0x2e</size>
         <input_file_ref idref="fl-39"/>
      </object_component>
      <object_component id="oc-33a">
         <name>.debug_line</name>
         <load_address>0x1514</load_address>
         <run_address>0x1514</run_address>
         <size>0x9a</size>
         <input_file_ref idref="fl-39"/>
      </object_component>
      <object_component id="oc-2bf">
         <name>.debug_line</name>
         <load_address>0x15ae</load_address>
         <run_address>0x15ae</run_address>
         <size>0x97</size>
         <input_file_ref idref="fl-39"/>
      </object_component>
      <object_component id="oc-32e">
         <name>.debug_line</name>
         <load_address>0x1645</load_address>
         <run_address>0x1645</run_address>
         <size>0x93</size>
         <input_file_ref idref="fl-39"/>
      </object_component>
      <object_component id="oc-185">
         <name>.debug_line</name>
         <load_address>0x16d8</load_address>
         <run_address>0x16d8</run_address>
         <size>0x20</size>
         <input_file_ref idref="fl-3a"/>
      </object_component>
      <object_component id="oc-f1">
         <name>.debug_line</name>
         <load_address>0x16f8</load_address>
         <run_address>0x16f8</run_address>
         <size>0x4f</size>
         <input_file_ref idref="fl-3a"/>
      </object_component>
      <object_component id="oc-151">
         <name>.debug_line</name>
         <load_address>0x1747</load_address>
         <run_address>0x1747</run_address>
         <size>0x34</size>
         <input_file_ref idref="fl-3a"/>
      </object_component>
      <object_component id="oc-139">
         <name>.debug_line</name>
         <load_address>0x177b</load_address>
         <run_address>0x177b</run_address>
         <size>0x92</size>
         <input_file_ref idref="fl-3a"/>
      </object_component>
      <object_component id="oc-301">
         <name>.debug_line</name>
         <load_address>0x180d</load_address>
         <run_address>0x180d</run_address>
         <size>0x53</size>
         <input_file_ref idref="fl-3d"/>
      </object_component>
      <object_component id="oc-2fb">
         <name>.debug_line</name>
         <load_address>0x1860</load_address>
         <run_address>0x1860</run_address>
         <size>0x53</size>
         <input_file_ref idref="fl-3e"/>
      </object_component>
      <object_component id="oc-395">
         <name>.debug_line</name>
         <load_address>0x18b3</load_address>
         <run_address>0x18b3</run_address>
         <size>0x2c</size>
         <input_file_ref idref="fl-3f"/>
      </object_component>
      <object_component id="oc-306">
         <name>.debug_line</name>
         <load_address>0x18df</load_address>
[...]
      </symbol>
      <symbol id="sm-251">
         <name>__mspabi_sral_7</name>
         <value>0xd702</value>
         <object_component_ref idref="oc-2eb"/>
      </symbol>
      <symbol id="sm-252">
         <name>__mspabi_sral_4</name>
         <value>0xd70e</value>
         <object_component_ref idref="oc-2eb"/>
      </symbol>
      <symbol id="sm-253">
         <name>__mspabi_sral_5</name>
         <value>0xd70a</value>
         <object_component_ref idref="oc-2eb"/>
      </symbol>
      <symbol id="sm-254">
         <name>__mspabi_sral_2</name>
         <value>0xd716</value>
         <object_component_ref idref="oc-2eb"/>
      </symbol>
      <symbol id="sm-255">
         <name>__mspabi_sral_3</name>
         <value>0xd712</value>
         <object_component_ref idref="oc-2eb"/>
      </symbol>
      <symbol id="sm-256">
         <name>__mspabi_sral_1</name>
         <value>0xd71a</value>
         <object_component_ref idref="oc-2eb"/>
      </symbol>
      <symbol id="sm-262">
         <name>__mspabi_remi</name>
         <value>0xd88a</value>
         <object_component_ref idref="oc-1bc"/>
      </symbol>
      <symbol id="sm-263">
         <name>__mspabi_divi</name>
         <value>0xd88a</value>
         <object_component_ref idref="oc-1bc"/>
      </symbol>
      <symbol id="sm-26d">
         <name>__mspabi_remu</name>
         <value>0xda08</value>
         <object_component_ref idref="oc-290"/>
      </symbol>
      <symbol id="sm-26e">
         <name>__mspabi_divu</name>
         <value>0xda08</value>
         <object_component_ref idref="oc-290"/>
      </symbol>
      <symbol id="sm-27a">
         <name>__mspabi_remli</name>
         <value>0xd6a2</value>
         <object_component_ref idref="oc-266"/>
      </symbol>
      <symbol id="sm-27b">
         <name>__mspabi_divli</name>
         <value>0xd6a2</value>
         <object_component_ref idref="oc-266"/>
      </symbol>
      <symbol id="sm-289">
         <name>__mspabi_remul</name>
         <value>0xd494</value>
         <object_component_ref idref="oc-1ae"/>
      </symbol>
      <symbol id="sm-28a">
         <name>__mspabi_divul</name>
         <value>0xd494</value>
         <object_component_ref idref="oc-1ae"/>
      </symbol>
      <symbol id="sm-293">
         <name>__mspabi_func_epilog_2</name>
         <value>0xdaba</value>
         <object_component_ref idref="oc-bf"/>
      </symbol>
      <symbol id="sm-294">
         <name>__mspabi_func_epilog_3</name>
         <value>0xdab8</value>
         <object_component_ref idref="oc-bf"/>
      </symbol>
      <symbol id="sm-295">
         <name>__mspabi_func_epilog_1</name>
         <value>0xdabc</value>
         <object_component_ref idref="oc-bf"/>
      </symbol>
      <symbol id="sm-296">
         <name>__mspabi_func_epilog_6</name>
         <value>0xdab2</value>
         <object_component_ref idref="oc-bf"/>
      </symbol>
      <symbol id="sm-297">
         <name>__mspabi_func_epilog_7</name>
         <value>0xdab0</value>
         <object_component_ref idref="oc-bf"/>
      </symbol>
      <symbol id="sm-298">
         <name>__mspabi_func_epilog_4</name>
         <value>0xdab6</value>
         <object_component_ref idref="oc-bf"/>
      </symbol>
      <symbol id="sm-299">
         <name>__mspabi_func_epilog_5</name>
         <value>0xdab4</value>
         <object_component_ref idref="oc-bf"/>
      </symbol>
      <symbol id="sm-29c">
         <name>__TI_int00</name>
         <value>0xffe0</value>
         <object_component_ref idref="oc-40"/>
      </symbol>
      <symbol id="sm-29f">
         <name>__TI_int02</name>
         <value>0xffe4</value>
         <object_component_ref idref="oc-41"/>
      </symbol>
      <symbol id="sm-2a2">
         <name>__TI_int03</name>
         <value>0xffe6</value>
         <object_component_ref idref="oc-42"/>
      </symbol>
      <symbol id="sm-2a5">
         <name>__TI_int05</name>
         <value>0xffea</value>
         <object_component_ref idref="oc-43"/>
      </symbol>
      <symbol id="sm-2a8">
         <name>__TI_int08</name>
         <value>0xfff0</value>
         <object_component_ref idref="oc-46"/>
      </symbol>
      <symbol id="sm-2ab">
         <name>__TI_int09</name>
         <value>0xfff2</value>
         <object_component_ref idref="oc-47"/>
      </symbol>
      <symbol id="sm-2ae">
         <name>__TI_int10</name>
         <value>0xfff4</value>
         <object_component_ref idref="oc-48"/>
      </symbol>
      <symbol id="sm-2b1">
         <name>__TI_int11</name>
         <value>0xfff6</value>
         <object_component_ref idref="oc-49"/>
      </symbol>
      <symbol id="sm-2b4">
         <name>__TI_int12</name>
         <value>0xfff8</value>
         <object_component_ref idref="oc-4a"/>
      </symbol>
      <symbol id="sm-2b7">
         <name>__TI_int13</name>
         <value>0xfffa</value>
         <object_component_ref idref="oc-4b"/>
      </symbol>
      <symbol id="sm-2ba">
         <name>__TI_int14</name>
         <value>0xfffc</value>
         <object_component_ref idref="oc-4c"/>
      </symbol>
      <symbol id="sm-2c2">
         <name>__TI_ISR_TRAP</name>
         <value>0xdaf2</value>
         <object_component_ref idref="oc-dc"/>
      </symbol>
      <symbol id="sm-2ca">
         <name>__mspabi_slli</name>
         <value>0xd8b6</value>
         <object_component_ref idref="oc-b5"/>
      </symbol>
      <symbol id="sm-2cb">
         <name>__mspabi_slli_9</name>
         <value>0xd8ce</value>
         <object_component_ref idref="oc-b5"/>
      </symbol>
      <symbol id="sm-2cc">
         <name>__mspabi_slli_8</name>
         <value>0xd8d0</value>
         <object_component_ref idref="oc-b5"/>
      </symbol>
      <symbol id="sm-2cd">
         <name>__mspabi_slli_7</name>
         <value>0xd8d2</value>
         <object_component_ref idref="oc-b5"/>
      </symbol>
      <symbol id="sm-2ce">
         <name>__mspabi_slli_6</name>
         <value>0xd8d4</value>
         <object_component_ref idref="oc-b5"/>
      </symbol>
      <symbol id="sm-2cf">
         <name>__mspabi_slli_5</name>
         <value>0xd8d6</value>
         <object_component_ref idref="oc-b5"/>
      </symbol>
      <symbol id="sm-2d0">
         <name>__mspabi_slli_4</name>
         <value>0xd8d8</value>
         <object_component_ref idref="oc-b5"/>
      </symbol>
      <symbol id="sm-2d1">
         <name>__mspabi_slli_3</name>
         <value>0xd8da</value>
         <object_component_ref idref="oc-b5"/>
      </symbol>
      <symbol id="sm-2d2">
         <name>__mspabi_slli_2</name>
         <value>0xd8dc</value>
         <object_component_ref idref="oc-b5"/>
      </symbol>
      <symbol id="sm-2d3">
         <name>__mspabi_slli_1</name>
         <value>0xd8de</value>
         <object_component_ref idref="oc-b5"/>
      </symbol>
      <symbol id="sm-2d4">
         <name>__mspabi_slli_15</name>
         <value>0xd8c2</value>
         <object_component_ref idref="oc-b5"/>
      </symbol>
      <symbol id="sm-2d5">
         <name>__mspabi_slli_14</name>
         <value>0xd8c4</value>
         <object_component_ref idref="oc-b5"/>
      </symbol>
      <symbol id="sm-2d6">
         <name>__mspabi_slli_13</name>
         <value>0xd8c6</value>
         <object_component_ref idref="oc-b5"/>
      </symbol>
      <symbol id="sm-2d7">
         <name>__mspabi_slli_12</name>
         <value>0xd8c8</value>
         <object_component_ref idref="oc-b5"/>
      </symbol>
      <symbol id="sm-2d8">
         <name>__mspabi_slli_11</name>
         <value>0xd8ca</value>
         <object_component_ref idref="oc-b5"/>
      </symbol>
      <symbol id="sm-2d9">
         <name>__mspabi_slli_10</name>
         <value>0xd8cc</value>
         <object_component_ref idref="oc-b5"/>
      </symbol>
      <symbol id="sm-2e1">
         <name>__mspabi_slll_9</name>
         <value>0xd738</value>
         <object_component_ref idref="oc-24f"/>
      </symbol>
      <symbol id="sm-2e2">
         <name>__mspabi_slll_8</name>
         <value>0xd73c</value>
         <object_component_ref idref="oc-24f"/>
      </symbol>
      <symbol id="sm-2e3">
         <name>__mspabi_slll_7</name>
         <value>0xd740</value>
         <object_component_ref idref="oc-24f"/>
      </symbol>
      <symbol id="sm-2e4">
         <name>__mspabi_slll_6</name>
         <value>0xd744</value>
         <object_component_ref idref="oc-24f"/>
      </symbol>
      <symbol id="sm-2e5">
         <name>__mspabi_slll_5</name>
         <value>0xd748</value>
         <object_component_ref idref="oc-24f"/>
      </symbol>
      <symbol id="sm-2e6">
         <name>__mspabi_slll_4</name>
         <value>0xd74c</value>
         <object_component_ref idref="oc-24f"/>
      </symbol>
      <symbol id="sm-2e7">
         <name>__mspabi_slll_3</name>
         <value>0xd750</value>
         <object_component_ref idref="oc-24f"/>
      </symbol>
      <symbol id="sm-2e8">
         <name>__mspabi_slll_2</name>
         <value>0xd754</value>
         <object_component_ref idref="oc-24f"/>
      </symbol>
      <symbol id="sm-2e9">
         <name>__mspabi_slll_1</name>
         <value>0xd758</value>
         <object_component_ref idref="oc-24f"/>
      </symbol>
      <symbol id="sm-2ea">
         <name>__mspabi_slll_15</name>
         <value>0xd720</value>
         <object_component_ref idref="oc-24f"/>
      </symbol>
      <symbol id="sm-2eb">
         <name>__mspabi_slll_14</name>
         <value>0xd724</value>
         <object_component_ref idref="oc-24f"/>
      </symbol>
      <symbol id="sm-2ec">
         <name>__mspabi_slll_13</name>
         <value>0xd728</value>
         <object_component_ref idref="oc-24f"/>
      </symbol>
      <symbol id="sm-2ed">
         <name>__mspabi_slll_12</name>
         <value>0xd72c</value>
         <object_component_ref idref="oc-24f"/>
      </symbol>
      <symbol id="sm-2ee">
         <name>__mspabi_slll_11</name>
         <value>0xd730</value>
         <object_component_ref idref="oc-24f"/>
      </symbol>
      <symbol id="sm-2ef">
         <name>__mspabi_slll_10</name>
         <value>0xd734</value>
         <object_component_ref idref="oc-24f"/>
      </symbol>
      <symbol id="sm-2ff">
         <name>__mspabi_srll_8</name>
         <value>0xd462</value>
         <object_component_ref idref="oc-270"/>
      </symbol>
      <symbol id="sm-300">
         <name>__mspabi_srll_9</name>
         <value>0xd45c</value>
         <object_component_ref idref="oc-270"/>
      </symbol>
      <symbol id="sm-301">
         <name>__mspabi_srll_6</name>
         <value>0xd46e</value>
         <object_component_ref idref="oc-270"/>
      </symbol>
      <symbol id="sm-302">
         <name>__mspabi_srll_7</name>
         <value>0xd468</value>
         <object_component_ref idref="oc-270"/>
      </symbol>
      <symbol id="sm-303">
         <name>__mspabi_srll_4</name>
         <value>0xd47a</value>
         <object_component_ref idref="oc-270"/>
      </symbol>
      <symbol id="sm-304">
         <name>__mspabi_srll_5</name>
         <value>0xd474</value>
         <object_component_ref idref="oc-270"/>
      </symbol>
      <symbol id="sm-305">
         <name>__mspabi_srll_2</name>
         <value>0xd486</value>
         <object_component_ref idref="oc-270"/>
      </symbol>
      <symbol id="sm-306">
         <name>__mspabi_srll_3</name>
         <value>0xd480</value>
         <object_component_ref idref="oc-270"/>
      </symbol>
      <symbol id="sm-307">
         <name>__mspabi_srll_1</name>
         <value>0xd48c</value>
         <object_component_ref idref="oc-270"/>
      </symbol>
      <symbol id="sm-308">
         <name>__mspabi_srll_15</name>
         <value>0xd438</value>
         <object_component_ref idref="oc-270"/>
      </symbol>
      <symbol id="sm-309">
         <name>__mspabi_srll_14</name>
         <value>0xd43e</value>
         <object_component_ref idref="oc-270"/>
      </symbol>
      <symbol id="sm-30a">
         <name>__mspabi_srll_13</name>
         <value>0xd444</value>
         <object_component_ref idref="oc-270"/>
      </symbol>
      <symbol id="sm-30b">
         <name>__mspabi_srll_12</name>
         <value>0xd44a</value>
         <object_component_ref idref="oc-270"/>
      </symbol>
      <symbol id="sm-30c">
         <name>__mspabi_srll_11</name>
         <value>0xd450</value>
         <object_component_ref idref="oc-270"/>
      </symbol>
      <symbol id="sm-30d">
         <name>__mspabi_srll_10</name>
         <value>0xd456</value>
         <object_component_ref idref="oc-270"/>
      </symbol>
      <symbol id="sm-30e">
         <name>__mspabi_srll</name>
         <value>0xda6c</value>
         <object_component_ref idref="oc-38d"/>
      </symbol>
      <symbol id="sm-318">
         <name>__mspabi_mpyl_sw</name>
         <value>0xd8e2</value>
         <object_component_ref idref="oc-26b"/>
      </symbol>
      <symbol id="sm-319">
         <name>__mspabi_mpyl</name>
         <value>0xd8e2</value>
         <object_component_ref idref="oc-26b"/>
      </symbol>
      <symbol id="sm-321">
         <name>__mspabi_mpyll</name>
         <value>0xd0dc</value>
         <object_component_ref idref="oc-2f1"/>
      </symbol>
      <symbol id="sm-322">
         <name>__mspabi_mpyll_sw</name>
         <value>0xd0dc</value>
         <object_component_ref idref="oc-2f1"/>
      </symbol>
      <symbol id="sm-332">
         <name>_stack</name>
         <value>0x3b0</value>
         <object_component_ref idref="oc-b1"/>
      </symbol>
      <symbol id="sm-333">
         <name>_c_int00_noargs</name>
         <value>0xd9a4</value>
         <object_component_ref idref="oc-ff"/>
      </symbol>
      <symbol id="sm-334">
         <name>_reset_vector</name>
         <value>0xfffe</value>
         <object_component_ref idref="oc-b4"/>
      </symbol>
      <symbol id="sm-356">
         <name>__TI_auto_init_nobinit_nopinit</name>
         <value>0xd660</value>
         <object_component_ref idref="oc-1de"/>
      </symbol>
      <symbol id="sm-36e">
         <name>__TI_zero_init_nomemset</name>
         <value>0xda32</value>
         <object_component_ref idref="oc-ed"/>
      </symbol>
      <symbol id="sm-37d">
         <name>__mspabi_srall</name>
         <value>0xd58c</value>
         <object_component_ref idref="oc-2fc"/>
      </symbol>
      <symbol id="sm-38a">
         <name>__mspabi_sllll</name>
         <value>0xd61c</value>
         <object_component_ref idref="oc-2f6"/>
      </symbol>
      <symbol id="sm-3a2">
         <name>__mspabi_divlli</name>
         <value>0xce68</value>
         <object_component_ref idref="oc-302"/>
      </symbol>
      <symbol id="sm-3d5">
         <name>__mspabi_divull</name>
         <value>0xc4b6</value>
         <object_component_ref idref="oc-36a"/>
      </symbol>
      <symbol id="sm-3de">
         <name>_system_pre_init</name>
         <value>0xdb00</value>
         <object_component_ref idref="oc-155"/>
      </symbol>
      <symbol id="sm-3e7">
         <name>_system_post_cinit</name>
         <value>0xdb04</value>
         <object_component_ref idref="oc-2aa"/>
      </symbol>
      <symbol id="sm-3fd">
         <name>__TI_decompress_none</name>
         <value>0xda5a</value>
         <object_component_ref idref="oc-3a"/>
      </symbol>
      <symbol id="sm-420">
         <name>__TI_decompress_lzss</name>
         <value>0xd294</value>
         <object_component_ref idref="oc-34"/>
      </symbol>
      <symbol id="sm-42a">
         <name>C$$EXIT</name>
         <value>0xdafa</value>
         <object_component_ref idref="oc-1d2"/>
      </symbol>
      <symbol id="sm-42b">
         <name>abort</name>
         <value>0xdafa</value>
         <object_component_ref idref="oc-1d2"/>
      </symbol>
      <symbol id="sm-43b">
         <name>memcpy</name>
         <value>0xda7e</value>
         <object_component_ref idref="oc-cf"/>
      </symbol>
      <symbol id="sm-449">
         <name>memset</name>
         <value>0xda46</value>
         <object_component_ref idref="oc-23e"/>
      </symbol>
      <symbol id="sm-453">
         <name>llabs</name>
         <value>0xd9f2</value>
         <object_component_ref idref="oc-364"/>
      </symbol>
      <symbol id="sm-45b">
         <name>__mspabi_srli_8</name>
         <value>0xd56a</value>
         <object_component_ref idref="oc-ba"/>
      </symbol>
      <symbol id="sm-45c">
         <name>__mspabi_srli_9</name>
         <value>0xd566</value>
         <object_component_ref idref="oc-ba"/>
      </symbol>
      <symbol id="sm-45d">
         <name>__mspabi_srli_6</name>
         <value>0xd572</value>
         <object_component_ref idref="oc-ba"/>
      </symbol>
      <symbol id="sm-45e">
         <name>__mspabi_srli_7</name>
         <value>0xd56e</value>
         <object_component_ref idref="oc-ba"/>
      </symbol>
      <symbol id="sm-45f">
         <name>__mspabi_srli_4</name>
         <value>0xd57a</value>
         <object_component_ref idref="oc-ba"/>
      </symbol>
      <symbol id="sm-460">
         <name>__mspabi_srli_5</name>
         <value>0xd576</value>
         <object_component_ref idref="oc-ba"/>
      </symbol>
      <symbol id="sm-461">
         <name>__mspabi_srli_2</name>
         <value>0xd582</value>
         <object_component_ref idref="oc-ba"/>
      </symbol>
      <symbol id="sm-462">
         <name>__mspabi_srli_3</name>
         <value>0xd57e</value>
         <object_component_ref idref="oc-ba"/>
      </symbol>
      <symbol id="sm-463">
         <name>__mspabi_srli_1</name>
         <value>0xd586</value>
         <object_component_ref idref="oc-ba"/>
      </symbol>
      <symbol id="sm-464">
         <name>__mspabi_srli</name>
         <value>0xd540</value>
         <object_component_ref idref="oc-ba"/>
      </symbol>
      <symbol id="sm-465">
         <name>__mspabi_srli_15</name>
         <value>0xd54e</value>
         <object_component_ref idref="oc-ba"/>
      </symbol>
      <symbol id="sm-466">
         <name>__mspabi_srli_14</name>
         <value>0xd552</value>
         <object_component_ref idref="oc-ba"/>
      </symbol>
      <symbol id="sm-467">
         <name>__mspabi_srli_13</name>
         <value>0xd556</value>
         <object_component_ref idref="oc-ba"/>
      </symbol>
      <symbol id="sm-468">
         <name>__mspabi_srli_12</name>
         <value>0xd55a</value>
         <object_component_ref idref="oc-ba"/>
      </symbol>
      <symbol id="sm-469">
         <name>__mspabi_srli_11</name>
         <value>0xd55e</value>
         <object_component_ref idref="oc-ba"/>
      </symbol>
      <symbol id="sm-46a">
         <name>__mspabi_srli_10</name>
         <value>0xd562</value>
         <object_component_ref idref="oc-ba"/>
      </symbol>
      <symbol id="sm-476">
         <name>__mspabi_mpyul_sw</name>
         <value>0xd92c</value>
         <object_component_ref idref="oc-35c"/>
      </symbol>
      <symbol id="sm-477">
         <name>__mspabi_mpyul</name>
         <value>0xd92c</value>
         <object_component_ref idref="oc-35c"/>
      </symbol>
      <symbol id="sm-485">
         <name>__mspabi_srlll</name>
         <value>0xd5d6</value>
         <object_component_ref idref="oc-387"/>
      </symbol>
   </symbol_table>
   <title>Link successful</title>
</link_info>
